0 verbose cli C:\Program Files\nodejs\node.exe C:\Program Files\nodejs\node_modules\npm\bin\npm-cli.js
1 info using npm@10.9.3
2 info using node@v22.18.0
3 silly config load:file:C:\Program Files\nodejs\node_modules\npm\npmrc
4 silly config load:file:C:\Users\jayp.JAY\OneDrive\Desktop\AI Assessment Extraction\frontend\.npmrc
5 silly config load:file:C:\Users\jayp.JAY\.npmrc
6 silly config load:file:C:\Users\jayp.JAY\AppData\Roaming\npm\etc\npmrc
7 verbose title npm ci
8 verbose argv "ci" "--cache" ".npm-cache" "--no-audit" "--no-fund"
9 verbose logfile logs-max:10 dir:C:\Users\jayp.JAY\OneDrive\Desktop\AI Assessment Extraction\frontend\.npm-cache\_logs\2026-08-26T17_24_55_185Z-
10 verbose logfile C:\Users\jayp.JAY\OneDrive\Desktop\AI Assessment Extraction\frontend\.npm-cache\_logs\2026-08-26T17_24_55_185Z-debug-0.log
11 silly logfile done cleaning log files
12 silly packumentCache heap:4345298944 maxSize:1086324736 maxEntrySize:543162368
13 silly idealTree buildDeps
14 silly fetch manifest @img/sharp-darwin-arm64@0.35.4
15 silly packumentCache full:https://registry.npmjs.org/@img%2fsharp-darwin-arm64 cache-miss
16 http fetch GET 200 https://registry.npmjs.org/@img%2fsharp-darwin-arm64 1985ms (cache revalidated)
17 silly packumentCache full:https://registry.npmjs.org/@img%2fsharp-darwin-arm64 set size:110251 disposed:false
18 silly fetch manifest @img/sharp-darwin-x64@0.35.4
19 silly packumentCache full:https://registry.npmjs.org/@img%2fsharp-darwin-x64 cache-miss
20 http fetch GET 200 https://registry.npmjs.org/@img%2fsharp-darwin-x64 1705ms (cache revalidated)
21 silly packumentCache full:https://registry.npmjs.org/@img%2fsharp-darwin-x64 set size:108820 disposed:false
22 silly fetch manifest @img/sharp-freebsd-wasm32@0.35.4
23 silly packumentCache full:https://registry.npmjs.org/@img%2fsharp-freebsd-wasm32 cache-miss
24 http fetch GET 200 https://registry.npmjs.org/@img%2fsharp-freebsd-wasm32 611ms (cache revalidated)
25 silly packumentCache full:https://registry.npmjs.org/@img%2fsharp-freebsd-wasm32 set size:47096 disposed:false
26 silly fetch manifest @img/sharp-libvips-darwin-arm64@1.3.3
27 silly packumentCache full:https://registry.npmjs.org/@img%2fsharp-libvips-darwin-arm64 cache-miss
28 http fetch GET 200 https://registry.npmjs.org/@img%2fsharp-libvips-darwin-arm64 1924ms (cache revalidated)
29 silly packumentCache full:https://registry.npmjs.org/@img%2fsharp-libvips-darwin-arm64 set size:88531 disposed:false
30 silly fetch manifest @img/sharp-libvips-darwin-x64@1.3.3
31 silly packumentCache full:https://registry.npmjs.org/@img%2fsharp-libvips-darwin-x64 cache-miss
32 http fetch GET 200 https://registry.npmjs.org/@img%2fsharp-libvips-darwin-x64 1487ms (cache revalidated)
33 silly packumentCache full:https://registry.npmjs.org/@img%2fsharp-libvips-darwin-x64 set size:87586 disposed:false
34 silly fetch manifest @img/sharp-libvips-linux-arm@1.3.3
35 silly packumentCache full:https://registry.npmjs.org/@img%2fsharp-libvips-linux-arm cache-miss
36 http fetch GET 200 https://registry.npmjs.org/@img%2fsharp-libvips-linux-arm 2351ms (cache revalidated)
37 silly packumentCache full:https://registry.npmjs.org/@img%2fsharp-libvips-linux-arm set size:95067 disposed:false
38 silly fetch manifest @img/sharp-libvips-linux-arm64@1.3.3
39 silly packumentCache full:https://registry.npmjs.org/@img%2fsharp-libvips-linux-arm64 cache-miss
40 http fetch GET 200 https://registry.npmjs.org/@img%2fsharp-libvips-linux-arm64 164ms (cache revalidated)
41 silly packumentCache full:https://registry.npmjs.org/@img%2fsharp-libvips-linux-arm64 set size:92171 disposed:false
42 silly fetch manifest @img/sharp-libvips-linux-ppc64@1.3.3
43 silly packumentCache full:https://registry.npmjs.org/@img%2fsharp-libvips-linux-ppc64 cache-miss
44 http fetch GET 200 https://registry.npmjs.org/@img%2fsharp-libvips-linux-ppc64 1390ms (cache revalidated)
45 silly packumentCache full:https://registry.npmjs.org/@img%2fsharp-libvips-linux-ppc64 set size:77213 disposed:false
46 silly fetch manifest @img/sharp-libvips-linux-riscv64@1.3.3
47 silly packumentCache full:https://registry.npmjs.org/@img%2fsharp-libvips-linux-riscv64 cache-miss
48 http fetch GET 200 https://registry.npmjs.org/@img%2fsharp-libvips-linux-riscv64 612ms (cache revalidated)
49 silly packumentCache full:https://registry.npmjs.org/@img%2fsharp-libvips-linux-riscv64 set size:63460 disposed:false
50 silly fetch manifest @img/sharp-libvips-linux-s390x@1.3.3
51 silly packumentCache full:https://registry.npmjs.org/@img%2fsharp-libvips-linux-s390x cache-miss
52 http fetch GET 200 https://registry.npmjs.org/@img%2fsharp-libvips-linux-s390x 1645ms (cache revalidated)
53 silly packumentCache full:https://registry.npmjs.org/@img%2fsharp-libvips-linux-s390x set size:86174 disposed:false
54 silly fetch manifest @img/sharp-libvips-linux-x64@1.3.3
55 silly packumentCache full:https://registry.npmjs.org/@img%2fsharp-libvips-linux-x64 cache-miss
56 http fetch GET 200 https://registry.npmjs.org/@img%2fsharp-libvips-linux-x64 2574ms (cache revalidated)
57 silly packumentCache full:https://registry.npmjs.org/@img%2fsharp-libvips-linux-x64 set size:90900 disposed:false
58 silly fetch manifest @img/sharp-libvips-linuxmusl-arm64@1.3.3
59 silly packumentCache full:https://registry.npmjs.org/@img%2fsharp-libvips-linuxmusl-arm64 cache-miss
60 http fetch GET 200 https://registry.npmjs.org/@img%2fsharp-libvips-linuxmusl-arm64 347ms (cache revalidated)
61 silly packumentCache full:https://registry.npmjs.org/@img%2fsharp-libvips-linuxmusl-arm64 set size:91390 disposed:false
62 silly fetch manifest @img/sharp-libvips-linuxmusl-x64@1.3.3
63 silly packumentCache full:https://registry.npmjs.org/@img%2fsharp-libvips-linuxmusl-x64 cache-miss
64 http fetch GET 200 https://registry.npmjs.org/@img%2fsharp-libvips-linuxmusl-x64 2215ms (cache revalidated)
65 silly packumentCache full:https://registry.npmjs.org/@img%2fsharp-libvips-linuxmusl-x64 set size:88274 disposed:false
66 silly fetch manifest @img/sharp-linux-arm@0.35.4
67 silly packumentCache full:https://registry.npmjs.org/@img%2fsharp-linux-arm cache-miss
68 http fetch GET 200 https://registry.npmjs.org/@img%2fsharp-linux-arm 208ms (cache revalidated)
69 silly packumentCache full:https://registry.npmjs.org/@img%2fsharp-linux-arm set size:107173 disposed:false
70 silly fetch manifest @img/sharp-linux-arm64@0.35.4
71 silly packumentCache full:https://registry.npmjs.org/@img%2fsharp-linux-arm64 cache-miss
72 http fetch GET 200 https://registry.npmjs.org/@img%2fsharp-linux-arm64 199ms (cache revalidated)
73 silly packumentCache full:https://registry.npmjs.org/@img%2fsharp-linux-arm64 set size:108045 disposed:false
74 silly fetch manifest @img/sharp-linux-ppc64@0.35.4
75 silly packumentCache full:https://registry.npmjs.org/@img%2fsharp-linux-ppc64 cache-miss
76 http fetch GET 200 https://registry.npmjs.org/@img%2fsharp-linux-ppc64 156ms (cache revalidated)
77 silly packumentCache full:https://registry.npmjs.org/@img%2fsharp-linux-ppc64 set size:72651 disposed:false
78 silly fetch manifest @img/sharp-linux-riscv64@0.35.4
79 silly packumentCache full:https://registry.npmjs.org/@img%2fsharp-linux-riscv64 cache-miss
80 http fetch GET 200 https://registry.npmjs.org/@img%2fsharp-linux-riscv64 255ms (cache revalidated)
81 silly packumentCache full:https://registry.npmjs.org/@img%2fsharp-linux-riscv64 set size:50215 disposed:false
82 silly fetch manifest @img/sharp-linux-s390x@0.35.4
83 silly packumentCache full:https://registry.npmjs.org/@img%2fsharp-linux-s390x cache-miss
84 http fetch GET 200 https://registry.npmjs.org/@img%2fsharp-linux-s390x 195ms (cache revalidated)
85 silly packumentCache full:https://registry.npmjs.org/@img%2fsharp-linux-s390x set size:105911 disposed:false
86 silly fetch manifest @img/sharp-linux-x64@0.35.4
87 silly packumentCache full:https://registry.npmjs.org/@img%2fsharp-linux-x64 cache-miss
88 http fetch GET 200 https://registry.npmjs.org/@img%2fsharp-linux-x64 214ms (cache revalidated)
89 silly packumentCache full:https://registry.npmjs.org/@img%2fsharp-linux-x64 set size:106660 disposed:false
90 silly fetch manifest @img/sharp-linuxmusl-arm64@0.35.4
91 silly packumentCache full:https://registry.npmjs.org/@img%2fsharp-linuxmusl-arm64 cache-miss
92 http fetch GET 200 https://registry.npmjs.org/@img%2fsharp-linuxmusl-arm64 257ms (cache revalidated)
93 silly packumentCache full:https://registry.npmjs.org/@img%2fsharp-linuxmusl-arm64 set size:109709 disposed:false
94 silly fetch manifest @img/sharp-linuxmusl-x64@0.35.4
95 silly packumentCache full:https://registry.npmjs.org/@img%2fsharp-linuxmusl-x64 cache-miss
96 http fetch GET 200 https://registry.npmjs.org/@img%2fsharp-linuxmusl-x64 331ms (cache revalidated)
97 silly packumentCache full:https://registry.npmjs.org/@img%2fsharp-linuxmusl-x64 set size:108319 disposed:false
98 silly fetch manifest @img/sharp-webcontainers-wasm32@0.35.4
99 silly packumentCache full:https://registry.npmjs.org/@img%2fsharp-webcontainers-wasm32 cache-miss
100 http fetch GET 200 https://registry.npmjs.org/@img%2fsharp-webcontainers-wasm32 1879ms (cache revalidated)
101 silly packumentCache full:https://registry.npmjs.org/@img%2fsharp-webcontainers-wasm32 set size:46202 disposed:false
102 silly fetch manifest @img/sharp-win32-arm64@0.35.4
103 silly packumentCache full:https://registry.npmjs.org/@img%2fsharp-win32-arm64 cache-miss
104 http fetch GET 200 https://registry.npmjs.org/@img%2fsharp-win32-arm64 253ms (cache revalidated)
105 silly packumentCache full:https://registry.npmjs.org/@img%2fsharp-win32-arm64 set size:67825 disposed:false
106 silly fetch manifest @img/sharp-win32-ia32@0.35.4
107 silly packumentCache full:https://registry.npmjs.org/@img%2fsharp-win32-ia32 cache-miss
108 http fetch GET 200 https://registry.npmjs.org/@img%2fsharp-win32-ia32 175ms (cache revalidated)
109 silly packumentCache full:https://registry.npmjs.org/@img%2fsharp-win32-ia32 set size:108835 disposed:false
110 silly fetch manifest @img/sharp-win32-x64@0.35.4
111 silly packumentCache full:https://registry.npmjs.org/@img%2fsharp-win32-x64 cache-miss
112 http fetch GET 200 https://registry.npmjs.org/@img%2fsharp-win32-x64 201ms (cache revalidated)
113 silly packumentCache full:https://registry.npmjs.org/@img%2fsharp-win32-x64 set size:107829 disposed:false
114 silly placeDep node_modules/sharp @img/sharp-darwin-arm64@0.35.4 OK for: sharp@0.35.4 want: 0.35.4
115 silly placeDep node_modules/sharp @img/sharp-darwin-x64@0.35.4 OK for: sharp@0.35.4 want: 0.35.4
116 silly placeDep node_modules/sharp @img/sharp-freebsd-wasm32@0.35.4 OK for: sharp@0.35.4 want: 0.35.4
117 silly placeDep node_modules/sharp @img/sharp-libvips-darwin-arm64@1.3.3 OK for: sharp@0.35.4 want: 1.3.3
118 silly placeDep node_modules/sharp @img/sharp-libvips-darwin-x64@1.3.3 OK for: sharp@0.35.4 want: 1.3.3
119 silly placeDep node_modules/sharp @img/sharp-libvips-linux-arm@1.3.3 OK for: sharp@0.35.4 want: 1.3.3
120 silly placeDep node_modules/sharp @img/sharp-libvips-linux-arm64@1.3.3 OK for: sharp@0.35.4 want: 1.3.3
121 silly placeDep node_modules/sharp @img/sharp-libvips-linux-ppc64@1.3.3 OK for: sharp@0.35.4 want: 1.3.3
122 silly placeDep node_modules/sharp @img/sharp-libvips-linux-riscv64@1.3.3 OK for: sharp@0.35.4 want: 1.3.3
123 silly placeDep node_modules/sharp @img/sharp-libvips-linux-s390x@1.3.3 OK for: sharp@0.35.4 want: 1.3.3
124 silly placeDep node_modules/sharp @img/sharp-libvips-linux-x64@1.3.3 OK for: sharp@0.35.4 want: 1.3.3
125 silly placeDep node_modules/sharp @img/sharp-libvips-linuxmusl-arm64@1.3.3 OK for: sharp@0.35.4 want: 1.3.3
126 silly placeDep node_modules/sharp @img/sharp-libvips-linuxmusl-x64@1.3.3 OK for: sharp@0.35.4 want: 1.3.3
127 silly placeDep node_modules/sharp @img/sharp-linux-arm@0.35.4 OK for: sharp@0.35.4 want: 0.35.4
128 silly placeDep node_modules/sharp @img/sharp-linux-arm64@0.35.4 OK for: sharp@0.35.4 want: 0.35.4
129 silly placeDep node_modules/sharp @img/sharp-linux-ppc64@0.35.4 OK for: sharp@0.35.4 want: 0.35.4
130 silly placeDep node_modules/sharp @img/sharp-linux-riscv64@0.35.4 OK for: sharp@0.35.4 want: 0.35.4
131 silly placeDep node_modules/sharp @img/sharp-linux-s390x@0.35.4 OK for: sharp@0.35.4 want: 0.35.4
132 silly placeDep node_modules/sharp @img/sharp-linux-x64@0.35.4 OK for: sharp@0.35.4 want: 0.35.4
133 silly placeDep node_modules/sharp @img/sharp-linuxmusl-arm64@0.35.4 OK for: sharp@0.35.4 want: 0.35.4
134 silly placeDep node_modules/sharp @img/sharp-linuxmusl-x64@0.35.4 OK for: sharp@0.35.4 want: 0.35.4
135 silly placeDep node_modules/sharp @img/sharp-webcontainers-wasm32@0.35.4 OK for: sharp@0.35.4 want: 0.35.4
136 silly placeDep node_modules/sharp @img/sharp-win32-arm64@0.35.4 OK for: sharp@0.35.4 want: 0.35.4
137 silly placeDep node_modules/sharp @img/sharp-win32-ia32@0.35.4 OK for: sharp@0.35.4 want: 0.35.4
138 silly placeDep node_modules/sharp @img/sharp-win32-x64@0.35.4 OK for: sharp@0.35.4 want: 0.35.4
139 silly fetch manifest @img/sharp-wasm32@0.35.4
140 silly packumentCache full:https://registry.npmjs.org/@img%2fsharp-wasm32 cache-miss
141 silly fetch manifest @img/sharp-wasm32@0.35.4
142 silly packumentCache full:https://registry.npmjs.org/@img%2fsharp-wasm32 cache-miss
143 http fetch GET 200 https://registry.npmjs.org/@img%2fsharp-wasm32 1654ms (cache revalidated)
144 silly packumentCache full:https://registry.npmjs.org/@img%2fsharp-wasm32 set size:103630 disposed:false
145 http fetch GET 200 https://registry.npmjs.org/@img%2fsharp-wasm32 3356ms (cache revalidated)
146 silly packumentCache full:https://registry.npmjs.org/@img%2fsharp-wasm32 set size:103630 disposed:false
147 silly packumentCache full:https://registry.npmjs.org/@img%2fsharp-wasm32 dispose
148 silly placeDep ROOT @img/sharp-wasm32@0.35.4 OK for: @img/sharp-freebsd-wasm32@0.35.4 want: 0.35.4
149 verbose stack Error: 
149 verbose stack `npm ci` can only install packages when your package.json and package-lock.json or npm-shrinkwrap.json are in sync. Please update your lock file with `npm install` before continuing.
149 verbose stack
149 verbose stack Missing: @img/sharp-darwin-arm64@0.35.4 from lock file
149 verbose stack Missing: @img/sharp-darwin-x64@0.35.4 from lock file
149 verbose stack Missing: @img/sharp-freebsd-wasm32@0.35.4 from lock file
149 verbose stack Missing: @img/sharp-libvips-darwin-arm64@1.3.3 from lock file
149 verbose stack Missing: @img/sharp-libvips-darwin-x64@1.3.3 from lock file
149 verbose stack Missing: @img/sharp-libvips-linux-arm@1.3.3 from lock file
149 verbose stack Missing: @img/sharp-libvips-linux-arm64@1.3.3 from lock file
149 verbose stack Missing: @img/sharp-libvips-linux-ppc64@1.3.3 from lock file
149 verbose stack Missing: @img/sharp-libvips-linux-riscv64@1.3.3 from lock file
149 verbose stack Missing: @img/sharp-libvips-linux-s390x@1.3.3 from lock file
149 verbose stack Missing: @img/sharp-libvips-linux-x64@1.3.3 from lock file
149 verbose stack Missing: @img/sharp-libvips-linuxmusl-arm64@1.3.3 from lock file
149 verbose stack Missing: @img/sharp-libvips-linuxmusl-x64@1.3.3 from lock file
149 verbose stack Missing: @img/sharp-linux-arm@0.35.4 from lock file
149 verbose stack Missing: @img/sharp-linux-arm64@0.35.4 from lock file
149 verbose stack Missing: @img/sharp-linux-ppc64@0.35.4 from lock file
149 verbose stack Missing: @img/sharp-linux-riscv64@0.35.4 from lock file
149 verbose stack Missing: @img/sharp-linux-s390x@0.35.4 from lock file
149 verbose stack Missing: @img/sharp-linux-x64@0.35.4 from lock file
149 verbose stack Missing: @img/sharp-linuxmusl-arm64@0.35.4 from lock file
149 verbose stack Missing: @img/sharp-linuxmusl-x64@0.35.4 from lock file
149 verbose stack Missing: @img/sharp-webcontainers-wasm32@0.35.4 from lock file
149 verbose stack Missing: @img/sharp-win32-arm64@0.35.4 from lock file
149 verbose stack Missing: @img/sharp-win32-ia32@0.35.4 from lock file
149 verbose stack Missing: @img/sharp-win32-x64@0.35.4 from lock file
149 verbose stack Missing: @img/sharp-wasm32@0.35.4 from lock file
149 verbose stack
149 verbose stack Clean install a project
149 verbose stack
149 verbose stack Usage:
149 verbose stack npm ci
149 verbose stack
149 verbose stack Options:
149 verbose stack [--install-strategy <hoisted|nested|shallow|linked>] [--legacy-bundling]
149 verbose stack [--global-style] [--omit <dev|optional|peer> [--omit <dev|optional|peer> ...]]
149 verbose stack [--include <prod|dev|optional|peer> [--include <prod|dev|optional|peer> ...]]
149 verbose stack [--strict-peer-deps] [--foreground-scripts] [--ignore-scripts] [--no-audit]
149 verbose stack [--no-bin-links] [--no-fund] [--dry-run]
149 verbose stack [-w|--workspace <workspace-name> [-w|--workspace <workspace-name> ...]]
149 verbose stack [-ws|--workspaces] [--include-workspace-root] [--install-links]
149 verbose stack
149 verbose stack aliases: clean-install, ic, install-clean, isntall-clean
149 verbose stack
149 verbose stack Run "npm help ci" for more info
149 verbose stack     at CI.usageError (C:\Program Files\nodejs\node_modules\npm\lib\base-cmd.js:111:26)
149 verbose stack     at CI.exec (C:\Program Files\nodejs\node_modules\npm\lib\commands\ci.js:70:18)
149 verbose stack     at async Npm.exec (C:\Program Files\nodejs\node_modules\npm\lib\npm.js:207:9)
149 verbose stack     at async module.exports (C:\Program Files\nodejs\node_modules\npm\lib\cli\entry.js:74:5)
150 error code EUSAGE
151 error
151 error `npm ci` can only install packages when your package.json and package-lock.json or npm-shrinkwrap.json are in sync. Please update your lock file with `npm install` before continuing.
151 error
151 error Missing: @img/sharp-darwin-arm64@0.35.4 from lock file
151 error Missing: @img/sharp-darwin-x64@0.35.4 from lock file
151 error Missing: @img/sharp-freebsd-wasm32@0.35.4 from lock file
151 error Missing: @img/sharp-libvips-darwin-arm64@1.3.3 from lock file
151 error Missing: @img/sharp-libvips-darwin-x64@1.3.3 from lock file
151 error Missing: @img/sharp-libvips-linux-arm@1.3.3 from lock file
151 error Missing: @img/sharp-libvips-linux-arm64@1.3.3 from lock file
151 error Missing: @img/sharp-libvips-linux-ppc64@1.3.3 from lock file
151 error Missing: @img/sharp-libvips-linux-riscv64@1.3.3 from lock file
151 error Missing: @img/sharp-libvips-linux-s390x@1.3.3 from lock file
151 error Missing: @img/sharp-libvips-linux-x64@1.3.3 from lock file
151 error Missing: @img/sharp-libvips-linuxmusl-arm64@1.3.3 from lock file
151 error Missing: @img/sharp-libvips-linuxmusl-x64@1.3.3 from lock file
151 error Missing: @img/sharp-linux-arm@0.35.4 from lock file
151 error Missing: @img/sharp-linux-arm64@0.35.4 from lock file
151 error Missing: @img/sharp-linux-ppc64@0.35.4 from lock file
151 error Missing: @img/sharp-linux-riscv64@0.35.4 from lock file
151 error Missing: @img/sharp-linux-s390x@0.35.4 from lock file
151 error Missing: @img/sharp-linux-x64@0.35.4 from lock file
151 error Missing: @img/sharp-linuxmusl-arm64@0.35.4 from lock file
151 error Missing: @img/sharp-linuxmusl-x64@0.35.4 from lock file
151 error Missing: @img/sharp-webcontainers-wasm32@0.35.4 from lock file
151 error Missing: @img/sharp-win32-arm64@0.35.4 from lock file
151 error Missing: @img/sharp-win32-ia32@0.35.4 from lock file
151 error Missing: @img/sharp-win32-x64@0.35.4 from lock file
151 error Missing: @img/sharp-wasm32@0.35.4 from lock file
151 error
151 error Clean install a project
151 error
151 error Usage:
151 error npm ci
151 error
151 error Options:
151 error [--install-strategy <hoisted|nested|shallow|linked>] [--legacy-bundling]
151 error [--global-style] [--omit <dev|optional|peer> [--omit <dev|optional|peer> ...]]
151 error [--include <prod|dev|optional|peer> [--include <prod|dev|optional|peer> ...]]
151 error [--strict-peer-deps] [--foreground-scripts] [--ignore-scripts] [--no-audit]
151 error [--no-bin-links] [--no-fund] [--dry-run]
151 error [-w|--workspace <workspace-name> [-w|--workspace <workspace-name> ...]]
151 error [-ws|--workspaces] [--include-workspace-root] [--install-links]
151 error
151 error aliases: clean-install, ic, install-clean, isntall-clean
151 error
151 error Run "npm help ci" for more info
152 verbose cwd C:\Users\jayp.JAY\OneDrive\Desktop\AI Assessment Extraction\frontend
153 verbose os Windows_NT 10.0.26200
154 verbose node v22.18.0
155 verbose npm  v10.9.3
156 verbose exit 1
157 verbose code 1
158 error A complete log of this run can be found in: C:\Users\jayp.JAY\OneDrive\Desktop\AI Assessment Extraction\frontend\.npm-cache\_logs\2026-08-26T17_24_55_185Z-debug-0.log
