0 verbose cli C:\Program Files\nodejs\node.exe C:\Program Files\nodejs\node_modules\npm\bin\npm-cli.js
1 info using npm@10.9.3
2 info using node@v22.18.0
3 silly config load:file:C:\Program Files\nodejs\node_modules\npm\npmrc
4 silly config load:file:C:\Users\jayp.JAY\OneDrive\Desktop\AI Assessment Extraction\frontend\.npmrc
5 silly config load:file:C:\Users\jayp.JAY\.npmrc
6 silly config load:file:C:\Users\jayp.JAY\AppData\Roaming\npm\etc\npmrc
7 verbose title npm install clsx tailwind-merge
8 verbose argv "install" "clsx" "tailwind-merge" "--cache" ".npm-cache" "--no-audit" "--no-fund"
9 verbose logfile logs-max:10 dir:C:\Users\jayp.JAY\OneDrive\Desktop\AI Assessment Extraction\frontend\.npm-cache\_logs\2026-08-26T17_53_30_252Z-
10 verbose logfile C:\Users\jayp.JAY\OneDrive\Desktop\AI Assessment Extraction\frontend\.npm-cache\_logs\2026-08-26T17_53_30_252Z-debug-0.log
11 silly logfile done cleaning log files
12 silly packumentCache heap:4345298944 maxSize:1086324736 maxEntrySize:543162368
13 silly idealTree buildDeps
14 silly fetch manifest clsx@*
15 silly packumentCache full:https://registry.npmjs.org/clsx cache-miss
16 http fetch GET 200 https://registry.npmjs.org/clsx 3913ms (cache miss)
17 silly packumentCache full:https://registry.npmjs.org/clsx set size:undefined disposed:false
18 silly fetch manifest tailwind-merge@*
19 silly packumentCache full:https://registry.npmjs.org/tailwind-merge cache-miss
20 http fetch GET 200 https://registry.npmjs.org/tailwind-merge 609ms (cache miss)
21 silly packumentCache full:https://registry.npmjs.org/tailwind-merge set size:undefined disposed:false
22 silly placeDep ROOT clsx@2.1.1 OK for: frontend@0.1.0 want: *
23 silly placeDep ROOT tailwind-merge@3.6.0 OK for: frontend@0.1.0 want: *
24 silly reify moves {}
25 verbose reify failed optional dependency C:\Users\jayp.JAY\OneDrive\Desktop\AI Assessment Extraction\frontend\node_modules\@tailwindcss\oxide-wasm32-wasi
26 silly reify mark deleted [
26 silly reify   'C:\\Users\\jayp.JAY\\OneDrive\\Desktop\\AI Assessment Extraction\\frontend\\node_modules\\@tailwindcss\\oxide-wasm32-wasi'
26 silly reify ]
27 verbose reify failed optional dependency C:\Users\jayp.JAY\OneDrive\Desktop\AI Assessment Extraction\frontend\node_modules\lightningcss-win32-arm64-msvc
28 silly reify mark deleted [
28 silly reify   'C:\\Users\\jayp.JAY\\OneDrive\\Desktop\\AI Assessment Extraction\\frontend\\node_modules\\lightningcss-win32-arm64-msvc'
28 silly reify ]
29 verbose reify failed optional dependency C:\Users\jayp.JAY\OneDrive\Desktop\AI Assessment Extraction\frontend\node_modules\lightningcss-linux-x64-musl
30 silly reify mark deleted [
30 silly reify   'C:\\Users\\jayp.JAY\\OneDrive\\Desktop\\AI Assessment Extraction\\frontend\\node_modules\\lightningcss-linux-x64-musl'
30 silly reify ]
31 verbose reify failed optional dependency C:\Users\jayp.JAY\OneDrive\Desktop\AI Assessment Extraction\frontend\node_modules\lightningcss-linux-x64-gnu
32 silly reify mark deleted [
32 silly reify   'C:\\Users\\jayp.JAY\\OneDrive\\Desktop\\AI Assessment Extraction\\frontend\\node_modules\\lightningcss-linux-x64-gnu'
32 silly reify ]
33 verbose reify failed optional dependency C:\Users\jayp.JAY\OneDrive\Desktop\AI Assessment Extraction\frontend\node_modules\lightningcss-linux-arm64-musl
34 silly reify mark deleted [
34 silly reify   'C:\\Users\\jayp.JAY\\OneDrive\\Desktop\\AI Assessment Extraction\\frontend\\node_modules\\lightningcss-linux-arm64-musl'
34 silly reify ]
35 verbose reify failed optional dependency C:\Users\jayp.JAY\OneDrive\Desktop\AI Assessment Extraction\frontend\node_modules\lightningcss-linux-arm64-gnu
36 silly reify mark deleted [
36 silly reify   'C:\\Users\\jayp.JAY\\OneDrive\\Desktop\\AI Assessment Extraction\\frontend\\node_modules\\lightningcss-linux-arm64-gnu'
36 silly reify ]
37 verbose reify failed optional dependency C:\Users\jayp.JAY\OneDrive\Desktop\AI Assessment Extraction\frontend\node_modules\lightningcss-linux-arm-gnueabihf
38 silly reify mark deleted [
38 silly reify   'C:\\Users\\jayp.JAY\\OneDrive\\Desktop\\AI Assessment Extraction\\frontend\\node_modules\\lightningcss-linux-arm-gnueabihf'
38 silly reify ]
39 verbose reify failed optional dependency C:\Users\jayp.JAY\OneDrive\Desktop\AI Assessment Extraction\frontend\node_modules\lightningcss-freebsd-x64
40 silly reify mark deleted [
40 silly reify   'C:\\Users\\jayp.JAY\\OneDrive\\Desktop\\AI Assessment Extraction\\frontend\\node_modules\\lightningcss-freebsd-x64'
40 silly reify ]
41 verbose reify failed optional dependency C:\Users\jayp.JAY\OneDrive\Desktop\AI Assessment Extraction\frontend\node_modules\lightningcss-darwin-x64
42 silly reify mark deleted [
42 silly reify   'C:\\Users\\jayp.JAY\\OneDrive\\Desktop\\AI Assessment Extraction\\frontend\\node_modules\\lightningcss-darwin-x64'
42 silly reify ]
43 verbose reify failed optional dependency C:\Users\jayp.JAY\OneDrive\Desktop\AI Assessment Extraction\frontend\node_modules\lightningcss-darwin-arm64
44 silly reify mark deleted [
44 silly reify   'C:\\Users\\jayp.JAY\\OneDrive\\Desktop\\AI Assessment Extraction\\frontend\\node_modules\\lightningcss-darwin-arm64'
44 silly reify ]
45 verbose reify failed optional dependency C:\Users\jayp.JAY\OneDrive\Desktop\AI Assessment Extraction\frontend\node_modules\lightningcss-android-arm64
46 silly reify mark deleted [
46 silly reify   'C:\\Users\\jayp.JAY\\OneDrive\\Desktop\\AI Assessment Extraction\\frontend\\node_modules\\lightningcss-android-arm64'
46 silly reify ]
47 verbose reify failed optional dependency C:\Users\jayp.JAY\OneDrive\Desktop\AI Assessment Extraction\frontend\node_modules\@unrs\resolver-binding-win32-ia32-msvc
48 silly reify mark deleted [
48 silly reify   'C:\\Users\\jayp.JAY\\OneDrive\\Desktop\\AI Assessment Extraction\\frontend\\node_modules\\@unrs\\resolver-binding-win32-ia32-msvc'
48 silly reify ]
49 verbose reify failed optional dependency C:\Users\jayp.JAY\OneDrive\Desktop\AI Assessment Extraction\frontend\node_modules\@unrs\resolver-binding-win32-arm64-msvc
50 silly reify mark deleted [
50 silly reify   'C:\\Users\\jayp.JAY\\OneDrive\\Desktop\\AI Assessment Extraction\\frontend\\node_modules\\@unrs\\resolver-binding-win32-arm64-msvc'
50 silly reify ]
51 verbose reify failed optional dependency C:\Users\jayp.JAY\OneDrive\Desktop\AI Assessment Extraction\frontend\node_modules\@unrs\resolver-binding-wasm32-wasi
52 silly reify mark deleted [
52 silly reify   'C:\\Users\\jayp.JAY\\OneDrive\\Desktop\\AI Assessment Extraction\\frontend\\node_modules\\@unrs\\resolver-binding-wasm32-wasi'
52 silly reify ]
53 verbose reify failed optional dependency C:\Users\jayp.JAY\OneDrive\Desktop\AI Assessment Extraction\frontend\node_modules\@unrs\resolver-binding-wasm32-wasi\node_modules\@emnapi\runtime
54 silly reify mark deleted [
54 silly reify   'C:\\Users\\jayp.JAY\\OneDrive\\Desktop\\AI Assessment Extraction\\frontend\\node_modules\\@unrs\\resolver-binding-wasm32-wasi\\node_modules\\@emnapi\\runtime'
54 silly reify ]
55 verbose reify failed optional dependency C:\Users\jayp.JAY\OneDrive\Desktop\AI Assessment Extraction\frontend\node_modules\@unrs\resolver-binding-openharmony-arm64
56 silly reify mark deleted [
56 silly reify   'C:\\Users\\jayp.JAY\\OneDrive\\Desktop\\AI Assessment Extraction\\frontend\\node_modules\\@unrs\\resolver-binding-openharmony-arm64'
56 silly reify ]
57 verbose reify failed optional dependency C:\Users\jayp.JAY\OneDrive\Desktop\AI Assessment Extraction\frontend\node_modules\@unrs\resolver-binding-linux-x64-musl
58 silly reify mark deleted [
58 silly reify   'C:\\Users\\jayp.JAY\\OneDrive\\Desktop\\AI Assessment Extraction\\frontend\\node_modules\\@unrs\\resolver-binding-linux-x64-musl'
58 silly reify ]
59 verbose reify failed optional dependency C:\Users\jayp.JAY\OneDrive\Desktop\AI Assessment Extraction\frontend\node_modules\@unrs\resolver-binding-linux-x64-gnu
60 silly reify mark deleted [
60 silly reify   'C:\\Users\\jayp.JAY\\OneDrive\\Desktop\\AI Assessment Extraction\\frontend\\node_modules\\@unrs\\resolver-binding-linux-x64-gnu'
60 silly reify ]
61 verbose reify failed optional dependency C:\Users\jayp.JAY\OneDrive\Desktop\AI Assessment Extraction\frontend\node_modules\@unrs\resolver-binding-linux-s390x-gnu
62 silly reify mark deleted [
62 silly reify   'C:\\Users\\jayp.JAY\\OneDrive\\Desktop\\AI Assessment Extraction\\frontend\\node_modules\\@unrs\\resolver-binding-linux-s390x-gnu'
62 silly reify ]
63 verbose reify failed optional dependency C:\Users\jayp.JAY\OneDrive\Desktop\AI Assessment Extraction\frontend\node_modules\@unrs\resolver-binding-linux-riscv64-musl
64 silly reify mark deleted [
64 silly reify   'C:\\Users\\jayp.JAY\\OneDrive\\Desktop\\AI Assessment Extraction\\frontend\\node_modules\\@unrs\\resolver-binding-linux-riscv64-musl'
64 silly reify ]
65 verbose reify failed optional dependency C:\Users\jayp.JAY\OneDrive\Desktop\AI Assessment Extraction\frontend\node_modules\@unrs\resolver-binding-linux-riscv64-gnu
66 silly reify mark deleted [
66 silly reify   'C:\\Users\\jayp.JAY\\OneDrive\\Desktop\\AI Assessment Extraction\\frontend\\node_modules\\@unrs\\resolver-binding-linux-riscv64-gnu'
66 silly reify ]
67 verbose reify failed optional dependency C:\Users\jayp.JAY\OneDrive\Desktop\AI Assessment Extraction\frontend\node_modules\@unrs\resolver-binding-linux-ppc64-gnu
68 silly reify mark deleted [
68 silly reify   'C:\\Users\\jayp.JAY\\OneDrive\\Desktop\\AI Assessment Extraction\\frontend\\node_modules\\@unrs\\resolver-binding-linux-ppc64-gnu'
68 silly reify ]
69 verbose reify failed optional dependency C:\Users\jayp.JAY\OneDrive\Desktop\AI Assessment Extraction\frontend\node_modules\@unrs\resolver-binding-linux-loong64-musl
70 silly reify mark deleted [
70 silly reify   'C:\\Users\\jayp.JAY\\OneDrive\\Desktop\\AI Assessment Extraction\\frontend\\node_modules\\@unrs\\resolver-binding-linux-loong64-musl'
70 silly reify ]
71 verbose reify failed optional dependency C:\Users\jayp.JAY\OneDrive\Desktop\AI Assessment Extraction\frontend\node_modules\@unrs\resolver-binding-linux-loong64-gnu
72 silly reify mark deleted [
72 silly reify   'C:\\Users\\jayp.JAY\\OneDrive\\Desktop\\AI Assessment Extraction\\frontend\\node_modules\\@unrs\\resolver-binding-linux-loong64-gnu'
72 silly reify ]
73 verbose reify failed optional dependency C:\Users\jayp.JAY\OneDrive\Desktop\AI Assessment Extraction\frontend\node_modules\@unrs\resolver-binding-linux-arm64-musl
74 silly reify mark deleted [
74 silly reify   'C:\\Users\\jayp.JAY\\OneDrive\\Desktop\\AI Assessment Extraction\\frontend\\node_modules\\@unrs\\resolver-binding-linux-arm64-musl'
74 silly reify ]
75 verbose reify failed optional dependency C:\Users\jayp.JAY\OneDrive\Desktop\AI Assessment Extraction\frontend\node_modules\@unrs\resolver-binding-linux-arm64-gnu
76 silly reify mark deleted [
76 silly reify   'C:\\Users\\jayp.JAY\\OneDrive\\Desktop\\AI Assessment Extraction\\frontend\\node_modules\\@unrs\\resolver-binding-linux-arm64-gnu'
76 silly reify ]
77 verbose reify failed optional dependency C:\Users\jayp.JAY\OneDrive\Desktop\AI Assessment Extraction\frontend\node_modules\@unrs\resolver-binding-linux-arm-musleabihf
78 silly reify mark deleted [
78 silly reify   'C:\\Users\\jayp.JAY\\OneDrive\\Desktop\\AI Assessment Extraction\\frontend\\node_modules\\@unrs\\resolver-binding-linux-arm-musleabihf'
78 silly reify ]
79 verbose reify failed optional dependency C:\Users\jayp.JAY\OneDrive\Desktop\AI Assessment Extraction\frontend\node_modules\@unrs\resolver-binding-linux-arm-gnueabihf
80 silly reify mark deleted [
80 silly reify   'C:\\Users\\jayp.JAY\\OneDrive\\Desktop\\AI Assessment Extraction\\frontend\\node_modules\\@unrs\\resolver-binding-linux-arm-gnueabihf'
80 silly reify ]
81 verbose reify failed optional dependency C:\Users\jayp.JAY\OneDrive\Desktop\AI Assessment Extraction\frontend\node_modules\@unrs\resolver-binding-freebsd-x64
82 silly reify mark deleted [
82 silly reify   'C:\\Users\\jayp.JAY\\OneDrive\\Desktop\\AI Assessment Extraction\\frontend\\node_modules\\@unrs\\resolver-binding-freebsd-x64'
82 silly reify ]
83 verbose reify failed optional dependency C:\Users\jayp.JAY\OneDrive\Desktop\AI Assessment Extraction\frontend\node_modules\@unrs\resolver-binding-darwin-x64
84 silly reify mark deleted [
84 silly reify   'C:\\Users\\jayp.JAY\\OneDrive\\Desktop\\AI Assessment Extraction\\frontend\\node_modules\\@unrs\\resolver-binding-darwin-x64'
84 silly reify ]
85 verbose reify failed optional dependency C:\Users\jayp.JAY\OneDrive\Desktop\AI Assessment Extraction\frontend\node_modules\@unrs\resolver-binding-darwin-arm64
86 silly reify mark deleted [
86 silly reify   'C:\\Users\\jayp.JAY\\OneDrive\\Desktop\\AI Assessment Extraction\\frontend\\node_modules\\@unrs\\resolver-binding-darwin-arm64'
86 silly reify ]
87 verbose reify failed optional dependency C:\Users\jayp.JAY\OneDrive\Desktop\AI Assessment Extraction\frontend\node_modules\@unrs\resolver-binding-android-arm64
88 silly reify mark deleted [
88 silly reify   'C:\\Users\\jayp.JAY\\OneDrive\\Desktop\\AI Assessment Extraction\\frontend\\node_modules\\@unrs\\resolver-binding-android-arm64'
88 silly reify ]
89 verbose reify failed optional dependency C:\Users\jayp.JAY\OneDrive\Desktop\AI Assessment Extraction\frontend\node_modules\@unrs\resolver-binding-android-arm-eabi
90 silly reify mark deleted [
90 silly reify   'C:\\Users\\jayp.JAY\\OneDrive\\Desktop\\AI Assessment Extraction\\frontend\\node_modules\\@unrs\\resolver-binding-android-arm-eabi'
90 silly reify ]
91 verbose reify failed optional dependency C:\Users\jayp.JAY\OneDrive\Desktop\AI Assessment Extraction\frontend\node_modules\@tailwindcss\oxide-win32-arm64-msvc
92 silly reify mark deleted [
92 silly reify   'C:\\Users\\jayp.JAY\\OneDrive\\Desktop\\AI Assessment Extraction\\frontend\\node_modules\\@tailwindcss\\oxide-win32-arm64-msvc'
92 silly reify ]
93 verbose reify failed optional dependency C:\Users\jayp.JAY\OneDrive\Desktop\AI Assessment Extraction\frontend\node_modules\@tailwindcss\oxide-linux-x64-musl
94 silly reify mark deleted [
94 silly reify   'C:\\Users\\jayp.JAY\\OneDrive\\Desktop\\AI Assessment Extraction\\frontend\\node_modules\\@tailwindcss\\oxide-linux-x64-musl'
94 silly reify ]
95 verbose reify failed optional dependency C:\Users\jayp.JAY\OneDrive\Desktop\AI Assessment Extraction\frontend\node_modules\@tailwindcss\oxide-linux-x64-gnu
96 silly reify mark deleted [
96 silly reify   'C:\\Users\\jayp.JAY\\OneDrive\\Desktop\\AI Assessment Extraction\\frontend\\node_modules\\@tailwindcss\\oxide-linux-x64-gnu'
96 silly reify ]
97 verbose reify failed optional dependency C:\Users\jayp.JAY\OneDrive\Desktop\AI Assessment Extraction\frontend\node_modules\@tailwindcss\oxide-linux-arm64-musl
98 silly reify mark deleted [
98 silly reify   'C:\\Users\\jayp.JAY\\OneDrive\\Desktop\\AI Assessment Extraction\\frontend\\node_modules\\@tailwindcss\\oxide-linux-arm64-musl'
98 silly reify ]
99 verbose reify failed optional dependency C:\Users\jayp.JAY\OneDrive\Desktop\AI Assessment Extraction\frontend\node_modules\@tailwindcss\oxide-linux-arm64-gnu
100 silly reify mark deleted [
100 silly reify   'C:\\Users\\jayp.JAY\\OneDrive\\Desktop\\AI Assessment Extraction\\frontend\\node_modules\\@tailwindcss\\oxide-linux-arm64-gnu'
100 silly reify ]
101 verbose reify failed optional dependency C:\Users\jayp.JAY\OneDrive\Desktop\AI Assessment Extraction\frontend\node_modules\@tailwindcss\oxide-linux-arm-gnueabihf
102 silly reify mark deleted [
102 silly reify   'C:\\Users\\jayp.JAY\\OneDrive\\Desktop\\AI Assessment Extraction\\frontend\\node_modules\\@tailwindcss\\oxide-linux-arm-gnueabihf'
102 silly reify ]
103 verbose reify failed optional dependency C:\Users\jayp.JAY\OneDrive\Desktop\AI Assessment Extraction\frontend\node_modules\@tailwindcss\oxide-freebsd-x64
104 silly reify mark deleted [
104 silly reify   'C:\\Users\\jayp.JAY\\OneDrive\\Desktop\\AI Assessment Extraction\\frontend\\node_modules\\@tailwindcss\\oxide-freebsd-x64'
104 silly reify ]
105 verbose reify failed optional dependency C:\Users\jayp.JAY\OneDrive\Desktop\AI Assessment Extraction\frontend\node_modules\@tailwindcss\oxide-darwin-x64
106 silly reify mark deleted [
106 silly reify   'C:\\Users\\jayp.JAY\\OneDrive\\Desktop\\AI Assessment Extraction\\frontend\\node_modules\\@tailwindcss\\oxide-darwin-x64'
106 silly reify ]
107 verbose reify failed optional dependency C:\Users\jayp.JAY\OneDrive\Desktop\AI Assessment Extraction\frontend\node_modules\@tailwindcss\oxide-darwin-arm64
108 silly reify mark deleted [
108 silly reify   'C:\\Users\\jayp.JAY\\OneDrive\\Desktop\\AI Assessment Extraction\\frontend\\node_modules\\@tailwindcss\\oxide-darwin-arm64'
108 silly reify ]
109 verbose reify failed optional dependency C:\Users\jayp.JAY\OneDrive\Desktop\AI Assessment Extraction\frontend\node_modules\@tailwindcss\oxide-android-arm64
110 silly reify mark deleted [
110 silly reify   'C:\\Users\\jayp.JAY\\OneDrive\\Desktop\\AI Assessment Extraction\\frontend\\node_modules\\@tailwindcss\\oxide-android-arm64'
110 silly reify ]
111 verbose reify failed optional dependency C:\Users\jayp.JAY\OneDrive\Desktop\AI Assessment Extraction\frontend\node_modules\@next\swc-win32-arm64-msvc
112 silly reify mark deleted [
112 silly reify   'C:\\Users\\jayp.JAY\\OneDrive\\Desktop\\AI Assessment Extraction\\frontend\\node_modules\\@next\\swc-win32-arm64-msvc'
112 silly reify ]
113 verbose reify failed optional dependency C:\Users\jayp.JAY\OneDrive\Desktop\AI Assessment Extraction\frontend\node_modules\@next\swc-linux-x64-musl
114 silly reify mark deleted [
114 silly reify   'C:\\Users\\jayp.JAY\\OneDrive\\Desktop\\AI Assessment Extraction\\frontend\\node_modules\\@next\\swc-linux-x64-musl'
114 silly reify ]
115 verbose reify failed optional dependency C:\Users\jayp.JAY\OneDrive\Desktop\AI Assessment Extraction\frontend\node_modules\@next\swc-linux-x64-gnu
116 silly reify mark deleted [
116 silly reify   'C:\\Users\\jayp.JAY\\OneDrive\\Desktop\\AI Assessment Extraction\\frontend\\node_modules\\@next\\swc-linux-x64-gnu'
116 silly reify ]
117 verbose reify failed optional dependency C:\Users\jayp.JAY\OneDrive\Desktop\AI Assessment Extraction\frontend\node_modules\@next\swc-linux-arm64-musl
118 silly reify mark deleted [
118 silly reify   'C:\\Users\\jayp.JAY\\OneDrive\\Desktop\\AI Assessment Extraction\\frontend\\node_modules\\@next\\swc-linux-arm64-musl'
118 silly reify ]
119 verbose reify failed optional dependency C:\Users\jayp.JAY\OneDrive\Desktop\AI Assessment Extraction\frontend\node_modules\@next\swc-linux-arm64-gnu
120 silly reify mark deleted [
120 silly reify   'C:\\Users\\jayp.JAY\\OneDrive\\Desktop\\AI Assessment Extraction\\frontend\\node_modules\\@next\\swc-linux-arm64-gnu'
120 silly reify ]
121 verbose reify failed optional dependency C:\Users\jayp.JAY\OneDrive\Desktop\AI Assessment Extraction\frontend\node_modules\@next\swc-darwin-x64
122 silly reify mark deleted [
122 silly reify   'C:\\Users\\jayp.JAY\\OneDrive\\Desktop\\AI Assessment Extraction\\frontend\\node_modules\\@next\\swc-darwin-x64'
122 silly reify ]
123 verbose reify failed optional dependency C:\Users\jayp.JAY\OneDrive\Desktop\AI Assessment Extraction\frontend\node_modules\@next\swc-darwin-arm64
124 silly reify mark deleted [
124 silly reify   'C:\\Users\\jayp.JAY\\OneDrive\\Desktop\\AI Assessment Extraction\\frontend\\node_modules\\@next\\swc-darwin-arm64'
124 silly reify ]
125 verbose reify failed optional dependency C:\Users\jayp.JAY\OneDrive\Desktop\AI Assessment Extraction\frontend\node_modules\@img\sharp-win32-ia32
126 silly reify mark deleted [
126 silly reify   'C:\\Users\\jayp.JAY\\OneDrive\\Desktop\\AI Assessment Extraction\\frontend\\node_modules\\@img\\sharp-win32-ia32'
126 silly reify ]
127 verbose reify failed optional dependency C:\Users\jayp.JAY\OneDrive\Desktop\AI Assessment Extraction\frontend\node_modules\@img\sharp-win32-arm64
128 silly reify mark deleted [
128 silly reify   'C:\\Users\\jayp.JAY\\OneDrive\\Desktop\\AI Assessment Extraction\\frontend\\node_modules\\@img\\sharp-win32-arm64'
128 silly reify ]
129 verbose reify failed optional dependency C:\Users\jayp.JAY\OneDrive\Desktop\AI Assessment Extraction\frontend\node_modules\@img\sharp-webcontainers-wasm32
130 silly reify mark deleted [
130 silly reify   'C:\\Users\\jayp.JAY\\OneDrive\\Desktop\\AI Assessment Extraction\\frontend\\node_modules\\@img\\sharp-webcontainers-wasm32'
130 silly reify ]
131 verbose reify failed optional dependency C:\Users\jayp.JAY\OneDrive\Desktop\AI Assessment Extraction\frontend\node_modules\@img\sharp-linuxmusl-x64
132 silly reify mark deleted [
132 silly reify   'C:\\Users\\jayp.JAY\\OneDrive\\Desktop\\AI Assessment Extraction\\frontend\\node_modules\\@img\\sharp-linuxmusl-x64'
132 silly reify ]
133 verbose reify failed optional dependency C:\Users\jayp.JAY\OneDrive\Desktop\AI Assessment Extraction\frontend\node_modules\@img\sharp-linuxmusl-arm64
134 silly reify mark deleted [
134 silly reify   'C:\\Users\\jayp.JAY\\OneDrive\\Desktop\\AI Assessment Extraction\\frontend\\node_modules\\@img\\sharp-linuxmusl-arm64'
134 silly reify ]
135 verbose reify failed optional dependency C:\Users\jayp.JAY\OneDrive\Desktop\AI Assessment Extraction\frontend\node_modules\@img\sharp-linux-x64
136 silly reify mark deleted [
136 silly reify   'C:\\Users\\jayp.JAY\\OneDrive\\Desktop\\AI Assessment Extraction\\frontend\\node_modules\\@img\\sharp-linux-x64'
136 silly reify ]
137 verbose reify failed optional dependency C:\Users\jayp.JAY\OneDrive\Desktop\AI Assessment Extraction\frontend\node_modules\@img\sharp-linux-s390x
138 silly reify mark deleted [
138 silly reify   'C:\\Users\\jayp.JAY\\OneDrive\\Desktop\\AI Assessment Extraction\\frontend\\node_modules\\@img\\sharp-linux-s390x'
138 silly reify ]
139 verbose reify failed optional dependency C:\Users\jayp.JAY\OneDrive\Desktop\AI Assessment Extraction\frontend\node_modules\@img\sharp-linux-riscv64
140 silly reify mark deleted [
140 silly reify   'C:\\Users\\jayp.JAY\\OneDrive\\Desktop\\AI Assessment Extraction\\frontend\\node_modules\\@img\\sharp-linux-riscv64'
140 silly reify ]
141 verbose reify failed optional dependency C:\Users\jayp.JAY\OneDrive\Desktop\AI Assessment Extraction\frontend\node_modules\@img\sharp-linux-ppc64
142 silly reify mark deleted [
142 silly reify   'C:\\Users\\jayp.JAY\\OneDrive\\Desktop\\AI Assessment Extraction\\frontend\\node_modules\\@img\\sharp-linux-ppc64'
142 silly reify ]
143 verbose reify failed optional dependency C:\Users\jayp.JAY\OneDrive\Desktop\AI Assessment Extraction\frontend\node_modules\@img\sharp-linux-arm64
144 silly reify mark deleted [
144 silly reify   'C:\\Users\\jayp.JAY\\OneDrive\\Desktop\\AI Assessment Extraction\\frontend\\node_modules\\@img\\sharp-linux-arm64'
144 silly reify ]
145 verbose reify failed optional dependency C:\Users\jayp.JAY\OneDrive\Desktop\AI Assessment Extraction\frontend\node_modules\@img\sharp-linux-arm
146 silly reify mark deleted [
146 silly reify   'C:\\Users\\jayp.JAY\\OneDrive\\Desktop\\AI Assessment Extraction\\frontend\\node_modules\\@img\\sharp-linux-arm'
146 silly reify ]
147 verbose reify failed optional dependency C:\Users\jayp.JAY\OneDrive\Desktop\AI Assessment Extraction\frontend\node_modules\@img\sharp-libvips-linuxmusl-x64
148 silly reify mark deleted [
148 silly reify   'C:\\Users\\jayp.JAY\\OneDrive\\Desktop\\AI Assessment Extraction\\frontend\\node_modules\\@img\\sharp-libvips-linuxmusl-x64'
148 silly reify ]
149 verbose reify failed optional dependency C:\Users\jayp.JAY\OneDrive\Desktop\AI Assessment Extraction\frontend\node_modules\@img\sharp-libvips-linuxmusl-arm64
150 silly reify mark deleted [
150 silly reify   'C:\\Users\\jayp.JAY\\OneDrive\\Desktop\\AI Assessment Extraction\\frontend\\node_modules\\@img\\sharp-libvips-linuxmusl-arm64'
150 silly reify ]
151 verbose reify failed optional dependency C:\Users\jayp.JAY\OneDrive\Desktop\AI Assessment Extraction\frontend\node_modules\@img\sharp-libvips-linux-x64
152 silly reify mark deleted [
152 silly reify   'C:\\Users\\jayp.JAY\\OneDrive\\Desktop\\AI Assessment Extraction\\frontend\\node_modules\\@img\\sharp-libvips-linux-x64'
152 silly reify ]
153 verbose reify failed optional dependency C:\Users\jayp.JAY\OneDrive\Desktop\AI Assessment Extraction\frontend\node_modules\@img\sharp-libvips-linux-s390x
154 silly reify mark deleted [
154 silly reify   'C:\\Users\\jayp.JAY\\OneDrive\\Desktop\\AI Assessment Extraction\\frontend\\node_modules\\@img\\sharp-libvips-linux-s390x'
154 silly reify ]
155 verbose reify failed optional dependency C:\Users\jayp.JAY\OneDrive\Desktop\AI Assessment Extraction\frontend\node_modules\@img\sharp-libvips-linux-riscv64
156 silly reify mark deleted [
156 silly reify   'C:\\Users\\jayp.JAY\\OneDrive\\Desktop\\AI Assessment Extraction\\frontend\\node_modules\\@img\\sharp-libvips-linux-riscv64'
156 silly reify ]
157 verbose reify failed optional dependency C:\Users\jayp.JAY\OneDrive\Desktop\AI Assessment Extraction\frontend\node_modules\@img\sharp-libvips-linux-ppc64
158 silly reify mark deleted [
158 silly reify   'C:\\Users\\jayp.JAY\\OneDrive\\Desktop\\AI Assessment Extraction\\frontend\\node_modules\\@img\\sharp-libvips-linux-ppc64'
158 silly reify ]
159 verbose reify failed optional dependency C:\Users\jayp.JAY\OneDrive\Desktop\AI Assessment Extraction\frontend\node_modules\@img\sharp-libvips-linux-arm64
160 silly reify mark deleted [
160 silly reify   'C:\\Users\\jayp.JAY\\OneDrive\\Desktop\\AI Assessment Extraction\\frontend\\node_modules\\@img\\sharp-libvips-linux-arm64'
160 silly reify ]
161 verbose reify failed optional dependency C:\Users\jayp.JAY\OneDrive\Desktop\AI Assessment Extraction\frontend\node_modules\@img\sharp-libvips-linux-arm
162 silly reify mark deleted [
162 silly reify   'C:\\Users\\jayp.JAY\\OneDrive\\Desktop\\AI Assessment Extraction\\frontend\\node_modules\\@img\\sharp-libvips-linux-arm'
162 silly reify ]
163 verbose reify failed optional dependency C:\Users\jayp.JAY\OneDrive\Desktop\AI Assessment Extraction\frontend\node_modules\@img\sharp-libvips-darwin-x64
164 silly reify mark deleted [
164 silly reify   'C:\\Users\\jayp.JAY\\OneDrive\\Desktop\\AI Assessment Extraction\\frontend\\node_modules\\@img\\sharp-libvips-darwin-x64'
164 silly reify ]
165 verbose reify failed optional dependency C:\Users\jayp.JAY\OneDrive\Desktop\AI Assessment Extraction\frontend\node_modules\@img\sharp-libvips-darwin-arm64
166 silly reify mark deleted [
166 silly reify   'C:\\Users\\jayp.JAY\\OneDrive\\Desktop\\AI Assessment Extraction\\frontend\\node_modules\\@img\\sharp-libvips-darwin-arm64'
166 silly reify ]
167 verbose reify failed optional dependency C:\Users\jayp.JAY\OneDrive\Desktop\AI Assessment Extraction\frontend\node_modules\@img\sharp-freebsd-wasm32
168 silly reify mark deleted [
168 silly reify   'C:\\Users\\jayp.JAY\\OneDrive\\Desktop\\AI Assessment Extraction\\frontend\\node_modules\\@img\\sharp-freebsd-wasm32'
168 silly reify ]
169 verbose reify failed optional dependency C:\Users\jayp.JAY\OneDrive\Desktop\AI Assessment Extraction\frontend\node_modules\@img\sharp-darwin-x64
170 silly reify mark deleted [
170 silly reify   'C:\\Users\\jayp.JAY\\OneDrive\\Desktop\\AI Assessment Extraction\\frontend\\node_modules\\@img\\sharp-darwin-x64'
170 silly reify ]
171 verbose reify failed optional dependency C:\Users\jayp.JAY\OneDrive\Desktop\AI Assessment Extraction\frontend\node_modules\@img\sharp-darwin-arm64
172 silly reify mark deleted [
172 silly reify   'C:\\Users\\jayp.JAY\\OneDrive\\Desktop\\AI Assessment Extraction\\frontend\\node_modules\\@img\\sharp-darwin-arm64'
172 silly reify ]
173 http cache @emnapi/runtime@https://registry.npmjs.org/@emnapi/runtime/-/runtime-1.10.0.tgz 1ms (cache hit)
174 http cache clsx@https://registry.npmjs.org/clsx/-/clsx-2.1.1.tgz 1ms (cache hit)
175 http cache tailwind-merge@https://registry.npmjs.org/tailwind-merge/-/tailwind-merge-3.6.0.tgz 1ms (cache hit)
176 silly tarball no local data for clsx@https://registry.npmjs.org/clsx/-/clsx-2.1.1.tgz. Extracting by manifest.
177 silly tarball no local data for tailwind-merge@https://registry.npmjs.org/tailwind-merge/-/tailwind-merge-3.6.0.tgz. Extracting by manifest.
178 http fetch GET 200 https://registry.npmjs.org/clsx/-/clsx-2.1.1.tgz 402ms (cache miss)
179 http fetch GET 200 https://registry.npmjs.org/tailwind-merge/-/tailwind-merge-3.6.0.tgz 1814ms (cache miss)
180 silly ADD node_modules/tailwind-merge
181 silly ADD node_modules/clsx
182 silly ADD
183 silly ADD
184 silly ADD
185 silly ADD
186 silly ADD
187 silly ADD
188 silly ADD
189 silly ADD
190 silly ADD
191 silly ADD
192 silly ADD
193 silly ADD
194 silly ADD
195 silly ADD node_modules/@emnapi/runtime
196 silly ADD
197 silly ADD
198 silly ADD
199 silly ADD
200 silly ADD
201 silly ADD
202 silly ADD
203 silly ADD
204 silly ADD
205 silly ADD
206 silly ADD
207 silly ADD
208 silly ADD
209 silly ADD
210 silly ADD
211 silly ADD
212 silly ADD
213 silly ADD
214 silly ADD
215 silly ADD
216 silly ADD
217 silly ADD
218 silly ADD
219 silly ADD
220 silly ADD
221 silly ADD
222 silly ADD
223 silly ADD
224 silly ADD
225 silly ADD
226 silly ADD
227 silly ADD
228 silly ADD
229 silly ADD
230 silly ADD
231 silly ADD
232 silly ADD
233 silly ADD
234 silly ADD
235 silly ADD
236 silly ADD
237 silly ADD
238 silly ADD
239 silly ADD
240 silly ADD
241 silly ADD
242 silly ADD
243 silly ADD
244 silly ADD
245 silly ADD
246 silly ADD
247 silly ADD
248 silly ADD
249 silly ADD
250 silly ADD
251 silly ADD
252 silly ADD
253 silly ADD
254 silly ADD
255 silly ADD
256 verbose cwd C:\Users\jayp.JAY\OneDrive\Desktop\AI Assessment Extraction\frontend
257 verbose os Windows_NT 10.0.26200
258 verbose node v22.18.0
259 verbose npm  v10.9.3
260 verbose exit 0
261 info ok
