0 verbose cli C:\Program Files\nodejs\node.exe C:\Program Files\nodejs\node_modules\npm\bin\npm-cli.js
1 info using npm@10.9.3
2 info using node@v22.18.0
3 silly config load:file:C:\Program Files\nodejs\node_modules\npm\npmrc
4 silly config load:file:C:\Users\jayp.JAY\OneDrive\Desktop\AI Assessment Extraction\frontend\.npmrc
5 silly config load:file:C:\Users\jayp.JAY\.npmrc
6 silly config load:file:C:\Users\jayp.JAY\AppData\Roaming\npm\etc\npmrc
7 verbose title npm install
8 verbose argv "install" "--cache" ".npm-cache" "--no-audit" "--no-fund"
9 verbose logfile logs-max:10 dir:C:\Users\jayp.JAY\OneDrive\Desktop\AI Assessment Extraction\frontend\.npm-cache\_logs\2026-08-26T16_45_00_761Z-
10 verbose logfile C:\Users\jayp.JAY\OneDrive\Desktop\AI Assessment Extraction\frontend\.npm-cache\_logs\2026-08-26T16_45_00_761Z-debug-0.log
11 silly logfile done cleaning log files
12 silly packumentCache heap:4345298944 maxSize:1086324736 maxEntrySize:543162368
13 silly idealTree buildDeps
14 silly fetch manifest lucide-react@^0.468.0
15 silly packumentCache full:https://registry.npmjs.org/lucide-react cache-miss
16 http fetch GET 200 https://registry.npmjs.org/npm 72281ms
17 http fetch GET 200 https://registry.npmjs.org/lucide-react 135089ms (cache miss)
18 silly packumentCache full:https://registry.npmjs.org/lucide-react set size:undefined disposed:false
19 silly fetch manifest react@19.2.8
20 silly packumentCache full:https://registry.npmjs.org/react cache-miss
21 silly fetch manifest react@^16.5.1 || ^17.0.0 || ^18.0.0 || ^19.0.0-rc
22 silly packumentCache full:https://registry.npmjs.org/react cache-miss
23 http cache https://registry.npmjs.org/react 37ms (cache hit)
24 silly packumentCache full:https://registry.npmjs.org/react set size:6917274 disposed:false
25 silly fetch manifest next@16.3.3
26 silly packumentCache full:https://registry.npmjs.org/next cache-miss
27 http fetch GET 200 https://registry.npmjs.org/next 52896ms (cache miss)
28 silly packumentCache full:https://registry.npmjs.org/next set size:undefined disposed:false
29 silly fetch manifest @opentelemetry/api@^1.1.0
30 silly packumentCache full:https://registry.npmjs.org/@opentelemetry%2fapi cache-miss
31 http fetch GET 200 https://registry.npmjs.org/@opentelemetry%2fapi 333ms (cache miss)
32 silly packumentCache full:https://registry.npmjs.org/@opentelemetry%2fapi set size:undefined disposed:false
33 silly fetch manifest @playwright/test@^1.51.1
34 silly packumentCache full:https://registry.npmjs.org/@playwright%2ftest cache-miss
35 http fetch GET 200 https://registry.npmjs.org/@playwright%2ftest 7717ms (cache miss)
36 silly packumentCache full:https://registry.npmjs.org/@playwright%2ftest set size:undefined disposed:false
37 silly fetch manifest babel-plugin-react-compiler@*
38 silly packumentCache full:https://registry.npmjs.org/babel-plugin-react-compiler cache-miss
39 http fetch GET 200 https://registry.npmjs.org/babel-plugin-react-compiler 396ms (cache miss)
40 silly packumentCache full:https://registry.npmjs.org/babel-plugin-react-compiler set size:undefined disposed:false
41 silly fetch manifest react@19.2.8
42 silly packumentCache full:https://registry.npmjs.org/react cache-miss
43 http cache https://registry.npmjs.org/react 124ms (cache hit)
44 silly packumentCache full:https://registry.npmjs.org/react set size:6917274 disposed:false
45 silly fetch manifest react-dom@19.2.8
46 silly packumentCache full:https://registry.npmjs.org/react-dom cache-miss
47 http fetch GET 200 https://registry.npmjs.org/react-dom 7184ms (cache miss)
48 silly packumentCache full:https://registry.npmjs.org/react-dom set size:undefined disposed:false
49 silly fetch manifest sass@^1.3.0
50 silly packumentCache full:https://registry.npmjs.org/sass cache-miss
51 http fetch GET 200 https://registry.npmjs.org/sass 12442ms (cache miss)
52 silly packumentCache full:https://registry.npmjs.org/sass set size:undefined disposed:false
53 silly fetch manifest @tailwindcss/postcss@^4
54 silly packumentCache full:https://registry.npmjs.org/@tailwindcss%2fpostcss cache-miss
55 http fetch GET 200 https://registry.npmjs.org/@tailwindcss%2fpostcss 32675ms (cache miss)
56 silly packumentCache full:https://registry.npmjs.org/@tailwindcss%2fpostcss set size:undefined disposed:false
57 silly fetch manifest @types/node@^20
58 silly packumentCache full:https://registry.npmjs.org/@types%2fnode cache-miss
59 http fetch GET 200 https://registry.npmjs.org/@types%2fnode 22778ms (cache miss)
60 silly packumentCache full:https://registry.npmjs.org/@types%2fnode set size:undefined disposed:false
61 silly fetch manifest @types/react@^19
62 silly packumentCache full:https://registry.npmjs.org/@types%2freact cache-miss
63 http fetch GET 200 https://registry.npmjs.org/@types%2freact 4392ms (cache miss)
64 silly packumentCache full:https://registry.npmjs.org/@types%2freact set size:undefined disposed:false
65 silly fetch manifest @types/react-dom@^19
66 silly packumentCache full:https://registry.npmjs.org/@types%2freact-dom cache-miss
67 http fetch GET 200 https://registry.npmjs.org/@types%2freact-dom 791ms (cache miss)
68 silly packumentCache full:https://registry.npmjs.org/@types%2freact-dom set size:undefined disposed:false
69 silly fetch manifest eslint@^9
70 silly packumentCache full:https://registry.npmjs.org/eslint cache-miss
71 http fetch GET 200 https://registry.npmjs.org/eslint 6090ms (cache miss)
72 silly packumentCache full:https://registry.npmjs.org/eslint set size:undefined disposed:false
73 silly fetch manifest jiti@*
74 silly packumentCache full:https://registry.npmjs.org/jiti cache-miss
75 http fetch GET 200 https://registry.npmjs.org/jiti 2667ms (cache miss)
76 silly packumentCache full:https://registry.npmjs.org/jiti set size:undefined disposed:false
77 silly fetch manifest eslint-config-next@16.3.3
78 silly packumentCache full:https://registry.npmjs.org/eslint-config-next cache-miss
79 http fetch GET 200 https://registry.npmjs.org/eslint-config-next 31841ms (cache miss)
80 silly packumentCache full:https://registry.npmjs.org/eslint-config-next set size:undefined disposed:false
81 silly fetch manifest typescript@^5
82 silly packumentCache full:https://registry.npmjs.org/typescript cache-miss
83 http fetch GET 200 https://registry.npmjs.org/typescript 43708ms (cache miss)
84 silly packumentCache full:https://registry.npmjs.org/typescript set size:undefined disposed:false
85 silly fetch manifest tailwindcss@^4
86 silly packumentCache full:https://registry.npmjs.org/tailwindcss cache-miss
87 http fetch GET 200 https://registry.npmjs.org/tailwindcss 26624ms (cache miss)
88 silly packumentCache full:https://registry.npmjs.org/tailwindcss set size:undefined disposed:false
89 silly placeDep ROOT @tailwindcss/postcss@4.3.3 OK for: frontend@0.1.0 want: ^4
90 silly placeDep ROOT @types/node@20.19.43 OK for: frontend@0.1.0 want: ^20
91 silly placeDep ROOT @types/react@19.2.18 OK for: frontend@0.1.0 want: ^19
92 silly placeDep ROOT @types/react-dom@19.2.5 OK for: frontend@0.1.0 want: ^19
93 silly placeDep ROOT eslint@9.39.5 OK for: frontend@0.1.0 want: ^9
94 silly placeDep ROOT eslint-config-next@16.3.3 OK for: frontend@0.1.0 want: 16.3.3
95 silly placeDep ROOT lucide-react@0.468.0 OK for: frontend@0.1.0 want: ^0.468.0
96 silly placeDep ROOT react@19.2.8 OK for: lucide-react@0.468.0 want: ^16.5.1 || ^17.0.0 || ^18.0.0 || ^19.0.0-rc
97 silly placeDep ROOT next@16.3.3 OK for: frontend@0.1.0 want: 16.3.3
98 silly placeDep ROOT react-dom@19.2.8 OK for: next@16.3.3 want: ^18.2.0 || 19.0.0-rc-de68d2f4-20241204 || ^19.0.0
99 silly placeDep ROOT tailwindcss@4.3.3 OK for: frontend@0.1.0 want: ^4
100 silly placeDep ROOT typescript@5.9.3 OK for: frontend@0.1.0 want: ^5
101 silly fetch manifest postcss@^8.5.16
102 silly packumentCache full:https://registry.npmjs.org/postcss cache-miss
103 silly fetch manifest tailwindcss@4.3.3
104 silly packumentCache full:https://registry.npmjs.org/tailwindcss cache-miss
105 silly fetch manifest @alloc/quick-lru@^5.2.0
106 silly packumentCache full:https://registry.npmjs.org/@alloc%2fquick-lru cache-miss
107 silly fetch manifest @tailwindcss/node@4.3.3
108 silly packumentCache full:https://registry.npmjs.org/@tailwindcss%2fnode cache-miss
109 silly fetch manifest @tailwindcss/oxide@4.3.3
110 silly packumentCache full:https://registry.npmjs.org/@tailwindcss%2foxide cache-miss
111 silly fetch manifest undici-types@~6.21.0
112 silly packumentCache full:https://registry.npmjs.org/undici-types cache-miss
113 silly fetch manifest csstype@^3.2.2
114 silly packumentCache full:https://registry.npmjs.org/csstype cache-miss
115 silly fetch manifest ajv@^6.14.0
116 silly packumentCache full:https://registry.npmjs.org/ajv cache-miss
117 silly fetch manifest chalk@^4.0.0
118 silly packumentCache full:https://registry.npmjs.org/chalk cache-miss
119 silly fetch manifest debug@^4.3.2
120 silly packumentCache full:https://registry.npmjs.org/debug cache-miss
121 silly fetch manifest espree@^10.4.0
122 silly packumentCache full:https://registry.npmjs.org/espree cache-miss
123 http cache https://registry.npmjs.org/tailwindcss 80ms (cache hit)
124 silly packumentCache full:https://registry.npmjs.org/tailwindcss set size:10868886 disposed:false
125 silly fetch manifest ignore@^5.2.0
126 silly packumentCache full:https://registry.npmjs.org/ignore cache-miss
127 http fetch GET 200 https://registry.npmjs.org/postcss 1120ms (cache miss)
128 silly packumentCache full:https://registry.npmjs.org/postcss set size:undefined disposed:false
129 silly fetch manifest esquery@^1.5.0
130 silly packumentCache full:https://registry.npmjs.org/esquery cache-miss
131 http fetch GET 200 https://registry.npmjs.org/@alloc%2fquick-lru 1342ms (cache miss)
132 silly packumentCache full:https://registry.npmjs.org/@alloc%2fquick-lru set size:undefined disposed:false
133 silly fetch manifest esutils@^2.0.2
134 silly packumentCache full:https://registry.npmjs.org/esutils cache-miss
135 http fetch GET 200 https://registry.npmjs.org/undici-types 1347ms (cache miss)
136 silly packumentCache full:https://registry.npmjs.org/undici-types set size:undefined disposed:false
137 silly fetch manifest find-up@^5.0.0
138 silly packumentCache full:https://registry.npmjs.org/find-up cache-miss
139 http fetch GET 200 https://registry.npmjs.org/chalk 1495ms (cache miss)
140 silly packumentCache full:https://registry.npmjs.org/chalk set size:undefined disposed:false
141 silly fetch manifest is-glob@^4.0.0
142 silly packumentCache full:https://registry.npmjs.org/is-glob cache-miss
143 http fetch GET 200 https://registry.npmjs.org/esquery 1383ms (cache miss)
144 silly packumentCache full:https://registry.npmjs.org/esquery set size:undefined disposed:false
145 silly fetch manifest minimatch@^3.1.5
146 silly packumentCache full:https://registry.npmjs.org/minimatch cache-miss
147 http fetch GET 200 https://registry.npmjs.org/esutils 1204ms (cache miss)
148 silly packumentCache full:https://registry.npmjs.org/esutils set size:undefined disposed:false
149 silly fetch manifest @eslint/js@9.39.5
150 silly packumentCache full:https://registry.npmjs.org/@eslint%2fjs cache-miss
151 http fetch GET 200 https://registry.npmjs.org/find-up 1221ms (cache miss)
152 silly packumentCache full:https://registry.npmjs.org/find-up set size:undefined disposed:false
153 silly fetch manifest optionator@^0.9.3
154 silly packumentCache full:https://registry.npmjs.org/optionator cache-miss
155 http fetch GET 200 https://registry.npmjs.org/espree 2594ms (cache miss)
156 silly packumentCache full:https://registry.npmjs.org/espree set size:undefined disposed:false
157 silly fetch manifest cross-spawn@^7.0.6
158 silly packumentCache full:https://registry.npmjs.org/cross-spawn cache-miss
159 http fetch GET 200 https://registry.npmjs.org/debug 2622ms (cache miss)
160 silly packumentCache full:https://registry.npmjs.org/debug set size:undefined disposed:false
161 silly fetch manifest glob-parent@^6.0.2
162 silly packumentCache full:https://registry.npmjs.org/glob-parent cache-miss
163 http fetch GET 200 https://registry.npmjs.org/ignore 2603ms (cache miss)
164 silly packumentCache full:https://registry.npmjs.org/ignore set size:undefined disposed:false
165 silly fetch manifest imurmurhash@^0.1.4
166 silly packumentCache full:https://registry.npmjs.org/imurmurhash cache-miss
167 http fetch GET 200 https://registry.npmjs.org/is-glob 5875ms (cache miss)
168 silly packumentCache full:https://registry.npmjs.org/is-glob set size:undefined disposed:false
169 silly fetch manifest @eslint/core@^0.17.0
170 silly packumentCache full:https://registry.npmjs.org/@eslint%2fcore cache-miss
171 http fetch GET 200 https://registry.npmjs.org/imurmurhash 4625ms (cache miss)
172 silly packumentCache full:https://registry.npmjs.org/imurmurhash set size:undefined disposed:false
173 silly fetch manifest eslint-scope@^8.4.0
174 silly packumentCache full:https://registry.npmjs.org/eslint-scope cache-miss
175 http fetch GET 200 https://registry.npmjs.org/cross-spawn 4950ms (cache miss)
176 silly packumentCache full:https://registry.npmjs.org/cross-spawn set size:undefined disposed:false
177 silly fetch manifest lodash.merge@^4.6.2
178 silly packumentCache full:https://registry.npmjs.org/lodash.merge cache-miss
179 http fetch GET 200 https://registry.npmjs.org/optionator 5079ms (cache miss)
180 silly packumentCache full:https://registry.npmjs.org/optionator set size:undefined disposed:false
181 silly fetch manifest @humanfs/node@^0.16.6
182 silly packumentCache full:https://registry.npmjs.org/@humanfs%2fnode cache-miss
183 http fetch GET 200 https://registry.npmjs.org/@eslint%2fjs 7385ms (cache miss)
184 silly packumentCache full:https://registry.npmjs.org/@eslint%2fjs set size:undefined disposed:false
185 silly fetch manifest @types/estree@^1.0.6
186 silly packumentCache full:https://registry.npmjs.org/@types%2festree cache-miss
187 http fetch GET 200 https://registry.npmjs.org/lodash.merge 2415ms (cache miss)
188 silly packumentCache full:https://registry.npmjs.org/lodash.merge set size:undefined disposed:false
189 silly fetch manifest fast-deep-equal@^3.1.3
190 silly packumentCache full:https://registry.npmjs.org/fast-deep-equal cache-miss
191 http fetch GET 200 https://registry.npmjs.org/eslint-scope 3539ms (cache miss)
192 silly packumentCache full:https://registry.npmjs.org/eslint-scope set size:undefined disposed:false
193 silly fetch manifest natural-compare@^1.4.0
194 silly packumentCache full:https://registry.npmjs.org/natural-compare cache-miss
195 http fetch GET 200 https://registry.npmjs.org/@eslint%2fcore 3809ms (cache miss)
196 silly packumentCache full:https://registry.npmjs.org/@eslint%2fcore set size:undefined disposed:false
197 silly fetch manifest @eslint/eslintrc@^3.3.6
198 silly packumentCache full:https://registry.npmjs.org/@eslint%2feslintrc cache-miss
199 http fetch GET 200 https://registry.npmjs.org/@humanfs%2fnode 3538ms (cache miss)
200 silly packumentCache full:https://registry.npmjs.org/@humanfs%2fnode set size:undefined disposed:false
201 silly fetch manifest file-entry-cache@^8.0.0
202 silly packumentCache full:https://registry.npmjs.org/file-entry-cache cache-miss
203 http fetch GET 200 https://registry.npmjs.org/fast-deep-equal 1262ms (cache miss)
204 silly packumentCache full:https://registry.npmjs.org/fast-deep-equal set size:undefined disposed:false
205 silly fetch manifest @eslint/plugin-kit@^0.4.1
206 silly packumentCache full:https://registry.npmjs.org/@eslint%2fplugin-kit cache-miss
207 http fetch GET 200 https://registry.npmjs.org/@types%2festree 1306ms (cache miss)
208 silly packumentCache full:https://registry.npmjs.org/@types%2festree set size:undefined disposed:false
209 silly fetch manifest eslint-visitor-keys@^4.2.1
210 silly packumentCache full:https://registry.npmjs.org/eslint-visitor-keys cache-miss
211 http fetch GET 200 https://registry.npmjs.org/natural-compare 277ms (cache miss)
212 silly packumentCache full:https://registry.npmjs.org/natural-compare set size:undefined disposed:false
213 silly fetch manifest @eslint/config-array@^0.21.2
214 silly packumentCache full:https://registry.npmjs.org/@eslint%2fconfig-array cache-miss
215 http fetch GET 200 https://registry.npmjs.org/@tailwindcss%2fnode 11483ms (cache miss)
216 silly packumentCache full:https://registry.npmjs.org/@tailwindcss%2fnode set size:undefined disposed:false
217 silly fetch manifest @humanwhocodes/retry@^0.4.2
218 silly packumentCache full:https://registry.npmjs.org/@humanwhocodes%2fretry cache-miss
219 http fetch GET 200 https://registry.npmjs.org/@humanwhocodes%2fretry 2026ms (cache miss)
220 silly packumentCache full:https://registry.npmjs.org/@humanwhocodes%2fretry set size:undefined disposed:false
221 silly fetch manifest escape-string-regexp@^4.0.0
222 silly packumentCache full:https://registry.npmjs.org/escape-string-regexp cache-miss
223 http fetch GET 200 https://registry.npmjs.org/eslint-visitor-keys 2516ms (cache miss)
224 silly packumentCache full:https://registry.npmjs.org/eslint-visitor-keys set size:undefined disposed:false
225 silly fetch manifest @eslint/config-helpers@^0.4.2
226 silly packumentCache full:https://registry.npmjs.org/@eslint%2fconfig-helpers cache-miss
227 http fetch GET 200 https://registry.npmjs.org/@eslint%2fconfig-array 2574ms (cache miss)
228 silly packumentCache full:https://registry.npmjs.org/@eslint%2fconfig-array set size:undefined disposed:false
229 silly fetch manifest @eslint-community/regexpp@^4.12.1
230 silly packumentCache full:https://registry.npmjs.org/@eslint-community%2fregexpp cache-miss
231 http fetch GET 200 https://registry.npmjs.org/minimatch 11365ms (cache miss)
232 silly packumentCache full:https://registry.npmjs.org/minimatch set size:undefined disposed:false
233 silly fetch manifest @eslint-community/eslint-utils@^4.8.0
234 silly packumentCache full:https://registry.npmjs.org/@eslint-community%2feslint-utils cache-miss
235 http fetch GET 200 https://registry.npmjs.org/@eslint%2fconfig-helpers 1455ms (cache miss)
236 silly packumentCache full:https://registry.npmjs.org/@eslint%2fconfig-helpers set size:undefined disposed:false
237 silly fetch manifest @humanwhocodes/module-importer@^1.0.1
238 silly packumentCache full:https://registry.npmjs.org/@humanwhocodes%2fmodule-importer cache-miss
239 http fetch GET 200 https://registry.npmjs.org/@eslint-community%2fregexpp 1480ms (cache miss)
240 silly packumentCache full:https://registry.npmjs.org/@eslint-community%2fregexpp set size:undefined disposed:false
241 silly fetch manifest json-stable-stringify-without-jsonify@^1.0.1
242 silly packumentCache full:https://registry.npmjs.org/json-stable-stringify-without-jsonify cache-miss
243 http fetch GET 200 https://registry.npmjs.org/csstype 17350ms (cache miss)
244 silly packumentCache full:https://registry.npmjs.org/csstype set size:undefined disposed:false
245 silly fetch manifest globals@16.4.0
246 silly packumentCache full:https://registry.npmjs.org/globals cache-miss
247 http fetch GET 200 https://registry.npmjs.org/@eslint-community%2feslint-utils 3466ms (cache miss)
248 silly packumentCache full:https://registry.npmjs.org/@eslint-community%2feslint-utils set size:undefined disposed:false
249 silly fetch manifest typescript-eslint@^8.46.0
250 silly packumentCache full:https://registry.npmjs.org/typescript-eslint cache-miss
251 http fetch GET 200 https://registry.npmjs.org/@humanwhocodes%2fmodule-importer 2135ms (cache miss)
252 silly packumentCache full:https://registry.npmjs.org/@humanwhocodes%2fmodule-importer set size:undefined disposed:false
253 silly fetch manifest eslint-plugin-react@^7.37.0
254 silly packumentCache full:https://registry.npmjs.org/eslint-plugin-react cache-miss
255 http fetch GET 200 https://registry.npmjs.org/json-stable-stringify-without-jsonify 2133ms (cache miss)
256 silly packumentCache full:https://registry.npmjs.org/json-stable-stringify-without-jsonify set size:undefined disposed:false
257 silly fetch manifest eslint-plugin-import@^2.32.0
258 silly packumentCache full:https://registry.npmjs.org/eslint-plugin-import cache-miss
259 http fetch GET 200 https://registry.npmjs.org/escape-string-regexp 4386ms (cache miss)
260 silly packumentCache full:https://registry.npmjs.org/escape-string-regexp set size:undefined disposed:false
261 silly fetch manifest eslint-plugin-jsx-a11y@^6.10.0
262 silly packumentCache full:https://registry.npmjs.org/eslint-plugin-jsx-a11y cache-miss
263 http fetch GET 200 https://registry.npmjs.org/ajv 17975ms (cache miss)
264 silly packumentCache full:https://registry.npmjs.org/ajv set size:undefined disposed:false
265 silly fetch manifest @next/eslint-plugin-next@16.3.3
266 silly packumentCache full:https://registry.npmjs.org/@next%2feslint-plugin-next cache-miss
267 http fetch GET 200 https://registry.npmjs.org/@eslint%2fplugin-kit 7158ms (cache miss)
268 silly packumentCache full:https://registry.npmjs.org/@eslint%2fplugin-kit set size:undefined disposed:false
269 silly fetch manifest eslint-plugin-react-hooks@^7.0.0
270 silly packumentCache full:https://registry.npmjs.org/eslint-plugin-react-hooks cache-miss
271 http fetch GET 200 https://registry.npmjs.org/file-entry-cache 7335ms (cache miss)
272 silly packumentCache full:https://registry.npmjs.org/file-entry-cache set size:undefined disposed:false
273 silly fetch manifest eslint-import-resolver-node@^0.3.6
274 silly packumentCache full:https://registry.npmjs.org/eslint-import-resolver-node cache-miss
275 http fetch GET 200 https://registry.npmjs.org/glob-parent 16801ms (cache miss)
276 silly packumentCache full:https://registry.npmjs.org/glob-parent set size:undefined disposed:false
277 silly fetch manifest eslint-import-resolver-typescript@^3.5.2
278 silly packumentCache full:https://registry.npmjs.org/eslint-import-resolver-typescript cache-miss
279 http fetch GET 200 https://registry.npmjs.org/eslint-import-resolver-typescript 270ms (cache miss)
280 silly packumentCache full:https://registry.npmjs.org/eslint-import-resolver-typescript set size:undefined disposed:false
281 silly fetch manifest postcss@8.5.23
282 silly packumentCache full:https://registry.npmjs.org/postcss cache-miss
283 http cache https://registry.npmjs.org/postcss 32ms (cache hit)
284 silly packumentCache full:https://registry.npmjs.org/postcss set size:760024 disposed:false
285 silly fetch manifest @next/env@16.3.3
286 silly packumentCache full:https://registry.npmjs.org/@next%2fenv cache-miss
287 http fetch GET 200 https://registry.npmjs.org/@eslint%2feslintrc 10235ms (cache miss)
288 silly packumentCache full:https://registry.npmjs.org/@eslint%2feslintrc set size:undefined disposed:false
289 silly fetch manifest styled-jsx@5.1.6
290 silly packumentCache full:https://registry.npmjs.org/styled-jsx cache-miss
291 http fetch GET 200 https://registry.npmjs.org/@tailwindcss%2foxide 21473ms (cache miss)
292 silly packumentCache full:https://registry.npmjs.org/@tailwindcss%2foxide set size:undefined disposed:false
293 silly fetch manifest @swc/helpers@0.5.23
294 silly packumentCache full:https://registry.npmjs.org/@swc%2fhelpers cache-miss
295 http fetch GET 200 https://registry.npmjs.org/eslint-plugin-react 6347ms (cache miss)
296 silly packumentCache full:https://registry.npmjs.org/eslint-plugin-react set size:undefined disposed:false
297 silly fetch manifest caniuse-lite@^1.0.30001579
298 silly packumentCache full:https://registry.npmjs.org/caniuse-lite cache-miss
299 http fetch GET 200 https://registry.npmjs.org/eslint-import-resolver-node 6934ms (cache miss)
300 silly packumentCache full:https://registry.npmjs.org/eslint-import-resolver-node set size:undefined disposed:false
301 silly fetch manifest baseline-browser-mapping@^2.9.19
302 silly packumentCache full:https://registry.npmjs.org/baseline-browser-mapping cache-miss
303 http fetch GET 200 https://registry.npmjs.org/globals 10431ms (cache miss)
304 silly packumentCache full:https://registry.npmjs.org/globals set size:undefined disposed:false
305 silly fetch manifest sharp@^0.35.3
306 silly packumentCache full:https://registry.npmjs.org/sharp cache-miss
307 http fetch GET 200 https://registry.npmjs.org/eslint-plugin-import 10508ms (cache miss)
308 silly packumentCache full:https://registry.npmjs.org/eslint-plugin-import set size:undefined disposed:false
309 silly fetch manifest @next/swc-darwin-x64@16.3.3
310 silly packumentCache full:https://registry.npmjs.org/@next%2fswc-darwin-x64 cache-miss
311 http fetch GET 200 https://registry.npmjs.org/eslint-plugin-jsx-a11y 11187ms (cache miss)
312 silly packumentCache full:https://registry.npmjs.org/eslint-plugin-jsx-a11y set size:undefined disposed:false
313 silly fetch manifest @next/swc-darwin-arm64@16.3.3
314 silly packumentCache full:https://registry.npmjs.org/@next%2fswc-darwin-arm64 cache-miss
315 http fetch GET 200 https://registry.npmjs.org/@swc%2fhelpers 11532ms (cache miss)
316 silly packumentCache full:https://registry.npmjs.org/@swc%2fhelpers set size:undefined disposed:false
317 silly fetch manifest @next/swc-linux-x64-gnu@16.3.3
318 silly packumentCache full:https://registry.npmjs.org/@next%2fswc-linux-x64-gnu cache-miss
319 http fetch GET 200 https://registry.npmjs.org/baseline-browser-mapping 18785ms (cache miss)
320 silly packumentCache full:https://registry.npmjs.org/baseline-browser-mapping set size:undefined disposed:false
321 silly fetch manifest @next/swc-linux-x64-musl@16.3.3
322 silly packumentCache full:https://registry.npmjs.org/@next%2fswc-linux-x64-musl cache-miss
323 http fetch GET 200 https://registry.npmjs.org/styled-jsx 22850ms (cache miss)
324 silly packumentCache full:https://registry.npmjs.org/styled-jsx set size:undefined disposed:false
325 silly fetch manifest @next/swc-win32-x64-msvc@16.3.3
326 silly packumentCache full:https://registry.npmjs.org/@next%2fswc-win32-x64-msvc cache-miss
327 http fetch GET 200 https://registry.npmjs.org/sharp 52239ms (cache miss)
328 silly packumentCache full:https://registry.npmjs.org/sharp set size:undefined disposed:false
329 silly fetch manifest @next/swc-linux-arm64-gnu@16.3.3
330 silly packumentCache full:https://registry.npmjs.org/@next%2fswc-linux-arm64-gnu cache-miss
331 http fetch GET 200 https://registry.npmjs.org/@next%2fenv 74396ms (cache miss)
332 silly packumentCache full:https://registry.npmjs.org/@next%2fenv set size:undefined disposed:false
333 silly fetch manifest @next/swc-linux-arm64-musl@16.3.3
334 silly packumentCache full:https://registry.npmjs.org/@next%2fswc-linux-arm64-musl cache-miss
335 http fetch GET 200 https://registry.npmjs.org/@next%2fswc-linux-arm64-musl 38687ms (cache miss)
336 silly packumentCache full:https://registry.npmjs.org/@next%2fswc-linux-arm64-musl set size:undefined disposed:false
337 silly fetch manifest @next/swc-win32-arm64-msvc@16.3.3
338 silly packumentCache full:https://registry.npmjs.org/@next%2fswc-win32-arm64-msvc cache-miss
339 http fetch GET 200 https://registry.npmjs.org/typescript-eslint 129295ms (cache miss)
340 silly packumentCache full:https://registry.npmjs.org/typescript-eslint set size:undefined disposed:false
341 silly fetch manifest scheduler@^0.27.0
342 silly packumentCache full:https://registry.npmjs.org/scheduler cache-miss
343 http fetch GET 200 https://registry.npmjs.org/caniuse-lite 132655ms (cache miss)
344 silly packumentCache full:https://registry.npmjs.org/caniuse-lite set size:undefined disposed:false
345 http fetch GET 200 https://registry.npmjs.org/@next%2fswc-linux-x64-gnu 135918ms (cache miss)
346 silly packumentCache full:https://registry.npmjs.org/@next%2fswc-linux-x64-gnu set size:undefined disposed:false
347 http fetch GET 200 https://registry.npmjs.org/@next%2fswc-win32-arm64-msvc 74130ms (cache miss)
348 silly packumentCache full:https://registry.npmjs.org/@next%2fswc-win32-arm64-msvc set size:undefined disposed:false
349 http fetch GET 200 https://registry.npmjs.org/@next%2fswc-darwin-arm64 219043ms (cache miss)
350 silly packumentCache full:https://registry.npmjs.org/@next%2fswc-darwin-arm64 set size:undefined disposed:false
351 http fetch GET 200 https://registry.npmjs.org/@next%2fswc-linux-arm64-gnu 188387ms (cache miss)
352 silly packumentCache full:https://registry.npmjs.org/@next%2fswc-linux-arm64-gnu set size:undefined disposed:false
353 http fetch GET 200 https://registry.npmjs.org/@next%2fswc-linux-x64-musl 230766ms (cache miss)
354 silly packumentCache full:https://registry.npmjs.org/@next%2fswc-linux-x64-musl set size:undefined disposed:false
355 http fetch GET 200 https://registry.npmjs.org/@next%2fswc-win32-x64-msvc 233024ms (cache miss)
356 silly packumentCache full:https://registry.npmjs.org/@next%2fswc-win32-x64-msvc set size:undefined disposed:false
357 http fetch GET 200 https://registry.npmjs.org/@next%2feslint-plugin-next 283609ms (cache miss)
358 silly packumentCache full:https://registry.npmjs.org/@next%2feslint-plugin-next set size:undefined disposed:false
359 http fetch GET 200 https://registry.npmjs.org/eslint-plugin-react-hooks 283530ms (cache miss)
360 silly packumentCache full:https://registry.npmjs.org/eslint-plugin-react-hooks set size:undefined disposed:false
361 http fetch GET 200 https://registry.npmjs.org/@next%2fswc-darwin-x64 278146ms (cache miss)
362 silly packumentCache full:https://registry.npmjs.org/@next%2fswc-darwin-x64 set size:undefined disposed:false
363 http fetch GET 200 https://registry.npmjs.org/scheduler 281637ms (cache miss)
364 silly packumentCache full:https://registry.npmjs.org/scheduler set size:undefined disposed:false
365 silly placeDep ROOT @alloc/quick-lru@5.2.0 OK for: @tailwindcss/postcss@4.3.3 want: ^5.2.0
366 silly placeDep ROOT @tailwindcss/node@4.3.3 OK for: @tailwindcss/postcss@4.3.3 want: 4.3.3
367 silly placeDep ROOT @tailwindcss/oxide@4.3.3 OK for: @tailwindcss/postcss@4.3.3 want: 4.3.3
368 silly placeDep ROOT postcss@8.5.26 OK for: @tailwindcss/postcss@4.3.3 want: ^8.5.16
369 silly fetch manifest jiti@^2.7.0
370 silly packumentCache full:https://registry.npmjs.org/jiti cache-miss
371 silly fetch manifest lightningcss@1.32.0
372 silly packumentCache full:https://registry.npmjs.org/lightningcss cache-miss
373 silly fetch manifest magic-string@^0.30.21
374 silly packumentCache full:https://registry.npmjs.org/magic-string cache-miss
375 silly fetch manifest source-map-js@^1.2.1
376 silly packumentCache full:https://registry.npmjs.org/source-map-js cache-miss
377 silly fetch manifest enhanced-resolve@^5.24.1
378 silly packumentCache full:https://registry.npmjs.org/enhanced-resolve cache-miss
379 silly fetch manifest @jridgewell/remapping@^2.3.5
380 silly packumentCache full:https://registry.npmjs.org/@jridgewell%2fremapping cache-miss
381 silly fetch manifest @tailwindcss/oxide-darwin-x64@4.3.3
382 silly packumentCache full:https://registry.npmjs.org/@tailwindcss%2foxide-darwin-x64 cache-miss
383 silly fetch manifest @tailwindcss/oxide-freebsd-x64@4.3.3
384 silly packumentCache full:https://registry.npmjs.org/@tailwindcss%2foxide-freebsd-x64 cache-miss
385 silly fetch manifest @tailwindcss/oxide-wasm32-wasi@4.3.3
386 silly packumentCache full:https://registry.npmjs.org/@tailwindcss%2foxide-wasm32-wasi cache-miss
387 silly fetch manifest @tailwindcss/oxide-darwin-arm64@4.3.3
388 silly packumentCache full:https://registry.npmjs.org/@tailwindcss%2foxide-darwin-arm64 cache-miss
389 silly fetch manifest @tailwindcss/oxide-android-arm64@4.3.3
390 silly packumentCache full:https://registry.npmjs.org/@tailwindcss%2foxide-android-arm64 cache-miss
391 http cache https://registry.npmjs.org/source-map-js 75ms (cache hit)
392 silly packumentCache full:https://registry.npmjs.org/source-map-js set size:62640 disposed:false
393 silly fetch manifest @tailwindcss/oxide-linux-x64-gnu@4.3.3
394 silly packumentCache full:https://registry.npmjs.org/@tailwindcss%2foxide-linux-x64-gnu cache-miss
395 http cache https://registry.npmjs.org/magic-string 83ms (cache hit)
396 silly packumentCache full:https://registry.npmjs.org/magic-string set size:352504 disposed:false
397 silly fetch manifest @tailwindcss/oxide-linux-x64-musl@4.3.3
398 silly packumentCache full:https://registry.npmjs.org/@tailwindcss%2foxide-linux-x64-musl cache-miss
399 http cache https://registry.npmjs.org/lightningcss 99ms (cache hit)
400 silly packumentCache full:https://registry.npmjs.org/lightningcss set size:191065 disposed:false
401 silly fetch manifest @tailwindcss/oxide-win32-x64-msvc@4.3.3
402 silly packumentCache full:https://registry.npmjs.org/@tailwindcss%2foxide-win32-x64-msvc cache-miss
403 http cache https://registry.npmjs.org/enhanced-resolve 108ms (cache hit)
404 silly packumentCache full:https://registry.npmjs.org/enhanced-resolve set size:482889 disposed:false
405 silly fetch manifest @tailwindcss/oxide-linux-arm64-gnu@4.3.3
406 silly packumentCache full:https://registry.npmjs.org/@tailwindcss%2foxide-linux-arm64-gnu cache-miss
407 http cache https://registry.npmjs.org/@jridgewell%2fremapping 124ms (cache hit)
408 silly packumentCache full:https://registry.npmjs.org/@jridgewell%2fremapping set size:23809 disposed:false
409 silly fetch manifest @tailwindcss/oxide-linux-arm64-musl@4.3.3
410 silly packumentCache full:https://registry.npmjs.org/@tailwindcss%2foxide-linux-arm64-musl cache-miss
411 http cache https://registry.npmjs.org/@tailwindcss%2foxide-wasm32-wasi 137ms (cache hit)
412 silly packumentCache full:https://registry.npmjs.org/@tailwindcss%2foxide-wasm32-wasi set size:1592948 disposed:false
413 silly fetch manifest @tailwindcss/oxide-win32-arm64-msvc@4.3.3
414 silly packumentCache full:https://registry.npmjs.org/@tailwindcss%2foxide-win32-arm64-msvc cache-miss
415 http cache https://registry.npmjs.org/@tailwindcss%2foxide-win32-x64-msvc 159ms (cache hit)
416 silly packumentCache full:https://registry.npmjs.org/@tailwindcss%2foxide-win32-x64-msvc set size:3018784 disposed:false
417 silly fetch manifest @tailwindcss/oxide-linux-arm-gnueabihf@4.3.3
418 silly packumentCache full:https://registry.npmjs.org/@tailwindcss%2foxide-linux-arm-gnueabihf cache-miss
419 http cache https://registry.npmjs.org/@tailwindcss%2foxide-win32-arm64-msvc 153ms (cache hit)
420 silly packumentCache full:https://registry.npmjs.org/@tailwindcss%2foxide-win32-arm64-msvc set size:2130381 disposed:false
421 silly fetch manifest nanoid@^3.3.17
422 silly packumentCache full:https://registry.npmjs.org/nanoid cache-miss
423 http cache https://registry.npmjs.org/nanoid 60ms (cache hit)
424 silly packumentCache full:https://registry.npmjs.org/nanoid set size:342705 disposed:false
425 silly fetch manifest picocolors@^1.1.1
426 silly packumentCache full:https://registry.npmjs.org/picocolors cache-miss
427 http cache https://registry.npmjs.org/picocolors 38ms (cache hit)
428 silly packumentCache full:https://registry.npmjs.org/picocolors set size:16648 disposed:false
429 http fetch GET 200 https://registry.npmjs.org/jiti 598ms (cache revalidated)
430 silly packumentCache full:https://registry.npmjs.org/jiti set size:387989 disposed:false
431 http fetch GET 200 https://registry.npmjs.org/@tailwindcss%2foxide-linux-x64-musl 11811ms (cache miss)
432 silly packumentCache full:https://registry.npmjs.org/@tailwindcss%2foxide-linux-x64-musl set size:undefined disposed:false
433 http fetch GET 200 https://registry.npmjs.org/@tailwindcss%2foxide-android-arm64 22767ms (cache miss)
434 silly packumentCache full:https://registry.npmjs.org/@tailwindcss%2foxide-android-arm64 set size:undefined disposed:false
435 http fetch GET 200 https://registry.npmjs.org/@tailwindcss%2foxide-darwin-arm64 24852ms (cache miss)
436 silly packumentCache full:https://registry.npmjs.org/@tailwindcss%2foxide-darwin-arm64 set size:undefined disposed:false
437 http fetch GET 200 https://registry.npmjs.org/@tailwindcss%2foxide-linux-arm64-musl 24814ms (cache miss)
438 silly packumentCache full:https://registry.npmjs.org/@tailwindcss%2foxide-linux-arm64-musl set size:undefined disposed:false
439 http fetch GET 200 https://registry.npmjs.org/@tailwindcss%2foxide-linux-arm-gnueabihf 32981ms (cache miss)
440 silly packumentCache full:https://registry.npmjs.org/@tailwindcss%2foxide-linux-arm-gnueabihf set size:undefined disposed:false
441 http fetch GET 200 https://registry.npmjs.org/@tailwindcss%2foxide-linux-arm64-gnu 36354ms (cache miss)
442 silly packumentCache full:https://registry.npmjs.org/@tailwindcss%2foxide-linux-arm64-gnu set size:undefined disposed:false
443 http fetch GET 200 https://registry.npmjs.org/@tailwindcss%2foxide-linux-x64-gnu 36651ms (cache miss)
444 silly packumentCache full:https://registry.npmjs.org/@tailwindcss%2foxide-linux-x64-gnu set size:undefined disposed:false
445 http fetch GET 200 https://registry.npmjs.org/@tailwindcss%2foxide-darwin-x64 37644ms (cache miss)
446 silly packumentCache full:https://registry.npmjs.org/@tailwindcss%2foxide-darwin-x64 set size:undefined disposed:false
447 http fetch GET 200 https://registry.npmjs.org/@tailwindcss%2foxide-freebsd-x64 47254ms (cache miss)
448 silly packumentCache full:https://registry.npmjs.org/@tailwindcss%2foxide-freebsd-x64 set size:undefined disposed:false
449 silly placeDep ROOT @jridgewell/remapping@2.3.5 OK for: @tailwindcss/node@4.3.3 want: ^2.3.5
450 silly placeDep ROOT enhanced-resolve@5.24.5 OK for: @tailwindcss/node@4.3.3 want: ^5.24.1
451 silly placeDep ROOT jiti@2.7.0 OK for: @tailwindcss/node@4.3.3 want: ^2.7.0
452 silly placeDep ROOT lightningcss@1.32.0 OK for: @tailwindcss/node@4.3.3 want: 1.32.0
453 silly placeDep ROOT magic-string@0.30.21 OK for: @tailwindcss/node@4.3.3 want: ^0.30.21
454 silly placeDep ROOT source-map-js@1.2.1 OK for: @tailwindcss/node@4.3.3 want: ^1.2.1
455 silly fetch manifest @jridgewell/gen-mapping@^0.3.5
456 silly packumentCache full:https://registry.npmjs.org/@jridgewell%2fgen-mapping cache-miss
457 silly fetch manifest @jridgewell/trace-mapping@^0.3.24
458 silly packumentCache full:https://registry.npmjs.org/@jridgewell%2ftrace-mapping cache-miss
459 silly fetch manifest tapable@^2.3.3
460 silly packumentCache full:https://registry.npmjs.org/tapable cache-miss
461 silly fetch manifest graceful-fs@^4.2.4
462 silly packumentCache full:https://registry.npmjs.org/graceful-fs cache-miss
463 silly fetch manifest detect-libc@^2.0.3
464 silly packumentCache full:https://registry.npmjs.org/detect-libc cache-miss
465 silly fetch manifest lightningcss-darwin-x64@1.32.0
466 silly packumentCache full:https://registry.npmjs.org/lightningcss-darwin-x64 cache-miss
467 silly fetch manifest lightningcss-freebsd-x64@1.32.0
468 silly packumentCache full:https://registry.npmjs.org/lightningcss-freebsd-x64 cache-miss
469 silly fetch manifest lightningcss-darwin-arm64@1.32.0
470 silly packumentCache full:https://registry.npmjs.org/lightningcss-darwin-arm64 cache-miss
471 silly fetch manifest lightningcss-android-arm64@1.32.0
472 silly packumentCache full:https://registry.npmjs.org/lightningcss-android-arm64 cache-miss
473 silly fetch manifest lightningcss-linux-x64-gnu@1.32.0
474 silly packumentCache full:https://registry.npmjs.org/lightningcss-linux-x64-gnu cache-miss
475 silly fetch manifest lightningcss-linux-x64-musl@1.32.0
476 silly packumentCache full:https://registry.npmjs.org/lightningcss-linux-x64-musl cache-miss
477 http cache https://registry.npmjs.org/@jridgewell%2fgen-mapping 76ms (cache hit)
478 silly packumentCache full:https://registry.npmjs.org/@jridgewell%2fgen-mapping set size:75941 disposed:false
479 silly fetch manifest lightningcss-win32-x64-msvc@1.32.0
480 silly packumentCache full:https://registry.npmjs.org/lightningcss-win32-x64-msvc cache-miss
481 http cache https://registry.npmjs.org/@jridgewell%2ftrace-mapping 83ms (cache hit)
482 silly packumentCache full:https://registry.npmjs.org/@jridgewell%2ftrace-mapping set size:170909 disposed:false
483 silly fetch manifest lightningcss-linux-arm64-gnu@1.32.0
484 silly packumentCache full:https://registry.npmjs.org/lightningcss-linux-arm64-gnu cache-miss
485 http cache https://registry.npmjs.org/tapable 90ms (cache hit)
486 silly packumentCache full:https://registry.npmjs.org/tapable set size:141233 disposed:false
487 silly fetch manifest lightningcss-linux-arm64-musl@1.32.0
488 silly packumentCache full:https://registry.npmjs.org/lightningcss-linux-arm64-musl cache-miss
489 http cache https://registry.npmjs.org/detect-libc 100ms (cache hit)
490 silly packumentCache full:https://registry.npmjs.org/detect-libc set size:47861 disposed:false
491 silly fetch manifest lightningcss-win32-arm64-msvc@1.32.0
492 silly packumentCache full:https://registry.npmjs.org/lightningcss-win32-arm64-msvc cache-miss
493 http cache https://registry.npmjs.org/graceful-fs 105ms (cache hit)
494 silly packumentCache full:https://registry.npmjs.org/graceful-fs set size:124285 disposed:false
495 silly fetch manifest lightningcss-linux-arm-gnueabihf@1.32.0
496 silly packumentCache full:https://registry.npmjs.org/lightningcss-linux-arm-gnueabihf cache-miss
497 http cache https://registry.npmjs.org/lightningcss-freebsd-x64 109ms (cache hit)
498 silly packumentCache full:https://registry.npmjs.org/lightningcss-freebsd-x64 set size:44564 disposed:false
499 silly fetch manifest @jridgewell/sourcemap-codec@^1.5.5
500 silly packumentCache full:https://registry.npmjs.org/@jridgewell%2fsourcemap-codec cache-miss
501 http cache https://registry.npmjs.org/lightningcss-darwin-arm64 110ms (cache hit)
502 silly packumentCache full:https://registry.npmjs.org/lightningcss-darwin-arm64 set size:80970 disposed:false
503 http cache https://registry.npmjs.org/lightningcss-darwin-x64 116ms (cache hit)
504 silly packumentCache full:https://registry.npmjs.org/lightningcss-darwin-x64 set size:80374 disposed:false
505 http cache https://registry.npmjs.org/lightningcss-android-arm64 118ms (cache hit)
506 silly packumentCache full:https://registry.npmjs.org/lightningcss-android-arm64 set size:9371 disposed:false
507 http cache https://registry.npmjs.org/lightningcss-linux-x64-gnu 119ms (cache hit)
508 silly packumentCache full:https://registry.npmjs.org/lightningcss-linux-x64-gnu set size:81819 disposed:false
509 http cache https://registry.npmjs.org/lightningcss-linux-x64-musl 123ms (cache hit)
510 silly packumentCache full:https://registry.npmjs.org/lightningcss-linux-x64-musl set size:82032 disposed:false
511 http cache https://registry.npmjs.org/lightningcss-win32-x64-msvc 79ms (cache hit)
512 silly packumentCache full:https://registry.npmjs.org/lightningcss-win32-x64-msvc set size:81347 disposed:false
513 http cache https://registry.npmjs.org/lightningcss-win32-arm64-msvc 60ms (cache hit)
514 silly packumentCache full:https://registry.npmjs.org/lightningcss-win32-arm64-msvc set size:28346 disposed:false
515 http cache https://registry.npmjs.org/lightningcss-linux-arm64-musl 70ms (cache hit)
516 silly packumentCache full:https://registry.npmjs.org/lightningcss-linux-arm64-musl set size:82617 disposed:false
517 http cache https://registry.npmjs.org/lightningcss-linux-arm-gnueabihf 59ms (cache hit)
518 silly packumentCache full:https://registry.npmjs.org/lightningcss-linux-arm-gnueabihf set size:82635 disposed:false
519 http cache https://registry.npmjs.org/lightningcss-linux-arm64-gnu 82ms (cache hit)
520 silly packumentCache full:https://registry.npmjs.org/lightningcss-linux-arm64-gnu set size:82397 disposed:false
521 http cache https://registry.npmjs.org/@jridgewell%2fsourcemap-codec 59ms (cache hit)
522 silly packumentCache full:https://registry.npmjs.org/@jridgewell%2fsourcemap-codec set size:51856 disposed:false
523 silly placeDep ROOT @jridgewell/gen-mapping@0.3.13 OK for: @jridgewell/remapping@2.3.5 want: ^0.3.5
524 silly placeDep ROOT @jridgewell/trace-mapping@0.3.31 OK for: @jridgewell/remapping@2.3.5 want: ^0.3.24
525 silly fetch manifest @jridgewell/sourcemap-codec@^1.5.0
526 silly packumentCache full:https://registry.npmjs.org/@jridgewell%2fsourcemap-codec cache-hit
527 silly fetch manifest @jridgewell/resolve-uri@^3.1.0
528 silly packumentCache full:https://registry.npmjs.org/@jridgewell%2fresolve-uri cache-miss
529 silly fetch manifest @jridgewell/sourcemap-codec@^1.4.14
530 silly packumentCache full:https://registry.npmjs.org/@jridgewell%2fsourcemap-codec cache-hit
531 http cache https://registry.npmjs.org/@jridgewell%2fresolve-uri 18ms (cache hit)
532 silly packumentCache full:https://registry.npmjs.org/@jridgewell%2fresolve-uri set size:57361 disposed:false
533 silly placeDep ROOT @jridgewell/sourcemap-codec@1.5.5 OK for: @jridgewell/gen-mapping@0.3.13 want: ^1.5.0
534 silly placeDep ROOT @jridgewell/resolve-uri@3.1.2 OK for: @jridgewell/trace-mapping@0.3.31 want: ^3.1.0
535 silly placeDep ROOT @tailwindcss/oxide-android-arm64@4.3.3 OK for: @tailwindcss/oxide@4.3.3 want: 4.3.3
536 silly placeDep ROOT @tailwindcss/oxide-darwin-arm64@4.3.3 OK for: @tailwindcss/oxide@4.3.3 want: 4.3.3
537 silly placeDep ROOT @tailwindcss/oxide-darwin-x64@4.3.3 OK for: @tailwindcss/oxide@4.3.3 want: 4.3.3
538 silly placeDep ROOT @tailwindcss/oxide-freebsd-x64@4.3.3 OK for: @tailwindcss/oxide@4.3.3 want: 4.3.3
539 silly placeDep ROOT @tailwindcss/oxide-linux-arm-gnueabihf@4.3.3 OK for: @tailwindcss/oxide@4.3.3 want: 4.3.3
540 silly placeDep ROOT @tailwindcss/oxide-linux-arm64-gnu@4.3.3 OK for: @tailwindcss/oxide@4.3.3 want: 4.3.3
541 silly placeDep ROOT @tailwindcss/oxide-linux-arm64-musl@4.3.3 OK for: @tailwindcss/oxide@4.3.3 want: 4.3.3
542 silly placeDep ROOT @tailwindcss/oxide-linux-x64-gnu@4.3.3 OK for: @tailwindcss/oxide@4.3.3 want: 4.3.3
543 silly placeDep ROOT @tailwindcss/oxide-linux-x64-musl@4.3.3 OK for: @tailwindcss/oxide@4.3.3 want: 4.3.3
544 silly placeDep ROOT @tailwindcss/oxide-wasm32-wasi@4.3.3 OK for: @tailwindcss/oxide@4.3.3 want: 4.3.3
545 silly placeDep ROOT @tailwindcss/oxide-win32-arm64-msvc@4.3.3 OK for: @tailwindcss/oxide@4.3.3 want: 4.3.3
546 silly placeDep ROOT @tailwindcss/oxide-win32-x64-msvc@4.3.3 OK for: @tailwindcss/oxide@4.3.3 want: 4.3.3
547 silly placeDep ROOT undici-types@6.21.0 OK for: @types/node@20.19.43 want: ~6.21.0
548 silly placeDep ROOT csstype@3.2.3 OK for: @types/react@19.2.18 want: ^3.2.2
549 silly placeDep ROOT graceful-fs@4.2.11 OK for: enhanced-resolve@5.24.5 want: ^4.2.4
550 silly placeDep ROOT tapable@2.3.3 OK for: enhanced-resolve@5.24.5 want: ^2.3.3
551 silly fetch manifest eslint@^6.0.0 || ^7.0.0 || >=8.0.0
552 silly packumentCache full:https://registry.npmjs.org/eslint cache-miss
553 http cache https://registry.npmjs.org/eslint 23ms (cache hit)
554 silly packumentCache full:https://registry.npmjs.org/eslint set size:2070000 disposed:false
555 silly placeDep ROOT @eslint-community/eslint-utils@4.10.1 OK for: eslint@9.39.5 want: ^4.8.0
556 silly placeDep ROOT @eslint-community/regexpp@4.12.2 OK for: eslint@9.39.5 want: ^4.12.1
557 silly placeDep ROOT @eslint/config-array@0.21.2 OK for: eslint@9.39.5 want: ^0.21.2
558 silly placeDep ROOT @eslint/config-helpers@0.4.2 OK for: eslint@9.39.5 want: ^0.4.2
559 silly placeDep ROOT @eslint/core@0.17.0 OK for: eslint@9.39.5 want: ^0.17.0
560 silly placeDep ROOT @eslint/eslintrc@3.3.6 OK for: eslint@9.39.5 want: ^3.3.6
561 silly placeDep ROOT @eslint/js@9.39.5 OK for: eslint@9.39.5 want: 9.39.5
562 silly placeDep ROOT @eslint/plugin-kit@0.4.1 OK for: eslint@9.39.5 want: ^0.4.1
563 silly placeDep ROOT @humanfs/node@0.16.8 OK for: eslint@9.39.5 want: ^0.16.6
564 silly placeDep ROOT @humanwhocodes/module-importer@1.0.1 OK for: eslint@9.39.5 want: ^1.0.1
565 silly placeDep ROOT @humanwhocodes/retry@0.4.3 OK for: eslint@9.39.5 want: ^0.4.2
566 silly placeDep ROOT @types/estree@1.0.9 OK for: eslint@9.39.5 want: ^1.0.6
567 silly placeDep ROOT ajv@6.15.0 OK for: eslint@9.39.5 want: ^6.14.0
568 silly placeDep ROOT chalk@4.1.2 OK for: eslint@9.39.5 want: ^4.0.0
569 silly placeDep ROOT cross-spawn@7.0.6 OK for: eslint@9.39.5 want: ^7.0.6
570 silly placeDep ROOT debug@4.4.3 OK for: eslint@9.39.5 want: ^4.3.2
571 silly placeDep ROOT escape-string-regexp@4.0.0 OK for: eslint@9.39.5 want: ^4.0.0
572 silly placeDep ROOT eslint-scope@8.4.0 OK for: eslint@9.39.5 want: ^8.4.0
573 silly placeDep ROOT eslint-visitor-keys@4.2.1 OK for: eslint@9.39.5 want: ^4.2.1
574 silly placeDep ROOT espree@10.4.0 OK for: eslint@9.39.5 want: ^10.4.0
575 silly placeDep ROOT esquery@1.7.0 OK for: eslint@9.39.5 want: ^1.5.0
576 silly placeDep ROOT esutils@2.0.3 OK for: eslint@9.39.5 want: ^2.0.2
577 silly placeDep ROOT fast-deep-equal@3.1.3 OK for: eslint@9.39.5 want: ^3.1.3
578 silly placeDep ROOT file-entry-cache@8.0.0 OK for: eslint@9.39.5 want: ^8.0.0
579 silly placeDep ROOT find-up@5.0.0 OK for: eslint@9.39.5 want: ^5.0.0
580 silly placeDep ROOT glob-parent@6.0.2 OK for: eslint@9.39.5 want: ^6.0.2
581 silly placeDep ROOT ignore@5.3.2 OK for: eslint@9.39.5 want: ^5.2.0
582 silly placeDep ROOT imurmurhash@0.1.4 OK for: eslint@9.39.5 want: ^0.1.4
583 silly placeDep ROOT is-glob@4.0.3 OK for: eslint@9.39.5 want: ^4.0.0
584 silly placeDep ROOT json-stable-stringify-without-jsonify@1.0.1 OK for: eslint@9.39.5 want: ^1.0.1
585 silly placeDep ROOT lodash.merge@4.6.2 OK for: eslint@9.39.5 want: ^4.6.2
586 silly placeDep ROOT minimatch@3.1.5 OK for: eslint@9.39.5 want: ^3.1.5
587 silly placeDep ROOT natural-compare@1.4.0 OK for: eslint@9.39.5 want: ^1.4.0
588 silly placeDep ROOT optionator@0.9.4 OK for: eslint@9.39.5 want: ^0.9.3
589 silly fetch manifest eslint-visitor-keys@^3.4.3
590 silly packumentCache full:https://registry.npmjs.org/eslint-visitor-keys cache-miss
591 silly fetch manifest debug@^4.3.1
592 silly packumentCache full:https://registry.npmjs.org/debug cache-miss
593 silly fetch manifest @eslint/object-schema@^2.1.7
594 silly packumentCache full:https://registry.npmjs.org/@eslint%2fobject-schema cache-miss
595 silly fetch manifest @types/json-schema@^7.0.15
596 silly packumentCache full:https://registry.npmjs.org/@types%2fjson-schema cache-miss
597 silly fetch manifest espree@^10.0.1
598 silly packumentCache full:https://registry.npmjs.org/espree cache-miss
599 silly fetch manifest globals@^14.0.0
600 silly packumentCache full:https://registry.npmjs.org/globals cache-miss
601 silly fetch manifest import-fresh@^3.2.1
602 silly packumentCache full:https://registry.npmjs.org/import-fresh cache-miss
603 silly fetch manifest js-yaml@^4.3.0
604 silly packumentCache full:https://registry.npmjs.org/js-yaml cache-miss
605 silly fetch manifest strip-json-comments@^3.1.1
606 silly packumentCache full:https://registry.npmjs.org/strip-json-comments cache-miss
607 silly fetch manifest levn@^0.4.1
608 silly packumentCache full:https://registry.npmjs.org/levn cache-miss
609 silly fetch manifest @humanwhocodes/retry@^0.4.0
610 silly packumentCache full:https://registry.npmjs.org/@humanwhocodes%2fretry cache-miss
611 http cache https://registry.npmjs.org/debug 86ms (cache hit)
612 silly packumentCache full:https://registry.npmjs.org/debug set size:195840 disposed:false
613 silly fetch manifest @humanfs/core@^0.19.2
614 silly packumentCache full:https://registry.npmjs.org/@humanfs%2fcore cache-miss
615 http cache https://registry.npmjs.org/@eslint%2fobject-schema 94ms (cache hit)
616 silly packumentCache full:https://registry.npmjs.org/@eslint%2fobject-schema set size:38535 disposed:false
617 silly fetch manifest @humanfs/types@^0.15.0
618 silly packumentCache full:https://registry.npmjs.org/@humanfs%2ftypes cache-miss
619 http cache https://registry.npmjs.org/globals 94ms (cache hit)
620 silly packumentCache full:https://registry.npmjs.org/globals set size:335107 disposed:false
621 silly fetch manifest uri-js@^4.2.2
622 silly packumentCache full:https://registry.npmjs.org/uri-js cache-miss
623 http cache https://registry.npmjs.org/strip-json-comments 100ms (cache hit)
624 silly packumentCache full:https://registry.npmjs.org/strip-json-comments set size:43569 disposed:false
625 silly fetch manifest fast-deep-equal@^3.1.1
626 silly packumentCache full:https://registry.npmjs.org/fast-deep-equal cache-miss
627 http cache https://registry.npmjs.org/eslint-visitor-keys 118ms (cache hit)
628 silly packumentCache full:https://registry.npmjs.org/eslint-visitor-keys set size:69949 disposed:false
629 silly fetch manifest json-schema-traverse@^0.4.1
630 silly packumentCache full:https://registry.npmjs.org/json-schema-traverse cache-miss
631 http cache https://registry.npmjs.org/espree 118ms (cache hit)
632 silly packumentCache full:https://registry.npmjs.org/espree set size:326080 disposed:false
633 silly fetch manifest fast-json-stable-stringify@^2.0.0
634 silly packumentCache full:https://registry.npmjs.org/fast-json-stable-stringify cache-miss
635 http cache https://registry.npmjs.org/@types%2fjson-schema 133ms (cache hit)
636 silly packumentCache full:https://registry.npmjs.org/@types%2fjson-schema set size:44704 disposed:false
637 silly fetch manifest ansi-styles@^4.1.0
638 silly packumentCache full:https://registry.npmjs.org/ansi-styles cache-miss
639 http cache https://registry.npmjs.org/js-yaml 128ms (cache hit)
640 silly packumentCache full:https://registry.npmjs.org/js-yaml set size:185699 disposed:false
641 silly fetch manifest supports-color@^7.1.0
642 silly packumentCache full:https://registry.npmjs.org/supports-color cache-miss
643 http cache https://registry.npmjs.org/import-fresh 139ms (cache hit)
644 silly packumentCache full:https://registry.npmjs.org/import-fresh set size:24604 disposed:false
645 silly fetch manifest which@^2.0.1
646 silly packumentCache full:https://registry.npmjs.org/which cache-miss
647 http cache https://registry.npmjs.org/levn 142ms (cache hit)
648 silly packumentCache full:https://registry.npmjs.org/levn set size:28223 disposed:false
649 silly fetch manifest path-key@^3.1.0
650 silly packumentCache full:https://registry.npmjs.org/path-key cache-miss
651 http cache https://registry.npmjs.org/@humanwhocodes%2fretry 143ms (cache hit)
652 silly packumentCache full:https://registry.npmjs.org/@humanwhocodes%2fretry set size:42348 disposed:false
653 silly fetch manifest shebang-command@^2.0.0
654 silly packumentCache full:https://registry.npmjs.org/shebang-command cache-miss
655 http cache https://registry.npmjs.org/@humanfs%2fcore 120ms (cache hit)
656 silly packumentCache full:https://registry.npmjs.org/@humanfs%2fcore set size:37261 disposed:false
657 silly fetch manifest ms@^2.1.3
658 silly packumentCache full:https://registry.npmjs.org/ms cache-miss
659 http cache https://registry.npmjs.org/json-schema-traverse 110ms (cache hit)
660 silly packumentCache full:https://registry.npmjs.org/json-schema-traverse set size:23537 disposed:false
661 silly fetch manifest esrecurse@^4.3.0
662 silly packumentCache full:https://registry.npmjs.org/esrecurse cache-miss
663 http cache https://registry.npmjs.org/uri-js 124ms (cache hit)
664 silly packumentCache full:https://registry.npmjs.org/uri-js set size:42559 disposed:false
665 silly fetch manifest estraverse@^5.2.0
666 silly packumentCache full:https://registry.npmjs.org/estraverse cache-miss
667 http cache https://registry.npmjs.org/@humanfs%2ftypes 144ms (cache hit)
668 silly packumentCache full:https://registry.npmjs.org/@humanfs%2ftypes set size:19212 disposed:false
669 silly fetch manifest acorn@^8.15.0
670 silly packumentCache full:https://registry.npmjs.org/acorn cache-miss
671 http cache https://registry.npmjs.org/fast-deep-equal 131ms (cache hit)
672 silly packumentCache full:https://registry.npmjs.org/fast-deep-equal set size:48634 disposed:false
673 silly fetch manifest acorn-jsx@^5.3.2
674 silly packumentCache full:https://registry.npmjs.org/acorn-jsx cache-miss
675 http cache https://registry.npmjs.org/supports-color 101ms (cache hit)
676 silly packumentCache full:https://registry.npmjs.org/supports-color set size:124169 disposed:false
677 silly fetch manifest estraverse@^5.1.0
678 silly packumentCache full:https://registry.npmjs.org/estraverse cache-miss
679 http cache https://registry.npmjs.org/fast-json-stable-stringify 129ms (cache hit)
680 silly packumentCache full:https://registry.npmjs.org/fast-json-stable-stringify set size:11337 disposed:false
681 silly fetch manifest flat-cache@^4.0.0
682 silly packumentCache full:https://registry.npmjs.org/flat-cache cache-miss
683 http cache https://registry.npmjs.org/ansi-styles 128ms (cache hit)
684 silly packumentCache full:https://registry.npmjs.org/ansi-styles set size:71772 disposed:false
685 silly fetch manifest locate-path@^6.0.0
686 silly packumentCache full:https://registry.npmjs.org/locate-path cache-miss
687 http cache https://registry.npmjs.org/which 117ms (cache hit)
688 silly packumentCache full:https://registry.npmjs.org/which set size:70087 disposed:false
689 silly fetch manifest path-exists@^4.0.0
690 silly packumentCache full:https://registry.npmjs.org/path-exists cache-miss
691 http cache https://registry.npmjs.org/path-key 120ms (cache hit)
692 silly packumentCache full:https://registry.npmjs.org/path-key set size:16975 disposed:false
693 silly fetch manifest is-glob@^4.0.3
694 silly packumentCache full:https://registry.npmjs.org/is-glob cache-miss
695 http cache https://registry.npmjs.org/shebang-command 118ms (cache hit)
696 silly packumentCache full:https://registry.npmjs.org/shebang-command set size:8525 disposed:false
697 silly fetch manifest is-extglob@^2.1.1
698 silly packumentCache full:https://registry.npmjs.org/is-extglob cache-miss
699 http cache https://registry.npmjs.org/ms 130ms (cache hit)
700 silly packumentCache full:https://registry.npmjs.org/ms set size:92208 disposed:false
701 silly fetch manifest brace-expansion@^1.1.7
702 silly packumentCache full:https://registry.npmjs.org/brace-expansion cache-miss
703 http cache https://registry.npmjs.org/estraverse 121ms (cache hit)
704 silly packumentCache full:https://registry.npmjs.org/estraverse set size:62412 disposed:false
705 silly fetch manifest prelude-ls@^1.2.1
706 silly packumentCache full:https://registry.npmjs.org/prelude-ls cache-miss
707 http cache https://registry.npmjs.org/esrecurse 147ms (cache hit)
708 silly packumentCache full:https://registry.npmjs.org/esrecurse set size:29005 disposed:false
709 silly fetch manifest deep-is@^0.1.3
710 silly packumentCache full:https://registry.npmjs.org/deep-is cache-miss
711 http cache https://registry.npmjs.org/acorn 144ms (cache hit)
712 silly packumentCache full:https://registry.npmjs.org/acorn set size:383439 disposed:false
713 silly fetch manifest word-wrap@^1.2.5
714 silly packumentCache full:https://registry.npmjs.org/word-wrap cache-miss
715 http cache https://registry.npmjs.org/acorn-jsx 163ms (cache hit)
716 silly packumentCache full:https://registry.npmjs.org/acorn-jsx set size:71068 disposed:false
717 silly fetch manifest type-check@^0.4.0
718 silly packumentCache full:https://registry.npmjs.org/type-check cache-miss
719 http cache https://registry.npmjs.org/estraverse 162ms (cache hit)
720 silly packumentCache full:https://registry.npmjs.org/estraverse set size:62412 disposed:false
721 silly packumentCache full:https://registry.npmjs.org/estraverse dispose
722 silly fetch manifest fast-levenshtein@^2.0.6
723 silly packumentCache full:https://registry.npmjs.org/fast-levenshtein cache-miss
724 http cache https://registry.npmjs.org/flat-cache 163ms (cache hit)
725 silly packumentCache full:https://registry.npmjs.org/flat-cache set size:160097 disposed:false
726 http cache https://registry.npmjs.org/locate-path 169ms (cache hit)
727 silly packumentCache full:https://registry.npmjs.org/locate-path set size:31329 disposed:false
728 http cache https://registry.npmjs.org/path-exists 169ms (cache hit)
729 silly packumentCache full:https://registry.npmjs.org/path-exists set size:13704 disposed:false
730 http cache https://registry.npmjs.org/is-glob 169ms (cache hit)
731 silly packumentCache full:https://registry.npmjs.org/is-glob set size:40530 disposed:false
732 http cache https://registry.npmjs.org/is-extglob 184ms (cache hit)
733 silly packumentCache full:https://registry.npmjs.org/is-extglob set size:11766 disposed:false
734 http cache https://registry.npmjs.org/prelude-ls 195ms (cache hit)
735 silly packumentCache full:https://registry.npmjs.org/prelude-ls set size:25777 disposed:false
736 http cache https://registry.npmjs.org/brace-expansion 211ms (cache hit)
737 silly packumentCache full:https://registry.npmjs.org/brace-expansion set size:101024 disposed:false
738 http cache https://registry.npmjs.org/deep-is 198ms (cache hit)
739 silly packumentCache full:https://registry.npmjs.org/deep-is set size:10205 disposed:false
740 http cache https://registry.npmjs.org/type-check 173ms (cache hit)
741 silly packumentCache full:https://registry.npmjs.org/type-check set size:21221 disposed:false
742 http cache https://registry.npmjs.org/word-wrap 191ms (cache hit)
743 silly packumentCache full:https://registry.npmjs.org/word-wrap set size:37835 disposed:false
744 http cache https://registry.npmjs.org/fast-levenshtein 177ms (cache hit)
745 silly packumentCache full:https://registry.npmjs.org/fast-levenshtein set size:39317 disposed:false
746 silly placeDep node_modules/@eslint-community/eslint-utils eslint-visitor-keys@3.4.3 OK for: @eslint-community/eslint-utils@4.10.1 want: ^3.4.3
747 silly placeDep ROOT @eslint/object-schema@2.1.7 OK for: @eslint/config-array@0.21.2 want: ^2.1.7
748 silly placeDep ROOT @types/json-schema@7.0.15 OK for: @eslint/core@0.17.0 want: ^7.0.15
749 silly placeDep ROOT globals@14.0.0 OK for: @eslint/eslintrc@3.3.6 want: ^14.0.0
750 silly placeDep ROOT import-fresh@3.3.1 OK for: @eslint/eslintrc@3.3.6 want: ^3.2.1
751 silly placeDep ROOT js-yaml@4.3.1 OK for: @eslint/eslintrc@3.3.6 want: ^4.3.0
752 silly placeDep ROOT strip-json-comments@3.1.1 OK for: @eslint/eslintrc@3.3.6 want: ^3.1.1
753 silly fetch manifest resolve-from@^4.0.0
754 silly packumentCache full:https://registry.npmjs.org/resolve-from cache-miss
755 silly fetch manifest parent-module@^1.0.0
756 silly packumentCache full:https://registry.npmjs.org/parent-module cache-miss
757 silly fetch manifest argparse@^2.0.1
758 silly packumentCache full:https://registry.npmjs.org/argparse cache-miss
759 http cache https://registry.npmjs.org/resolve-from 36ms (cache hit)
760 silly packumentCache full:https://registry.npmjs.org/resolve-from set size:12911 disposed:false
761 http cache https://registry.npmjs.org/parent-module 38ms (cache hit)
762 silly packumentCache full:https://registry.npmjs.org/parent-module set size:18255 disposed:false
763 http cache https://registry.npmjs.org/argparse 42ms (cache hit)
764 silly packumentCache full:https://registry.npmjs.org/argparse set size:53174 disposed:false
765 silly placeDep ROOT levn@0.4.1 OK for: @eslint/plugin-kit@0.4.1 want: ^0.4.1
766 silly fetch manifest type-check@~0.4.0
767 silly packumentCache full:https://registry.npmjs.org/type-check cache-hit
768 silly placeDep ROOT @humanfs/core@0.19.2 OK for: @humanfs/node@0.16.8 want: ^0.19.2
769 silly placeDep ROOT @humanfs/types@0.15.0 OK for: @humanfs/node@0.16.8 want: ^0.15.0
770 silly placeDep ROOT fast-json-stable-stringify@2.1.0 OK for: ajv@6.15.0 want: ^2.0.0
771 silly placeDep ROOT json-schema-traverse@0.4.1 OK for: ajv@6.15.0 want: ^0.4.1
772 silly placeDep ROOT uri-js@4.4.1 OK for: ajv@6.15.0 want: ^4.2.2
773 silly fetch manifest punycode@^2.1.0
774 silly packumentCache full:https://registry.npmjs.org/punycode cache-miss
775 http cache https://registry.npmjs.org/punycode 29ms (cache hit)
776 silly packumentCache full:https://registry.npmjs.org/punycode set size:61278 disposed:false
777 silly placeDep ROOT ansi-styles@4.3.0 OK for: chalk@4.1.2 want: ^4.1.0
778 silly placeDep ROOT supports-color@7.2.0 OK for: chalk@4.1.2 want: ^7.1.0
779 silly fetch manifest color-convert@^2.0.1
780 silly packumentCache full:https://registry.npmjs.org/color-convert cache-miss
781 silly fetch manifest has-flag@^4.0.0
782 silly packumentCache full:https://registry.npmjs.org/has-flag cache-miss
783 http cache https://registry.npmjs.org/color-convert 34ms (cache hit)
784 silly packumentCache full:https://registry.npmjs.org/color-convert set size:72663 disposed:false
785 http cache https://registry.npmjs.org/has-flag 66ms (cache hit)
786 silly packumentCache full:https://registry.npmjs.org/has-flag set size:15180 disposed:false
787 silly placeDep ROOT color-convert@2.0.1 OK for: ansi-styles@4.3.0 want: ^2.0.1
788 silly fetch manifest color-name@~1.1.4
789 silly packumentCache full:https://registry.npmjs.org/color-name cache-miss
790 http cache https://registry.npmjs.org/color-name 75ms (cache hit)
791 silly packumentCache full:https://registry.npmjs.org/color-name set size:20968 disposed:false
792 silly placeDep ROOT color-name@1.1.4 OK for: color-convert@2.0.1 want: ~1.1.4
793 silly placeDep ROOT path-key@3.1.1 OK for: cross-spawn@7.0.6 want: ^3.1.0
794 silly placeDep ROOT shebang-command@2.0.0 OK for: cross-spawn@7.0.6 want: ^2.0.0
795 silly placeDep ROOT which@2.0.2 OK for: cross-spawn@7.0.6 want: ^2.0.1
796 silly fetch manifest shebang-regex@^3.0.0
797 silly packumentCache full:https://registry.npmjs.org/shebang-regex cache-miss
798 silly fetch manifest isexe@^2.0.0
799 silly packumentCache full:https://registry.npmjs.org/isexe cache-miss
800 http cache https://registry.npmjs.org/shebang-regex 45ms (cache hit)
801 silly packumentCache full:https://registry.npmjs.org/shebang-regex set size:9763 disposed:false
802 http cache https://registry.npmjs.org/isexe 57ms (cache hit)
803 silly packumentCache full:https://registry.npmjs.org/isexe set size:31756 disposed:false
804 silly placeDep ROOT ms@2.1.3 OK for: debug@4.4.3 want: ^2.1.3
805 silly fetch manifest eslint@>=9.0.0
806 silly packumentCache full:https://registry.npmjs.org/eslint cache-miss
807 http cache https://registry.npmjs.org/eslint 63ms (cache hit)
808 silly packumentCache full:https://registry.npmjs.org/eslint set size:2070000 disposed:false
809 silly fetch manifest typescript@>=3.3.1
810 silly packumentCache full:https://registry.npmjs.org/typescript cache-miss
811 http cache https://registry.npmjs.org/typescript 348ms (cache hit)
812 silly packumentCache full:https://registry.npmjs.org/typescript set size:15597675 disposed:false
813 silly fetch manifest typescript@>=4.8.4 <6.1.0
814 silly packumentCache full:https://registry.npmjs.org/typescript cache-miss
815 http cache https://registry.npmjs.org/typescript 150ms (cache hit)
816 silly packumentCache full:https://registry.npmjs.org/typescript set size:15597675 disposed:false
817 silly fetch manifest eslint@^3 || ^4 || ^5 || ^6 || ^7 || ^8 || ^9.7
818 silly packumentCache full:https://registry.npmjs.org/eslint cache-miss
819 http cache https://registry.npmjs.org/eslint 27ms (cache hit)
820 silly packumentCache full:https://registry.npmjs.org/eslint set size:2070000 disposed:false
821 silly fetch manifest eslint@^2 || ^3 || ^4 || ^5 || ^6 || ^7.2.0 || ^8 || ^9
822 silly packumentCache full:https://registry.npmjs.org/eslint cache-miss
823 http cache https://registry.npmjs.org/eslint 28ms (cache hit)
824 silly packumentCache full:https://registry.npmjs.org/eslint set size:2070000 disposed:false
825 silly fetch manifest eslint@^3 || ^4 || ^5 || ^6 || ^7 || ^8 || ^9
826 silly packumentCache full:https://registry.npmjs.org/eslint cache-miss
827 http cache https://registry.npmjs.org/eslint 39ms (cache hit)
828 silly packumentCache full:https://registry.npmjs.org/eslint set size:2070000 disposed:false
829 silly fetch manifest eslint-plugin-import-x@*
830 silly packumentCache full:https://registry.npmjs.org/eslint-plugin-import-x cache-miss
831 http cache https://registry.npmjs.org/eslint-plugin-import-x 32ms (cache hit)
832 silly packumentCache full:https://registry.npmjs.org/eslint-plugin-import-x set size:276235 disposed:false
833 silly fetch manifest @typescript-eslint/utils@^8.56.0
834 silly packumentCache full:https://registry.npmjs.org/@typescript-eslint%2futils cache-miss
