0 verbose cli C:\Program Files\nodejs\node.exe C:\Program Files\nodejs\node_modules\npm\bin\npm-cli.js
1 info using npm@10.9.3
2 info using node@v22.18.0
3 silly config load:file:C:\Program Files\nodejs\node_modules\npm\npmrc
4 silly config load:file:C:\Users\jayp.JAY\OneDrive\Desktop\AI Assessment Extraction\frontend\.npmrc
5 silly config load:file:C:\Users\jayp.JAY\.npmrc
6 silly config load:file:C:\Users\jayp.JAY\AppData\Roaming\npm\etc\npmrc
7 verbose title npm install
8 verbose argv "install" "--cache" ".npm-cache" "--no-audit" "--no-fund"
9 verbose logfile logs-max:10 dir:C:\Users\jayp.JAY\OneDrive\Desktop\AI Assessment Extraction\frontend\.npm-cache\_logs\2026-08-26T16_47_22_788Z-
10 verbose logfile C:\Users\jayp.JAY\OneDrive\Desktop\AI Assessment Extraction\frontend\.npm-cache\_logs\2026-08-26T16_47_22_788Z-debug-0.log
11 silly logfile done cleaning log files
12 silly packumentCache heap:4345298944 maxSize:1086324736 maxEntrySize:543162368
13 silly idealTree buildDeps
14 silly fetch manifest lucide-react@^0.468.0
15 silly packumentCache full:https://registry.npmjs.org/lucide-react cache-miss
16 http fetch GET 200 https://registry.npmjs.org/lucide-react 60827ms (cache miss)
17 silly packumentCache full:https://registry.npmjs.org/lucide-react set size:undefined disposed:false
18 silly fetch manifest react@19.2.8
19 silly packumentCache full:https://registry.npmjs.org/react cache-miss
20 http fetch GET 200 https://registry.npmjs.org/react 222090ms (cache miss)
21 silly packumentCache full:https://registry.npmjs.org/react set size:undefined disposed:false
22 silly fetch manifest next@16.3.3
23 silly packumentCache full:https://registry.npmjs.org/next cache-miss
24 http fetch GET 200 https://registry.npmjs.org/next 491605ms (cache miss)
25 silly packumentCache full:https://registry.npmjs.org/next set size:undefined disposed:false
26 silly fetch manifest @opentelemetry/api@^1.1.0
27 silly packumentCache full:https://registry.npmjs.org/@opentelemetry%2fapi cache-miss
28 http cache https://registry.npmjs.org/@opentelemetry%2fapi 43ms (cache hit)
29 silly packumentCache full:https://registry.npmjs.org/@opentelemetry%2fapi set size:272967 disposed:false
30 silly fetch manifest @playwright/test@^1.51.1
31 silly packumentCache full:https://registry.npmjs.org/@playwright%2ftest cache-miss
32 http cache https://registry.npmjs.org/@playwright%2ftest 66ms (cache hit)
33 silly packumentCache full:https://registry.npmjs.org/@playwright%2ftest set size:9453879 disposed:false
34 silly fetch manifest babel-plugin-react-compiler@*
35 silly packumentCache full:https://registry.npmjs.org/babel-plugin-react-compiler cache-miss
36 http cache https://registry.npmjs.org/babel-plugin-react-compiler 39ms (cache hit)
37 silly packumentCache full:https://registry.npmjs.org/babel-plugin-react-compiler set size:1356999 disposed:false
38 silly fetch manifest react-dom@19.2.8
39 silly packumentCache full:https://registry.npmjs.org/react-dom cache-miss
40 http cache https://registry.npmjs.org/react-dom 61ms (cache hit)
41 silly packumentCache full:https://registry.npmjs.org/react-dom set size:9298448 disposed:false
42 silly fetch manifest sass@^1.3.0
43 silly packumentCache full:https://registry.npmjs.org/sass cache-miss
44 http cache https://registry.npmjs.org/sass 24ms (cache hit)
45 silly packumentCache full:https://registry.npmjs.org/sass set size:747752 disposed:false
46 silly fetch manifest @tailwindcss/postcss@^4
47 silly packumentCache full:https://registry.npmjs.org/@tailwindcss%2fpostcss cache-miss
48 http cache https://registry.npmjs.org/@tailwindcss%2fpostcss 28ms (cache hit)
49 silly packumentCache full:https://registry.npmjs.org/@tailwindcss%2fpostcss set size:2498874 disposed:false
50 silly fetch manifest @types/node@^20
51 silly packumentCache full:https://registry.npmjs.org/@types%2fnode cache-miss
52 http cache https://registry.npmjs.org/@types%2fnode 70ms (cache hit)
53 silly packumentCache full:https://registry.npmjs.org/@types%2fnode set size:11092436 disposed:false
54 silly fetch manifest @types/react@^19
55 silly packumentCache full:https://registry.npmjs.org/@types%2freact cache-miss
56 http cache https://registry.npmjs.org/@types%2freact 38ms (cache hit)
57 silly packumentCache full:https://registry.npmjs.org/@types%2freact set size:2637439 disposed:false
58 silly fetch manifest @types/react-dom@^19
59 silly packumentCache full:https://registry.npmjs.org/@types%2freact-dom cache-miss
60 http cache https://registry.npmjs.org/@types%2freact-dom 21ms (cache hit)
61 silly packumentCache full:https://registry.npmjs.org/@types%2freact-dom set size:435860 disposed:false
62 silly fetch manifest eslint@^9
63 silly packumentCache full:https://registry.npmjs.org/eslint cache-miss
64 http cache https://registry.npmjs.org/eslint 27ms (cache hit)
65 silly packumentCache full:https://registry.npmjs.org/eslint set size:2070000 disposed:false
66 silly fetch manifest jiti@*
67 silly packumentCache full:https://registry.npmjs.org/jiti cache-miss
68 http cache https://registry.npmjs.org/jiti 22ms (cache hit)
69 silly packumentCache full:https://registry.npmjs.org/jiti set size:387989 disposed:false
70 silly fetch manifest eslint-config-next@16.3.3
71 silly packumentCache full:https://registry.npmjs.org/eslint-config-next cache-miss
72 http cache https://registry.npmjs.org/eslint-config-next 45ms (cache hit)
73 silly packumentCache full:https://registry.npmjs.org/eslint-config-next set size:7128080 disposed:false
74 silly fetch manifest typescript@^5
75 silly packumentCache full:https://registry.npmjs.org/typescript cache-miss
76 http fetch GET 200 https://registry.npmjs.org/typescript 506793ms (cache miss)
77 silly packumentCache full:https://registry.npmjs.org/typescript set size:undefined disposed:false
78 silly fetch manifest tailwindcss@^4
79 silly packumentCache full:https://registry.npmjs.org/tailwindcss cache-miss
80 http fetch GET 200 https://registry.npmjs.org/tailwindcss 2033ms (cache revalidated)
81 silly packumentCache full:https://registry.npmjs.org/tailwindcss set size:10868886 disposed:false
82 silly placeDep ROOT @tailwindcss/postcss@4.3.3 OK for: frontend@0.1.0 want: ^4
83 silly placeDep ROOT @types/node@20.19.43 OK for: frontend@0.1.0 want: ^20
84 silly placeDep ROOT @types/react@19.2.18 OK for: frontend@0.1.0 want: ^19
85 silly placeDep ROOT @types/react-dom@19.2.5 OK for: frontend@0.1.0 want: ^19
86 silly placeDep ROOT eslint@9.39.5 OK for: frontend@0.1.0 want: ^9
87 silly placeDep ROOT eslint-config-next@16.3.3 OK for: frontend@0.1.0 want: 16.3.3
88 silly placeDep ROOT lucide-react@0.468.0 OK for: frontend@0.1.0 want: ^0.468.0
89 silly placeDep ROOT react@19.2.8 OK for: lucide-react@0.468.0 want: ^16.5.1 || ^17.0.0 || ^18.0.0 || ^19.0.0-rc
90 silly placeDep ROOT next@16.3.3 OK for: frontend@0.1.0 want: 16.3.3
91 silly placeDep ROOT react-dom@19.2.8 OK for: next@16.3.3 want: ^18.2.0 || 19.0.0-rc-de68d2f4-20241204 || ^19.0.0
92 silly placeDep ROOT tailwindcss@4.3.3 OK for: frontend@0.1.0 want: ^4
93 silly placeDep ROOT typescript@5.9.3 OK for: frontend@0.1.0 want: ^5
94 silly fetch manifest postcss@^8.5.16
95 silly packumentCache full:https://registry.npmjs.org/postcss cache-miss
96 silly fetch manifest tailwindcss@4.3.3
97 silly packumentCache full:https://registry.npmjs.org/tailwindcss cache-miss
98 silly fetch manifest @alloc/quick-lru@^5.2.0
99 silly packumentCache full:https://registry.npmjs.org/@alloc%2fquick-lru cache-miss
100 silly fetch manifest @tailwindcss/node@4.3.3
101 silly packumentCache full:https://registry.npmjs.org/@tailwindcss%2fnode cache-miss
102 silly fetch manifest @tailwindcss/oxide@4.3.3
103 silly packumentCache full:https://registry.npmjs.org/@tailwindcss%2foxide cache-miss
104 silly fetch manifest undici-types@~6.21.0
105 silly packumentCache full:https://registry.npmjs.org/undici-types cache-miss
106 silly fetch manifest csstype@^3.2.2
107 silly packumentCache full:https://registry.npmjs.org/csstype cache-miss
108 silly fetch manifest ajv@^6.14.0
109 silly packumentCache full:https://registry.npmjs.org/ajv cache-miss
110 silly fetch manifest chalk@^4.0.0
111 silly packumentCache full:https://registry.npmjs.org/chalk cache-miss
112 silly fetch manifest debug@^4.3.2
113 silly packumentCache full:https://registry.npmjs.org/debug cache-miss
114 silly fetch manifest espree@^10.4.0
115 silly packumentCache full:https://registry.npmjs.org/espree cache-miss
116 http cache https://registry.npmjs.org/tailwindcss 195ms (cache hit)
117 silly packumentCache full:https://registry.npmjs.org/tailwindcss set size:10868886 disposed:false
118 silly fetch manifest ignore@^5.2.0
119 silly packumentCache full:https://registry.npmjs.org/ignore cache-miss
120 http fetch GET 200 https://registry.npmjs.org/postcss 1246ms (cache revalidated)
121 silly packumentCache full:https://registry.npmjs.org/postcss set size:760024 disposed:false
122 silly fetch manifest esquery@^1.5.0
123 silly packumentCache full:https://registry.npmjs.org/esquery cache-miss
124 http fetch GET 200 https://registry.npmjs.org/esquery 281ms (cache revalidated)
125 silly packumentCache full:https://registry.npmjs.org/esquery set size:48888 disposed:false
126 silly fetch manifest esutils@^2.0.2
127 silly packumentCache full:https://registry.npmjs.org/esutils cache-miss
128 http fetch GET 200 https://registry.npmjs.org/esutils 2067ms (cache revalidated)
129 silly packumentCache full:https://registry.npmjs.org/esutils set size:29522 disposed:false
130 silly fetch manifest find-up@^5.0.0
131 silly packumentCache full:https://registry.npmjs.org/find-up cache-miss
132 http fetch GET 200 https://registry.npmjs.org/find-up 182ms (cache revalidated)
133 silly packumentCache full:https://registry.npmjs.org/find-up set size:42620 disposed:false
134 silly fetch manifest is-glob@^4.0.0
135 silly packumentCache full:https://registry.npmjs.org/is-glob cache-miss
136 http fetch GET 200 https://registry.npmjs.org/ajv 3842ms (cache revalidated)
137 silly packumentCache full:https://registry.npmjs.org/ajv set size:1142658 disposed:false
138 silly fetch manifest minimatch@^3.1.5
139 silly packumentCache full:https://registry.npmjs.org/minimatch cache-miss
140 http fetch GET 200 https://registry.npmjs.org/csstype 3859ms (cache revalidated)
141 silly packumentCache full:https://registry.npmjs.org/csstype set size:274189 disposed:false
142 silly fetch manifest @eslint/js@9.39.5
143 silly packumentCache full:https://registry.npmjs.org/@eslint%2fjs cache-miss
144 http fetch GET 200 https://registry.npmjs.org/espree 3874ms (cache revalidated)
145 silly packumentCache full:https://registry.npmjs.org/espree set size:326080 disposed:false
146 silly fetch manifest optionator@^0.9.3
147 silly packumentCache full:https://registry.npmjs.org/optionator cache-miss
148 http fetch GET 200 https://registry.npmjs.org/debug 3883ms (cache revalidated)
149 silly packumentCache full:https://registry.npmjs.org/debug set size:195840 disposed:false
150 silly fetch manifest cross-spawn@^7.0.6
151 silly packumentCache full:https://registry.npmjs.org/cross-spawn cache-miss
152 http fetch GET 200 https://registry.npmjs.org/ignore 3488ms (cache revalidated)
153 silly packumentCache full:https://registry.npmjs.org/ignore set size:240910 disposed:false
154 silly fetch manifest glob-parent@^6.0.2
155 silly packumentCache full:https://registry.npmjs.org/glob-parent cache-miss
156 http fetch GET 200 https://registry.npmjs.org/@alloc%2fquick-lru 3924ms (cache revalidated)
157 silly packumentCache full:https://registry.npmjs.org/@alloc%2fquick-lru set size:7269 disposed:false
158 silly fetch manifest imurmurhash@^0.1.4
159 silly packumentCache full:https://registry.npmjs.org/imurmurhash cache-miss
160 http fetch GET 200 https://registry.npmjs.org/is-glob 141ms (cache revalidated)
161 silly packumentCache full:https://registry.npmjs.org/is-glob set size:40530 disposed:false
162 silly fetch manifest @eslint/core@^0.17.0
163 silly packumentCache full:https://registry.npmjs.org/@eslint%2fcore cache-miss
164 http fetch GET 200 https://registry.npmjs.org/chalk 3950ms (cache revalidated)
165 silly packumentCache full:https://registry.npmjs.org/chalk set size:134775 disposed:false
166 silly fetch manifest eslint-scope@^8.4.0
167 silly packumentCache full:https://registry.npmjs.org/eslint-scope cache-miss
168 http fetch GET 200 https://registry.npmjs.org/undici-types 3963ms (cache revalidated)
169 silly packumentCache full:https://registry.npmjs.org/undici-types set size:250438 disposed:false
170 silly fetch manifest lodash.merge@^4.6.2
171 silly packumentCache full:https://registry.npmjs.org/lodash.merge cache-miss
172 http fetch GET 200 https://registry.npmjs.org/@tailwindcss%2foxide 3978ms (cache revalidated)
173 silly packumentCache full:https://registry.npmjs.org/@tailwindcss%2foxide set size:4754430 disposed:false
174 silly fetch manifest @humanfs/node@^0.16.6
175 silly packumentCache full:https://registry.npmjs.org/@humanfs%2fnode cache-miss
176 http fetch GET 200 https://registry.npmjs.org/minimatch 160ms (cache revalidated)
177 silly packumentCache full:https://registry.npmjs.org/minimatch set size:377924 disposed:false
178 silly fetch manifest @types/estree@^1.0.6
179 silly packumentCache full:https://registry.npmjs.org/@types%2festree cache-miss
180 http fetch GET 200 https://registry.npmjs.org/@eslint%2fjs 168ms (cache revalidated)
181 silly packumentCache full:https://registry.npmjs.org/@eslint%2fjs set size:141633 disposed:false
182 silly fetch manifest fast-deep-equal@^3.1.3
183 silly packumentCache full:https://registry.npmjs.org/fast-deep-equal cache-miss
184 http fetch GET 200 https://registry.npmjs.org/optionator 160ms (cache revalidated)
185 silly packumentCache full:https://registry.npmjs.org/optionator set size:49651 disposed:false
186 silly fetch manifest natural-compare@^1.4.0
187 silly packumentCache full:https://registry.npmjs.org/natural-compare cache-miss
188 http fetch GET 200 https://registry.npmjs.org/cross-spawn 155ms (cache revalidated)
189 silly packumentCache full:https://registry.npmjs.org/cross-spawn set size:109066 disposed:false
190 silly fetch manifest @eslint/eslintrc@^3.3.6
191 silly packumentCache full:https://registry.npmjs.org/@eslint%2feslintrc cache-miss
192 http fetch GET 200 https://registry.npmjs.org/imurmurhash 149ms (cache revalidated)
193 silly packumentCache full:https://registry.npmjs.org/imurmurhash set size:35819 disposed:false
194 silly fetch manifest file-entry-cache@^8.0.0
195 silly packumentCache full:https://registry.npmjs.org/file-entry-cache cache-miss
196 http fetch GET 200 https://registry.npmjs.org/glob-parent 177ms (cache revalidated)
197 silly packumentCache full:https://registry.npmjs.org/glob-parent set size:42445 disposed:false
198 silly fetch manifest @eslint/plugin-kit@^0.4.1
199 silly packumentCache full:https://registry.npmjs.org/@eslint%2fplugin-kit cache-miss
200 http fetch GET 200 https://registry.npmjs.org/@eslint%2fcore 152ms (cache revalidated)
201 silly packumentCache full:https://registry.npmjs.org/@eslint%2fcore set size:58023 disposed:false
202 silly fetch manifest eslint-visitor-keys@^4.2.1
203 silly packumentCache full:https://registry.npmjs.org/eslint-visitor-keys cache-miss
204 http fetch GET 200 https://registry.npmjs.org/eslint-scope 281ms (cache revalidated)
205 silly packumentCache full:https://registry.npmjs.org/eslint-scope set size:98867 disposed:false
206 silly fetch manifest @eslint/config-array@^0.21.2
207 silly packumentCache full:https://registry.npmjs.org/@eslint%2fconfig-array cache-miss
208 http fetch GET 200 https://registry.npmjs.org/fast-deep-equal 210ms (cache revalidated)
209 silly packumentCache full:https://registry.npmjs.org/fast-deep-equal set size:48634 disposed:false
210 silly fetch manifest @humanwhocodes/retry@^0.4.2
211 silly packumentCache full:https://registry.npmjs.org/@humanwhocodes%2fretry cache-miss
212 http fetch GET 200 https://registry.npmjs.org/@humanfs%2fnode 259ms (cache revalidated)
213 silly packumentCache full:https://registry.npmjs.org/@humanfs%2fnode set size:39629 disposed:false
214 silly fetch manifest escape-string-regexp@^4.0.0
215 silly packumentCache full:https://registry.npmjs.org/escape-string-regexp cache-miss
216 http fetch GET 200 https://registry.npmjs.org/natural-compare 316ms (cache revalidated)
217 silly packumentCache full:https://registry.npmjs.org/natural-compare set size:7852 disposed:false
218 silly fetch manifest @eslint/config-helpers@^0.4.2
219 silly packumentCache full:https://registry.npmjs.org/@eslint%2fconfig-helpers cache-miss
220 http fetch GET 200 https://registry.npmjs.org/file-entry-cache 291ms (cache revalidated)
221 silly packumentCache full:https://registry.npmjs.org/file-entry-cache set size:127681 disposed:false
222 silly fetch manifest @eslint-community/regexpp@^4.12.1
223 silly packumentCache full:https://registry.npmjs.org/@eslint-community%2fregexpp cache-miss
224 http fetch GET 200 https://registry.npmjs.org/@eslint%2feslintrc 319ms (cache revalidated)
225 silly packumentCache full:https://registry.npmjs.org/@eslint%2feslintrc set size:171352 disposed:false
226 silly fetch manifest @eslint-community/eslint-utils@^4.8.0
227 silly packumentCache full:https://registry.npmjs.org/@eslint-community%2feslint-utils cache-miss
228 http fetch GET 200 https://registry.npmjs.org/eslint-visitor-keys 292ms (cache revalidated)
229 silly packumentCache full:https://registry.npmjs.org/eslint-visitor-keys set size:69949 disposed:false
230 silly fetch manifest @humanwhocodes/module-importer@^1.0.1
231 silly packumentCache full:https://registry.npmjs.org/@humanwhocodes%2fmodule-importer cache-miss
232 http fetch GET 200 https://registry.npmjs.org/@eslint%2fplugin-kit 313ms (cache revalidated)
233 silly packumentCache full:https://registry.npmjs.org/@eslint%2fplugin-kit set size:76057 disposed:false
234 silly fetch manifest json-stable-stringify-without-jsonify@^1.0.1
235 silly packumentCache full:https://registry.npmjs.org/json-stable-stringify-without-jsonify cache-miss
236 http fetch GET 200 https://registry.npmjs.org/@eslint%2fconfig-array 186ms (cache revalidated)
237 silly packumentCache full:https://registry.npmjs.org/@eslint%2fconfig-array set size:74140 disposed:false
238 silly fetch manifest globals@16.4.0
239 silly packumentCache full:https://registry.npmjs.org/globals cache-miss
240 http fetch GET 200 https://registry.npmjs.org/escape-string-regexp 180ms (cache revalidated)
241 silly packumentCache full:https://registry.npmjs.org/escape-string-regexp set size:22244 disposed:false
242 silly fetch manifest typescript-eslint@^8.46.0
243 silly packumentCache full:https://registry.npmjs.org/typescript-eslint cache-miss
244 http fetch GET 200 https://registry.npmjs.org/@humanwhocodes%2fretry 220ms (cache revalidated)
245 silly packumentCache full:https://registry.npmjs.org/@humanwhocodes%2fretry set size:42348 disposed:false
246 silly fetch manifest eslint-plugin-react@^7.37.0
247 silly packumentCache full:https://registry.npmjs.org/eslint-plugin-react cache-miss
248 http fetch GET 200 https://registry.npmjs.org/@types%2festree 446ms (cache revalidated)
249 silly packumentCache full:https://registry.npmjs.org/@types%2festree set size:76072 disposed:false
250 silly fetch manifest eslint-plugin-import@^2.32.0
251 silly packumentCache full:https://registry.npmjs.org/eslint-plugin-import cache-miss
252 http fetch GET 200 https://registry.npmjs.org/@tailwindcss%2fnode 4483ms (cache revalidated)
253 silly packumentCache full:https://registry.npmjs.org/@tailwindcss%2fnode set size:2361309 disposed:false
254 silly fetch manifest eslint-plugin-jsx-a11y@^6.10.0
255 silly packumentCache full:https://registry.npmjs.org/eslint-plugin-jsx-a11y cache-miss
256 http fetch GET 200 https://registry.npmjs.org/@eslint%2fconfig-helpers 237ms (cache revalidated)
257 silly packumentCache full:https://registry.npmjs.org/@eslint%2fconfig-helpers set size:55216 disposed:false
258 silly fetch manifest @next/eslint-plugin-next@16.3.3
259 silly packumentCache full:https://registry.npmjs.org/@next%2feslint-plugin-next cache-miss
260 http fetch GET 200 https://registry.npmjs.org/@humanwhocodes%2fmodule-importer 222ms (cache revalidated)
261 silly packumentCache full:https://registry.npmjs.org/@humanwhocodes%2fmodule-importer set size:9516 disposed:false
262 silly fetch manifest eslint-plugin-react-hooks@^7.0.0
263 silly packumentCache full:https://registry.npmjs.org/eslint-plugin-react-hooks cache-miss
264 http fetch GET 200 https://registry.npmjs.org/@eslint-community%2fregexpp 240ms (cache revalidated)
265 silly packumentCache full:https://registry.npmjs.org/@eslint-community%2fregexpp set size:106609 disposed:false
266 silly fetch manifest eslint-import-resolver-node@^0.3.6
267 silly packumentCache full:https://registry.npmjs.org/eslint-import-resolver-node cache-miss
268 http fetch GET 200 https://registry.npmjs.org/json-stable-stringify-without-jsonify 218ms (cache revalidated)
269 silly packumentCache full:https://registry.npmjs.org/json-stable-stringify-without-jsonify set size:5808 disposed:false
270 silly fetch manifest eslint-import-resolver-typescript@^3.5.2
271 silly packumentCache full:https://registry.npmjs.org/eslint-import-resolver-typescript cache-miss
272 http fetch GET 200 https://registry.npmjs.org/@eslint-community%2feslint-utils 244ms (cache revalidated)
273 silly packumentCache full:https://registry.npmjs.org/@eslint-community%2feslint-utils set size:108339 disposed:false
274 silly fetch manifest postcss@8.5.23
275 silly packumentCache full:https://registry.npmjs.org/postcss cache-hit
276 silly fetch manifest @next/env@16.3.3
277 silly packumentCache full:https://registry.npmjs.org/@next%2fenv cache-miss
278 http fetch GET 200 https://registry.npmjs.org/typescript-eslint 261ms (cache revalidated)
279 silly packumentCache full:https://registry.npmjs.org/typescript-eslint set size:4601294 disposed:false
280 silly fetch manifest styled-jsx@5.1.6
281 silly packumentCache full:https://registry.npmjs.org/styled-jsx cache-miss
282 http fetch GET 200 https://registry.npmjs.org/eslint-plugin-jsx-a11y 287ms (cache revalidated)
283 silly packumentCache full:https://registry.npmjs.org/eslint-plugin-jsx-a11y set size:280052 disposed:false
284 silly fetch manifest @swc/helpers@0.5.23
285 silly packumentCache full:https://registry.npmjs.org/@swc%2fhelpers cache-miss
286 http fetch GET 200 https://registry.npmjs.org/eslint-plugin-react 332ms (cache revalidated)
287 silly packumentCache full:https://registry.npmjs.org/eslint-plugin-react set size:646827 disposed:false
288 silly fetch manifest caniuse-lite@^1.0.30001579
289 silly packumentCache full:https://registry.npmjs.org/caniuse-lite cache-miss
290 http fetch GET 200 https://registry.npmjs.org/eslint-plugin-import 340ms (cache revalidated)
291 silly packumentCache full:https://registry.npmjs.org/eslint-plugin-import set size:484928 disposed:false
292 silly fetch manifest baseline-browser-mapping@^2.9.19
293 silly packumentCache full:https://registry.npmjs.org/baseline-browser-mapping cache-miss
294 http fetch GET 200 https://registry.npmjs.org/lodash.merge 862ms (cache revalidated)
295 silly packumentCache full:https://registry.npmjs.org/lodash.merge set size:78575 disposed:false
296 silly fetch manifest sharp@^0.35.3
297 silly packumentCache full:https://registry.npmjs.org/sharp cache-miss
298 http fetch GET 200 https://registry.npmjs.org/eslint-import-resolver-node 236ms (cache revalidated)
299 silly packumentCache full:https://registry.npmjs.org/eslint-import-resolver-node set size:39118 disposed:false
300 silly fetch manifest @next/swc-darwin-x64@16.3.3
301 silly packumentCache full:https://registry.npmjs.org/@next%2fswc-darwin-x64 cache-miss
302 http fetch GET 200 https://registry.npmjs.org/eslint-import-resolver-typescript 240ms (cache revalidated)
303 silly packumentCache full:https://registry.npmjs.org/eslint-import-resolver-typescript set size:337167 disposed:false
304 silly fetch manifest @next/swc-darwin-arm64@16.3.3
305 silly packumentCache full:https://registry.npmjs.org/@next%2fswc-darwin-arm64 cache-miss
306 http fetch GET 200 https://registry.npmjs.org/eslint-plugin-react-hooks 285ms (cache revalidated)
307 silly packumentCache full:https://registry.npmjs.org/eslint-plugin-react-hooks set size:7719688 disposed:false
308 silly fetch manifest @next/swc-linux-x64-gnu@16.3.3
309 silly packumentCache full:https://registry.npmjs.org/@next%2fswc-linux-x64-gnu cache-miss
310 http fetch GET 200 https://registry.npmjs.org/@next%2feslint-plugin-next 398ms (cache revalidated)
311 silly packumentCache full:https://registry.npmjs.org/@next%2feslint-plugin-next set size:7116675 disposed:false
312 silly fetch manifest @next/swc-linux-x64-musl@16.3.3
313 silly packumentCache full:https://registry.npmjs.org/@next%2fswc-linux-x64-musl cache-miss
314 http fetch GET 200 https://registry.npmjs.org/styled-jsx 414ms (cache revalidated)
315 silly packumentCache full:https://registry.npmjs.org/styled-jsx set size:436113 disposed:false
316 silly fetch manifest @next/swc-win32-x64-msvc@16.3.3
317 silly packumentCache full:https://registry.npmjs.org/@next%2fswc-win32-x64-msvc cache-miss
318 http fetch GET 200 https://registry.npmjs.org/@next%2fenv 628ms (cache revalidated)
319 silly packumentCache full:https://registry.npmjs.org/@next%2fenv set size:7610971 disposed:false
320 silly fetch manifest @next/swc-linux-arm64-gnu@16.3.3
321 silly packumentCache full:https://registry.npmjs.org/@next%2fswc-linux-arm64-gnu cache-miss
322 http fetch GET 200 https://registry.npmjs.org/globals 1346ms (cache revalidated)
323 silly packumentCache full:https://registry.npmjs.org/globals set size:335107 disposed:false
324 silly fetch manifest @next/swc-linux-arm64-musl@16.3.3
325 silly packumentCache full:https://registry.npmjs.org/@next%2fswc-linux-arm64-musl cache-miss
326 http fetch GET 200 https://registry.npmjs.org/sharp 974ms (cache revalidated)
327 silly packumentCache full:https://registry.npmjs.org/sharp set size:1221057 disposed:false
328 silly fetch manifest @next/swc-win32-arm64-msvc@16.3.3
329 silly packumentCache full:https://registry.npmjs.org/@next%2fswc-win32-arm64-msvc cache-miss
330 http fetch GET 200 https://registry.npmjs.org/@next%2fswc-win32-x64-msvc 708ms (cache revalidated)
331 silly packumentCache full:https://registry.npmjs.org/@next%2fswc-win32-x64-msvc set size:5590032 disposed:false
332 silly fetch manifest scheduler@^0.27.0
333 silly packumentCache full:https://registry.npmjs.org/scheduler cache-miss
334 http fetch GET 200 https://registry.npmjs.org/@swc%2fhelpers 1200ms (cache revalidated)
335 silly packumentCache full:https://registry.npmjs.org/@swc%2fhelpers set size:775458 disposed:false
336 http fetch GET 200 https://registry.npmjs.org/@next%2fswc-linux-x64-musl 898ms (cache revalidated)
337 silly packumentCache full:https://registry.npmjs.org/@next%2fswc-linux-x64-musl set size:5374992 disposed:false
338 http fetch GET 200 https://registry.npmjs.org/@next%2fswc-darwin-arm64 1388ms (cache revalidated)
339 silly packumentCache full:https://registry.npmjs.org/@next%2fswc-darwin-arm64 set size:5566147 disposed:false
340 http fetch GET 200 https://registry.npmjs.org/@next%2fswc-darwin-x64 1486ms (cache revalidated)
341 silly packumentCache full:https://registry.npmjs.org/@next%2fswc-darwin-x64 set size:5506161 disposed:false
342 http fetch GET 200 https://registry.npmjs.org/caniuse-lite 1607ms (cache revalidated)
343 silly packumentCache full:https://registry.npmjs.org/caniuse-lite set size:2313344 disposed:false
344 http fetch GET 200 https://registry.npmjs.org/@next%2fswc-linux-x64-gnu 1503ms (cache revalidated)
345 silly packumentCache full:https://registry.npmjs.org/@next%2fswc-linux-x64-gnu set size:5619333 disposed:false
346 http cache https://registry.npmjs.org/scheduler 691ms (cache hit)
347 silly packumentCache full:https://registry.npmjs.org/scheduler set size:5711101 disposed:false
348 http fetch GET 200 https://registry.npmjs.org/baseline-browser-mapping 2701ms (cache revalidated)
349 silly packumentCache full:https://registry.npmjs.org/baseline-browser-mapping set size:617404 disposed:false
350 http fetch GET 200 https://registry.npmjs.org/@next%2fswc-linux-arm64-gnu 2215ms (cache revalidated)
351 silly packumentCache full:https://registry.npmjs.org/@next%2fswc-linux-arm64-gnu set size:5424073 disposed:false
352 http fetch GET 200 https://registry.npmjs.org/@next%2fswc-win32-arm64-msvc 1795ms (cache revalidated)
353 silly packumentCache full:https://registry.npmjs.org/@next%2fswc-win32-arm64-msvc set size:5405281 disposed:false
354 http fetch GET 200 https://registry.npmjs.org/@next%2fswc-linux-arm64-musl 1955ms (cache revalidated)
355 silly packumentCache full:https://registry.npmjs.org/@next%2fswc-linux-arm64-musl set size:5443473 disposed:false
356 silly placeDep ROOT @alloc/quick-lru@5.2.0 OK for: @tailwindcss/postcss@4.3.3 want: ^5.2.0
357 silly placeDep ROOT @tailwindcss/node@4.3.3 OK for: @tailwindcss/postcss@4.3.3 want: 4.3.3
358 silly placeDep ROOT @tailwindcss/oxide@4.3.3 OK for: @tailwindcss/postcss@4.3.3 want: 4.3.3
359 silly placeDep ROOT postcss@8.5.26 OK for: @tailwindcss/postcss@4.3.3 want: ^8.5.16
360 silly fetch manifest jiti@^2.7.0
361 silly packumentCache full:https://registry.npmjs.org/jiti cache-hit
362 silly fetch manifest lightningcss@1.32.0
363 silly packumentCache full:https://registry.npmjs.org/lightningcss cache-miss
364 silly fetch manifest magic-string@^0.30.21
365 silly packumentCache full:https://registry.npmjs.org/magic-string cache-miss
366 silly fetch manifest source-map-js@^1.2.1
367 silly packumentCache full:https://registry.npmjs.org/source-map-js cache-miss
368 silly fetch manifest enhanced-resolve@^5.24.1
369 silly packumentCache full:https://registry.npmjs.org/enhanced-resolve cache-miss
370 silly fetch manifest @jridgewell/remapping@^2.3.5
371 silly packumentCache full:https://registry.npmjs.org/@jridgewell%2fremapping cache-miss
372 silly fetch manifest @tailwindcss/oxide-darwin-x64@4.3.3
373 silly packumentCache full:https://registry.npmjs.org/@tailwindcss%2foxide-darwin-x64 cache-miss
374 silly fetch manifest @tailwindcss/oxide-freebsd-x64@4.3.3
375 silly packumentCache full:https://registry.npmjs.org/@tailwindcss%2foxide-freebsd-x64 cache-miss
376 silly fetch manifest @tailwindcss/oxide-wasm32-wasi@4.3.3
377 silly packumentCache full:https://registry.npmjs.org/@tailwindcss%2foxide-wasm32-wasi cache-miss
378 silly fetch manifest @tailwindcss/oxide-darwin-arm64@4.3.3
379 silly packumentCache full:https://registry.npmjs.org/@tailwindcss%2foxide-darwin-arm64 cache-miss
380 silly fetch manifest @tailwindcss/oxide-android-arm64@4.3.3
381 silly packumentCache full:https://registry.npmjs.org/@tailwindcss%2foxide-android-arm64 cache-miss
382 silly fetch manifest @tailwindcss/oxide-linux-x64-gnu@4.3.3
383 silly packumentCache full:https://registry.npmjs.org/@tailwindcss%2foxide-linux-x64-gnu cache-miss
384 http cache https://registry.npmjs.org/lightningcss 77ms (cache hit)
385 silly packumentCache full:https://registry.npmjs.org/lightningcss set size:191065 disposed:false
386 silly fetch manifest @tailwindcss/oxide-linux-x64-musl@4.3.3
387 silly packumentCache full:https://registry.npmjs.org/@tailwindcss%2foxide-linux-x64-musl cache-miss
388 http cache https://registry.npmjs.org/enhanced-resolve 71ms (cache hit)
389 silly packumentCache full:https://registry.npmjs.org/enhanced-resolve set size:482889 disposed:false
390 silly fetch manifest @tailwindcss/oxide-win32-x64-msvc@4.3.3
391 silly packumentCache full:https://registry.npmjs.org/@tailwindcss%2foxide-win32-x64-msvc cache-miss
392 http cache https://registry.npmjs.org/magic-string 99ms (cache hit)
393 silly packumentCache full:https://registry.npmjs.org/magic-string set size:352504 disposed:false
394 silly fetch manifest @tailwindcss/oxide-linux-arm64-gnu@4.3.3
395 silly packumentCache full:https://registry.npmjs.org/@tailwindcss%2foxide-linux-arm64-gnu cache-miss
396 http cache https://registry.npmjs.org/@jridgewell%2fremapping 97ms (cache hit)
397 silly packumentCache full:https://registry.npmjs.org/@jridgewell%2fremapping set size:23809 disposed:false
398 silly fetch manifest @tailwindcss/oxide-linux-arm64-musl@4.3.3
399 silly packumentCache full:https://registry.npmjs.org/@tailwindcss%2foxide-linux-arm64-musl cache-miss
400 http cache https://registry.npmjs.org/source-map-js 109ms (cache hit)
401 silly packumentCache full:https://registry.npmjs.org/source-map-js set size:62640 disposed:false
402 silly fetch manifest @tailwindcss/oxide-win32-arm64-msvc@4.3.3
403 silly packumentCache full:https://registry.npmjs.org/@tailwindcss%2foxide-win32-arm64-msvc cache-miss
404 http cache https://registry.npmjs.org/@tailwindcss%2foxide-wasm32-wasi 114ms (cache hit)
405 silly packumentCache full:https://registry.npmjs.org/@tailwindcss%2foxide-wasm32-wasi set size:1592948 disposed:false
406 silly fetch manifest @tailwindcss/oxide-linux-arm-gnueabihf@4.3.3
407 silly packumentCache full:https://registry.npmjs.org/@tailwindcss%2foxide-linux-arm-gnueabihf cache-miss
408 http cache https://registry.npmjs.org/@tailwindcss%2foxide-android-arm64 145ms (cache hit)
409 silly packumentCache full:https://registry.npmjs.org/@tailwindcss%2foxide-android-arm64 set size:2153161 disposed:false
410 silly fetch manifest nanoid@^3.3.17
411 silly packumentCache full:https://registry.npmjs.org/nanoid cache-miss
412 http cache https://registry.npmjs.org/@tailwindcss%2foxide-freebsd-x64 193ms (cache hit)
413 silly packumentCache full:https://registry.npmjs.org/@tailwindcss%2foxide-freebsd-x64 set size:2990990 disposed:false
414 silly fetch manifest picocolors@^1.1.1
415 silly packumentCache full:https://registry.npmjs.org/picocolors cache-miss
416 http cache https://registry.npmjs.org/@tailwindcss%2foxide-linux-x64-gnu 240ms (cache hit)
417 silly packumentCache full:https://registry.npmjs.org/@tailwindcss%2foxide-linux-x64-gnu set size:3037338 disposed:false
418 http cache https://registry.npmjs.org/@tailwindcss%2foxide-win32-arm64-msvc 270ms (cache hit)
419 silly packumentCache full:https://registry.npmjs.org/@tailwindcss%2foxide-win32-arm64-msvc set size:2130381 disposed:false
420 http cache https://registry.npmjs.org/nanoid 238ms (cache hit)
421 silly packumentCache full:https://registry.npmjs.org/nanoid set size:342705 disposed:false
422 http cache https://registry.npmjs.org/@tailwindcss%2foxide-win32-x64-msvc 372ms (cache hit)
423 silly packumentCache full:https://registry.npmjs.org/@tailwindcss%2foxide-win32-x64-msvc set size:3018784 disposed:false
424 http cache https://registry.npmjs.org/@tailwindcss%2foxide-linux-x64-musl 443ms (cache hit)
425 silly packumentCache full:https://registry.npmjs.org/@tailwindcss%2foxide-linux-x64-musl set size:3046621 disposed:false
426 http cache https://registry.npmjs.org/picocolors 316ms (cache hit)
427 silly packumentCache full:https://registry.npmjs.org/picocolors set size:16648 disposed:false
428 http cache https://registry.npmjs.org/@tailwindcss%2foxide-linux-arm-gnueabihf 431ms (cache hit)
429 silly packumentCache full:https://registry.npmjs.org/@tailwindcss%2foxide-linux-arm-gnueabihf set size:3090937 disposed:false
430 http fetch GET 200 https://registry.npmjs.org/@tailwindcss%2foxide-darwin-arm64 3661ms (cache miss)
431 silly packumentCache full:https://registry.npmjs.org/@tailwindcss%2foxide-darwin-arm64 set size:undefined disposed:false
432 http fetch GET 200 https://registry.npmjs.org/@tailwindcss%2foxide-linux-arm64-musl 7390ms (cache miss)
433 silly packumentCache full:https://registry.npmjs.org/@tailwindcss%2foxide-linux-arm64-musl set size:undefined disposed:false
434 http fetch GET 200 https://registry.npmjs.org/@tailwindcss%2foxide-linux-arm64-gnu 8628ms (cache miss)
435 silly packumentCache full:https://registry.npmjs.org/@tailwindcss%2foxide-linux-arm64-gnu set size:undefined disposed:false
436 http fetch GET 200 https://registry.npmjs.org/@tailwindcss%2foxide-darwin-x64 8775ms (cache miss)
437 silly packumentCache full:https://registry.npmjs.org/@tailwindcss%2foxide-darwin-x64 set size:undefined disposed:false
438 silly placeDep ROOT @jridgewell/remapping@2.3.5 OK for: @tailwindcss/node@4.3.3 want: ^2.3.5
439 silly placeDep ROOT enhanced-resolve@5.24.5 OK for: @tailwindcss/node@4.3.3 want: ^5.24.1
440 silly placeDep ROOT jiti@2.7.0 OK for: @tailwindcss/node@4.3.3 want: ^2.7.0
441 silly placeDep ROOT lightningcss@1.32.0 OK for: @tailwindcss/node@4.3.3 want: 1.32.0
442 silly placeDep ROOT magic-string@0.30.21 OK for: @tailwindcss/node@4.3.3 want: ^0.30.21
443 silly placeDep ROOT source-map-js@1.2.1 OK for: @tailwindcss/node@4.3.3 want: ^1.2.1
444 silly fetch manifest @jridgewell/gen-mapping@^0.3.5
445 silly packumentCache full:https://registry.npmjs.org/@jridgewell%2fgen-mapping cache-miss
446 silly fetch manifest @jridgewell/trace-mapping@^0.3.24
447 silly packumentCache full:https://registry.npmjs.org/@jridgewell%2ftrace-mapping cache-miss
448 silly fetch manifest tapable@^2.3.3
449 silly packumentCache full:https://registry.npmjs.org/tapable cache-miss
450 silly fetch manifest graceful-fs@^4.2.4
451 silly packumentCache full:https://registry.npmjs.org/graceful-fs cache-miss
452 silly fetch manifest detect-libc@^2.0.3
453 silly packumentCache full:https://registry.npmjs.org/detect-libc cache-miss
454 silly fetch manifest lightningcss-darwin-x64@1.32.0
455 silly packumentCache full:https://registry.npmjs.org/lightningcss-darwin-x64 cache-miss
456 silly fetch manifest lightningcss-freebsd-x64@1.32.0
457 silly packumentCache full:https://registry.npmjs.org/lightningcss-freebsd-x64 cache-miss
458 silly fetch manifest lightningcss-darwin-arm64@1.32.0
459 silly packumentCache full:https://registry.npmjs.org/lightningcss-darwin-arm64 cache-miss
460 silly fetch manifest lightningcss-android-arm64@1.32.0
461 silly packumentCache full:https://registry.npmjs.org/lightningcss-android-arm64 cache-miss
462 silly fetch manifest lightningcss-linux-x64-gnu@1.32.0
463 silly packumentCache full:https://registry.npmjs.org/lightningcss-linux-x64-gnu cache-miss
464 silly fetch manifest lightningcss-linux-x64-musl@1.32.0
465 silly packumentCache full:https://registry.npmjs.org/lightningcss-linux-x64-musl cache-miss
466 http fetch GET 200 https://registry.npmjs.org/lightningcss-freebsd-x64 237ms (cache miss)
467 silly packumentCache full:https://registry.npmjs.org/lightningcss-freebsd-x64 set size:undefined disposed:false
468 silly fetch manifest lightningcss-win32-x64-msvc@1.32.0
469 silly packumentCache full:https://registry.npmjs.org/lightningcss-win32-x64-msvc cache-miss
470 http fetch GET 200 https://registry.npmjs.org/lightningcss-android-arm64 240ms (cache miss)
471 silly packumentCache full:https://registry.npmjs.org/lightningcss-android-arm64 set size:undefined disposed:false
472 silly fetch manifest lightningcss-linux-arm64-gnu@1.32.0
473 silly packumentCache full:https://registry.npmjs.org/lightningcss-linux-arm64-gnu cache-miss
474 http fetch GET 200 https://registry.npmjs.org/detect-libc 251ms (cache miss)
475 silly packumentCache full:https://registry.npmjs.org/detect-libc set size:undefined disposed:false
476 silly fetch manifest lightningcss-linux-arm64-musl@1.32.0
477 silly packumentCache full:https://registry.npmjs.org/lightningcss-linux-arm64-musl cache-miss
478 http fetch GET 200 https://registry.npmjs.org/lightningcss-darwin-x64 314ms (cache miss)
479 silly packumentCache full:https://registry.npmjs.org/lightningcss-darwin-x64 set size:undefined disposed:false
480 silly fetch manifest lightningcss-win32-arm64-msvc@1.32.0
481 silly packumentCache full:https://registry.npmjs.org/lightningcss-win32-arm64-msvc cache-miss
482 http fetch GET 200 https://registry.npmjs.org/graceful-fs 363ms (cache miss)
483 silly packumentCache full:https://registry.npmjs.org/graceful-fs set size:undefined disposed:false
484 silly fetch manifest lightningcss-linux-arm-gnueabihf@1.32.0
485 silly packumentCache full:https://registry.npmjs.org/lightningcss-linux-arm-gnueabihf cache-miss
486 http fetch GET 200 https://registry.npmjs.org/lightningcss-darwin-arm64 366ms (cache miss)
487 silly packumentCache full:https://registry.npmjs.org/lightningcss-darwin-arm64 set size:undefined disposed:false
488 silly fetch manifest @jridgewell/sourcemap-codec@^1.5.5
489 silly packumentCache full:https://registry.npmjs.org/@jridgewell%2fsourcemap-codec cache-miss
490 http fetch GET 200 https://registry.npmjs.org/lightningcss-linux-x64-musl 375ms (cache miss)
491 silly packumentCache full:https://registry.npmjs.org/lightningcss-linux-x64-musl set size:undefined disposed:false
492 http fetch GET 200 https://registry.npmjs.org/lightningcss-linux-x64-gnu 1277ms (cache miss)
493 silly packumentCache full:https://registry.npmjs.org/lightningcss-linux-x64-gnu set size:undefined disposed:false
494 http fetch GET 200 https://registry.npmjs.org/lightningcss-win32-x64-msvc 1043ms (cache miss)
495 silly packumentCache full:https://registry.npmjs.org/lightningcss-win32-x64-msvc set size:undefined disposed:false
496 http fetch GET 200 https://registry.npmjs.org/lightningcss-linux-arm64-gnu 1049ms (cache miss)
497 silly packumentCache full:https://registry.npmjs.org/lightningcss-linux-arm64-gnu set size:undefined disposed:false
498 http fetch GET 200 https://registry.npmjs.org/lightningcss-linux-arm-gnueabihf 927ms (cache miss)
499 silly packumentCache full:https://registry.npmjs.org/lightningcss-linux-arm-gnueabihf set size:undefined disposed:false
500 http fetch GET 200 https://registry.npmjs.org/@jridgewell%2fsourcemap-codec 926ms (cache miss)
501 silly packumentCache full:https://registry.npmjs.org/@jridgewell%2fsourcemap-codec set size:undefined disposed:false
502 http fetch GET 200 https://registry.npmjs.org/lightningcss-win32-arm64-msvc 979ms (cache miss)
503 silly packumentCache full:https://registry.npmjs.org/lightningcss-win32-arm64-msvc set size:undefined disposed:false
504 http fetch GET 200 https://registry.npmjs.org/@jridgewell%2fgen-mapping 1305ms (cache miss)
505 silly packumentCache full:https://registry.npmjs.org/@jridgewell%2fgen-mapping set size:undefined disposed:false
506 http fetch GET 200 https://registry.npmjs.org/lightningcss-linux-arm64-musl 1054ms (cache miss)
507 silly packumentCache full:https://registry.npmjs.org/lightningcss-linux-arm64-musl set size:undefined disposed:false
508 http fetch GET 200 https://registry.npmjs.org/tapable 1326ms (cache miss)
509 silly packumentCache full:https://registry.npmjs.org/tapable set size:undefined disposed:false
510 http fetch GET 200 https://registry.npmjs.org/@jridgewell%2ftrace-mapping 1333ms (cache miss)
511 silly packumentCache full:https://registry.npmjs.org/@jridgewell%2ftrace-mapping set size:undefined disposed:false
512 silly placeDep ROOT @jridgewell/gen-mapping@0.3.13 OK for: @jridgewell/remapping@2.3.5 want: ^0.3.5
513 silly placeDep ROOT @jridgewell/trace-mapping@0.3.31 OK for: @jridgewell/remapping@2.3.5 want: ^0.3.24
514 silly fetch manifest @jridgewell/sourcemap-codec@^1.5.0
515 silly packumentCache full:https://registry.npmjs.org/@jridgewell%2fsourcemap-codec cache-miss
516 silly fetch manifest @jridgewell/resolve-uri@^3.1.0
517 silly packumentCache full:https://registry.npmjs.org/@jridgewell%2fresolve-uri cache-miss
518 silly fetch manifest @jridgewell/sourcemap-codec@^1.4.14
519 silly packumentCache full:https://registry.npmjs.org/@jridgewell%2fsourcemap-codec cache-miss
520 http cache https://registry.npmjs.org/@jridgewell%2fsourcemap-codec 46ms (cache hit)
521 silly packumentCache full:https://registry.npmjs.org/@jridgewell%2fsourcemap-codec set size:51856 disposed:false
522 http cache https://registry.npmjs.org/@jridgewell%2fsourcemap-codec 51ms (cache hit)
523 silly packumentCache full:https://registry.npmjs.org/@jridgewell%2fsourcemap-codec set size:51856 disposed:false
524 silly packumentCache full:https://registry.npmjs.org/@jridgewell%2fsourcemap-codec dispose
525 http fetch GET 200 https://registry.npmjs.org/@jridgewell%2fresolve-uri 188ms (cache miss)
526 silly packumentCache full:https://registry.npmjs.org/@jridgewell%2fresolve-uri set size:undefined disposed:false
527 silly placeDep ROOT @jridgewell/sourcemap-codec@1.5.5 OK for: @jridgewell/gen-mapping@0.3.13 want: ^1.5.0
528 silly placeDep ROOT @jridgewell/resolve-uri@3.1.2 OK for: @jridgewell/trace-mapping@0.3.31 want: ^3.1.0
529 silly placeDep ROOT @tailwindcss/oxide-android-arm64@4.3.3 OK for: @tailwindcss/oxide@4.3.3 want: 4.3.3
530 silly placeDep ROOT @tailwindcss/oxide-darwin-arm64@4.3.3 OK for: @tailwindcss/oxide@4.3.3 want: 4.3.3
531 silly placeDep ROOT @tailwindcss/oxide-darwin-x64@4.3.3 OK for: @tailwindcss/oxide@4.3.3 want: 4.3.3
532 silly placeDep ROOT @tailwindcss/oxide-freebsd-x64@4.3.3 OK for: @tailwindcss/oxide@4.3.3 want: 4.3.3
533 silly placeDep ROOT @tailwindcss/oxide-linux-arm-gnueabihf@4.3.3 OK for: @tailwindcss/oxide@4.3.3 want: 4.3.3
534 silly placeDep ROOT @tailwindcss/oxide-linux-arm64-gnu@4.3.3 OK for: @tailwindcss/oxide@4.3.3 want: 4.3.3
535 silly placeDep ROOT @tailwindcss/oxide-linux-arm64-musl@4.3.3 OK for: @tailwindcss/oxide@4.3.3 want: 4.3.3
536 silly placeDep ROOT @tailwindcss/oxide-linux-x64-gnu@4.3.3 OK for: @tailwindcss/oxide@4.3.3 want: 4.3.3
537 silly placeDep ROOT @tailwindcss/oxide-linux-x64-musl@4.3.3 OK for: @tailwindcss/oxide@4.3.3 want: 4.3.3
538 silly placeDep ROOT @tailwindcss/oxide-wasm32-wasi@4.3.3 OK for: @tailwindcss/oxide@4.3.3 want: 4.3.3
539 silly placeDep ROOT @tailwindcss/oxide-win32-arm64-msvc@4.3.3 OK for: @tailwindcss/oxide@4.3.3 want: 4.3.3
540 silly placeDep ROOT @tailwindcss/oxide-win32-x64-msvc@4.3.3 OK for: @tailwindcss/oxide@4.3.3 want: 4.3.3
541 silly placeDep ROOT undici-types@6.21.0 OK for: @types/node@20.19.43 want: ~6.21.0
542 silly placeDep ROOT csstype@3.2.3 OK for: @types/react@19.2.18 want: ^3.2.2
543 silly placeDep ROOT graceful-fs@4.2.11 OK for: enhanced-resolve@5.24.5 want: ^4.2.4
544 silly placeDep ROOT tapable@2.3.3 OK for: enhanced-resolve@5.24.5 want: ^2.3.3
545 silly fetch manifest eslint@^6.0.0 || ^7.0.0 || >=8.0.0
546 silly packumentCache full:https://registry.npmjs.org/eslint cache-miss
547 http fetch GET 200 https://registry.npmjs.org/eslint 185ms (cache revalidated)
548 silly packumentCache full:https://registry.npmjs.org/eslint set size:2070000 disposed:false
549 silly placeDep ROOT @eslint-community/eslint-utils@4.10.1 OK for: eslint@9.39.5 want: ^4.8.0
550 silly placeDep ROOT @eslint-community/regexpp@4.12.2 OK for: eslint@9.39.5 want: ^4.12.1
551 silly placeDep ROOT @eslint/config-array@0.21.2 OK for: eslint@9.39.5 want: ^0.21.2
552 silly placeDep ROOT @eslint/config-helpers@0.4.2 OK for: eslint@9.39.5 want: ^0.4.2
553 silly placeDep ROOT @eslint/core@0.17.0 OK for: eslint@9.39.5 want: ^0.17.0
554 silly placeDep ROOT @eslint/eslintrc@3.3.6 OK for: eslint@9.39.5 want: ^3.3.6
555 silly placeDep ROOT @eslint/js@9.39.5 OK for: eslint@9.39.5 want: 9.39.5
556 silly placeDep ROOT @eslint/plugin-kit@0.4.1 OK for: eslint@9.39.5 want: ^0.4.1
557 silly placeDep ROOT @humanfs/node@0.16.8 OK for: eslint@9.39.5 want: ^0.16.6
558 silly placeDep ROOT @humanwhocodes/module-importer@1.0.1 OK for: eslint@9.39.5 want: ^1.0.1
559 silly placeDep ROOT @humanwhocodes/retry@0.4.3 OK for: eslint@9.39.5 want: ^0.4.2
560 silly placeDep ROOT @types/estree@1.0.9 OK for: eslint@9.39.5 want: ^1.0.6
561 silly placeDep ROOT ajv@6.15.0 OK for: eslint@9.39.5 want: ^6.14.0
562 silly placeDep ROOT chalk@4.1.2 OK for: eslint@9.39.5 want: ^4.0.0
563 silly placeDep ROOT cross-spawn@7.0.6 OK for: eslint@9.39.5 want: ^7.0.6
564 silly placeDep ROOT debug@4.4.3 OK for: eslint@9.39.5 want: ^4.3.2
565 silly placeDep ROOT escape-string-regexp@4.0.0 OK for: eslint@9.39.5 want: ^4.0.0
566 silly placeDep ROOT eslint-scope@8.4.0 OK for: eslint@9.39.5 want: ^8.4.0
567 silly placeDep ROOT eslint-visitor-keys@4.2.1 OK for: eslint@9.39.5 want: ^4.2.1
568 silly placeDep ROOT espree@10.4.0 OK for: eslint@9.39.5 want: ^10.4.0
569 silly placeDep ROOT esquery@1.7.0 OK for: eslint@9.39.5 want: ^1.5.0
570 silly placeDep ROOT esutils@2.0.3 OK for: eslint@9.39.5 want: ^2.0.2
571 silly placeDep ROOT fast-deep-equal@3.1.3 OK for: eslint@9.39.5 want: ^3.1.3
572 silly placeDep ROOT file-entry-cache@8.0.0 OK for: eslint@9.39.5 want: ^8.0.0
573 silly placeDep ROOT find-up@5.0.0 OK for: eslint@9.39.5 want: ^5.0.0
574 silly placeDep ROOT glob-parent@6.0.2 OK for: eslint@9.39.5 want: ^6.0.2
575 silly placeDep ROOT ignore@5.3.2 OK for: eslint@9.39.5 want: ^5.2.0
576 silly placeDep ROOT imurmurhash@0.1.4 OK for: eslint@9.39.5 want: ^0.1.4
577 silly placeDep ROOT is-glob@4.0.3 OK for: eslint@9.39.5 want: ^4.0.0
578 silly placeDep ROOT json-stable-stringify-without-jsonify@1.0.1 OK for: eslint@9.39.5 want: ^1.0.1
579 silly placeDep ROOT lodash.merge@4.6.2 OK for: eslint@9.39.5 want: ^4.6.2
580 silly placeDep ROOT minimatch@3.1.5 OK for: eslint@9.39.5 want: ^3.1.5
581 silly placeDep ROOT natural-compare@1.4.0 OK for: eslint@9.39.5 want: ^1.4.0
582 silly placeDep ROOT optionator@0.9.4 OK for: eslint@9.39.5 want: ^0.9.3
583 silly fetch manifest eslint-visitor-keys@^3.4.3
584 silly packumentCache full:https://registry.npmjs.org/eslint-visitor-keys cache-hit
585 silly fetch manifest debug@^4.3.1
586 silly packumentCache full:https://registry.npmjs.org/debug cache-hit
587 silly fetch manifest @eslint/object-schema@^2.1.7
588 silly packumentCache full:https://registry.npmjs.org/@eslint%2fobject-schema cache-miss
589 silly fetch manifest @types/json-schema@^7.0.15
590 silly packumentCache full:https://registry.npmjs.org/@types%2fjson-schema cache-miss
591 silly fetch manifest espree@^10.0.1
592 silly packumentCache full:https://registry.npmjs.org/espree cache-hit
593 silly fetch manifest globals@^14.0.0
594 silly packumentCache full:https://registry.npmjs.org/globals cache-hit
595 silly fetch manifest import-fresh@^3.2.1
596 silly packumentCache full:https://registry.npmjs.org/import-fresh cache-miss
597 silly fetch manifest js-yaml@^4.3.0
598 silly packumentCache full:https://registry.npmjs.org/js-yaml cache-miss
599 silly fetch manifest strip-json-comments@^3.1.1
600 silly packumentCache full:https://registry.npmjs.org/strip-json-comments cache-miss
601 silly fetch manifest levn@^0.4.1
602 silly packumentCache full:https://registry.npmjs.org/levn cache-miss
603 silly fetch manifest @humanwhocodes/retry@^0.4.0
604 silly packumentCache full:https://registry.npmjs.org/@humanwhocodes%2fretry cache-hit
605 silly fetch manifest @humanfs/core@^0.19.2
606 silly packumentCache full:https://registry.npmjs.org/@humanfs%2fcore cache-miss
607 silly fetch manifest @humanfs/types@^0.15.0
608 silly packumentCache full:https://registry.npmjs.org/@humanfs%2ftypes cache-miss
609 silly fetch manifest uri-js@^4.2.2
610 silly packumentCache full:https://registry.npmjs.org/uri-js cache-miss
611 silly fetch manifest fast-deep-equal@^3.1.1
612 silly packumentCache full:https://registry.npmjs.org/fast-deep-equal cache-hit
613 silly fetch manifest json-schema-traverse@^0.4.1
614 silly packumentCache full:https://registry.npmjs.org/json-schema-traverse cache-miss
615 silly fetch manifest fast-json-stable-stringify@^2.0.0
616 silly packumentCache full:https://registry.npmjs.org/fast-json-stable-stringify cache-miss
617 http fetch GET 200 https://registry.npmjs.org/json-schema-traverse 293ms (cache miss)
618 silly packumentCache full:https://registry.npmjs.org/json-schema-traverse set size:undefined disposed:false
619 silly fetch manifest ansi-styles@^4.1.0
620 silly packumentCache full:https://registry.npmjs.org/ansi-styles cache-miss
621 http fetch GET 200 https://registry.npmjs.org/strip-json-comments 339ms (cache miss)
622 silly packumentCache full:https://registry.npmjs.org/strip-json-comments set size:undefined disposed:false
623 silly fetch manifest supports-color@^7.1.0
624 silly packumentCache full:https://registry.npmjs.org/supports-color cache-miss
625 http fetch GET 200 https://registry.npmjs.org/uri-js 344ms (cache miss)
626 silly packumentCache full:https://registry.npmjs.org/uri-js set size:undefined disposed:false
627 silly fetch manifest which@^2.0.1
628 silly packumentCache full:https://registry.npmjs.org/which cache-miss
629 http fetch GET 200 https://registry.npmjs.org/@types%2fjson-schema 386ms (cache miss)
630 silly packumentCache full:https://registry.npmjs.org/@types%2fjson-schema set size:undefined disposed:false
631 silly fetch manifest path-key@^3.1.0
632 silly packumentCache full:https://registry.npmjs.org/path-key cache-miss
633 http fetch GET 200 https://registry.npmjs.org/levn 373ms (cache miss)
634 silly packumentCache full:https://registry.npmjs.org/levn set size:undefined disposed:false
635 silly fetch manifest shebang-command@^2.0.0
636 silly packumentCache full:https://registry.npmjs.org/shebang-command cache-miss
637 http fetch GET 200 https://registry.npmjs.org/import-fresh 388ms (cache miss)
638 silly packumentCache full:https://registry.npmjs.org/import-fresh set size:undefined disposed:false
639 silly fetch manifest ms@^2.1.3
640 silly packumentCache full:https://registry.npmjs.org/ms cache-miss
641 http fetch GET 200 https://registry.npmjs.org/@humanfs%2fcore 386ms (cache miss)
642 silly packumentCache full:https://registry.npmjs.org/@humanfs%2fcore set size:undefined disposed:false
643 silly fetch manifest esrecurse@^4.3.0
644 silly packumentCache full:https://registry.npmjs.org/esrecurse cache-miss
645 http fetch GET 200 https://registry.npmjs.org/js-yaml 421ms (cache miss)
646 silly packumentCache full:https://registry.npmjs.org/js-yaml set size:undefined disposed:false
647 silly fetch manifest estraverse@^5.2.0
648 silly packumentCache full:https://registry.npmjs.org/estraverse cache-miss
649 http fetch GET 200 https://registry.npmjs.org/fast-json-stable-stringify 431ms (cache miss)
650 silly packumentCache full:https://registry.npmjs.org/fast-json-stable-stringify set size:undefined disposed:false
651 silly fetch manifest acorn@^8.15.0
652 silly packumentCache full:https://registry.npmjs.org/acorn cache-miss
653 http fetch GET 200 https://registry.npmjs.org/ansi-styles 207ms (cache miss)
654 silly packumentCache full:https://registry.npmjs.org/ansi-styles set size:undefined disposed:false
655 silly fetch manifest acorn-jsx@^5.3.2
656 silly packumentCache full:https://registry.npmjs.org/acorn-jsx cache-miss
657 http fetch GET 200 https://registry.npmjs.org/shebang-command 197ms (cache miss)
658 silly packumentCache full:https://registry.npmjs.org/shebang-command set size:undefined disposed:false
659 silly fetch manifest estraverse@^5.1.0
660 silly packumentCache full:https://registry.npmjs.org/estraverse cache-miss
661 http fetch GET 200 https://registry.npmjs.org/path-key 232ms (cache miss)
662 silly packumentCache full:https://registry.npmjs.org/path-key set size:undefined disposed:false
663 silly fetch manifest flat-cache@^4.0.0
664 silly packumentCache full:https://registry.npmjs.org/flat-cache cache-miss
665 http fetch GET 200 https://registry.npmjs.org/supports-color 268ms (cache miss)
666 silly packumentCache full:https://registry.npmjs.org/supports-color set size:undefined disposed:false
667 silly fetch manifest locate-path@^6.0.0
668 silly packumentCache full:https://registry.npmjs.org/locate-path cache-miss
669 http fetch GET 200 https://registry.npmjs.org/which 279ms (cache miss)
670 silly packumentCache full:https://registry.npmjs.org/which set size:undefined disposed:false
671 silly fetch manifest path-exists@^4.0.0
672 silly packumentCache full:https://registry.npmjs.org/path-exists cache-miss
673 http fetch GET 200 https://registry.npmjs.org/ms 288ms (cache miss)
674 silly packumentCache full:https://registry.npmjs.org/ms set size:undefined disposed:false
675 silly fetch manifest is-glob@^4.0.3
676 silly packumentCache full:https://registry.npmjs.org/is-glob cache-hit
677 silly fetch manifest is-extglob@^2.1.1
678 silly packumentCache full:https://registry.npmjs.org/is-extglob cache-miss
679 http fetch GET 200 https://registry.npmjs.org/@humanfs%2ftypes 692ms (cache miss)
680 silly packumentCache full:https://registry.npmjs.org/@humanfs%2ftypes set size:undefined disposed:false
681 silly fetch manifest brace-expansion@^1.1.7
682 silly packumentCache full:https://registry.npmjs.org/brace-expansion cache-miss
683 http fetch GET 200 https://registry.npmjs.org/acorn-jsx 213ms (cache miss)
684 silly packumentCache full:https://registry.npmjs.org/acorn-jsx set size:undefined disposed:false
685 silly fetch manifest prelude-ls@^1.2.1
686 silly packumentCache full:https://registry.npmjs.org/prelude-ls cache-miss
687 http fetch GET 200 https://registry.npmjs.org/estraverse 304ms (cache miss)
688 silly packumentCache full:https://registry.npmjs.org/estraverse set size:undefined disposed:false
689 silly fetch manifest deep-is@^0.1.3
690 silly packumentCache full:https://registry.npmjs.org/deep-is cache-miss
691 http fetch GET 200 https://registry.npmjs.org/acorn 389ms (cache miss)
692 silly packumentCache full:https://registry.npmjs.org/acorn set size:undefined disposed:false
693 silly fetch manifest word-wrap@^1.2.5
694 silly packumentCache full:https://registry.npmjs.org/word-wrap cache-miss
695 http fetch GET 200 https://registry.npmjs.org/@eslint%2fobject-schema 891ms (cache miss)
696 silly packumentCache full:https://registry.npmjs.org/@eslint%2fobject-schema set size:undefined disposed:false
697 silly fetch manifest type-check@^0.4.0
698 silly packumentCache full:https://registry.npmjs.org/type-check cache-miss
699 http fetch GET 200 https://registry.npmjs.org/locate-path 263ms (cache miss)
700 silly packumentCache full:https://registry.npmjs.org/locate-path set size:undefined disposed:false
701 silly fetch manifest fast-levenshtein@^2.0.6
702 silly packumentCache full:https://registry.npmjs.org/fast-levenshtein cache-miss
703 http fetch GET 200 https://registry.npmjs.org/estraverse 310ms (cache miss)
704 silly packumentCache full:https://registry.npmjs.org/estraverse set size:undefined disposed:false
705 http fetch GET 200 https://registry.npmjs.org/flat-cache 317ms (cache miss)
706 silly packumentCache full:https://registry.npmjs.org/flat-cache set size:undefined disposed:false
707 http fetch GET 200 https://registry.npmjs.org/path-exists 372ms (cache miss)
708 silly packumentCache full:https://registry.npmjs.org/path-exists set size:undefined disposed:false
709 http fetch GET 200 https://registry.npmjs.org/deep-is 342ms (cache miss)
710 silly packumentCache full:https://registry.npmjs.org/deep-is set size:undefined disposed:false
711 http fetch GET 200 https://registry.npmjs.org/prelude-ls 373ms (cache miss)
712 silly packumentCache full:https://registry.npmjs.org/prelude-ls set size:undefined disposed:false
713 http fetch GET 200 https://registry.npmjs.org/word-wrap 333ms (cache miss)
714 silly packumentCache full:https://registry.npmjs.org/word-wrap set size:undefined disposed:false
715 http fetch GET 200 https://registry.npmjs.org/esrecurse 813ms (cache miss)
716 silly packumentCache full:https://registry.npmjs.org/esrecurse set size:undefined disposed:false
717 http fetch GET 200 https://registry.npmjs.org/fast-levenshtein 339ms (cache miss)
718 silly packumentCache full:https://registry.npmjs.org/fast-levenshtein set size:undefined disposed:false
719 http fetch GET 200 https://registry.npmjs.org/is-extglob 677ms (cache miss)
720 silly packumentCache full:https://registry.npmjs.org/is-extglob set size:undefined disposed:false
721 http fetch GET 200 https://registry.npmjs.org/type-check 775ms (cache miss)
722 silly packumentCache full:https://registry.npmjs.org/type-check set size:undefined disposed:false
723 http fetch GET 200 https://registry.npmjs.org/brace-expansion 1223ms (cache miss)
724 silly packumentCache full:https://registry.npmjs.org/brace-expansion set size:undefined disposed:false
725 silly placeDep node_modules/@eslint-community/eslint-utils eslint-visitor-keys@3.4.3 OK for: @eslint-community/eslint-utils@4.10.1 want: ^3.4.3
726 silly placeDep ROOT @eslint/object-schema@2.1.7 OK for: @eslint/config-array@0.21.2 want: ^2.1.7
727 silly placeDep ROOT @types/json-schema@7.0.15 OK for: @eslint/core@0.17.0 want: ^7.0.15
728 silly placeDep ROOT globals@14.0.0 OK for: @eslint/eslintrc@3.3.6 want: ^14.0.0
729 silly placeDep ROOT import-fresh@3.3.1 OK for: @eslint/eslintrc@3.3.6 want: ^3.2.1
730 silly placeDep ROOT js-yaml@4.3.1 OK for: @eslint/eslintrc@3.3.6 want: ^4.3.0
731 silly placeDep ROOT strip-json-comments@3.1.1 OK for: @eslint/eslintrc@3.3.6 want: ^3.1.1
732 silly fetch manifest resolve-from@^4.0.0
733 silly packumentCache full:https://registry.npmjs.org/resolve-from cache-miss
734 silly fetch manifest parent-module@^1.0.0
735 silly packumentCache full:https://registry.npmjs.org/parent-module cache-miss
736 silly fetch manifest argparse@^2.0.1
737 silly packumentCache full:https://registry.npmjs.org/argparse cache-miss
738 http fetch GET 200 https://registry.npmjs.org/resolve-from 244ms (cache miss)
739 silly packumentCache full:https://registry.npmjs.org/resolve-from set size:undefined disposed:false
740 http fetch GET 200 https://registry.npmjs.org/parent-module 274ms (cache miss)
741 silly packumentCache full:https://registry.npmjs.org/parent-module set size:undefined disposed:false
742 http fetch GET 200 https://registry.npmjs.org/argparse 276ms (cache miss)
743 silly packumentCache full:https://registry.npmjs.org/argparse set size:undefined disposed:false
744 silly placeDep ROOT levn@0.4.1 OK for: @eslint/plugin-kit@0.4.1 want: ^0.4.1
745 silly fetch manifest type-check@~0.4.0
746 silly packumentCache full:https://registry.npmjs.org/type-check cache-miss
747 http cache https://registry.npmjs.org/type-check 49ms (cache hit)
748 silly packumentCache full:https://registry.npmjs.org/type-check set size:21221 disposed:false
749 silly placeDep ROOT @humanfs/core@0.19.2 OK for: @humanfs/node@0.16.8 want: ^0.19.2
750 silly placeDep ROOT @humanfs/types@0.15.0 OK for: @humanfs/node@0.16.8 want: ^0.15.0
751 silly placeDep ROOT fast-json-stable-stringify@2.1.0 OK for: ajv@6.15.0 want: ^2.0.0
752 silly placeDep ROOT json-schema-traverse@0.4.1 OK for: ajv@6.15.0 want: ^0.4.1
753 silly placeDep ROOT uri-js@4.4.1 OK for: ajv@6.15.0 want: ^4.2.2
754 silly fetch manifest punycode@^2.1.0
755 silly packumentCache full:https://registry.npmjs.org/punycode cache-miss
756 http fetch GET 200 https://registry.npmjs.org/punycode 226ms (cache miss)
757 silly packumentCache full:https://registry.npmjs.org/punycode set size:undefined disposed:false
758 silly placeDep ROOT ansi-styles@4.3.0 OK for: chalk@4.1.2 want: ^4.1.0
759 silly placeDep ROOT supports-color@7.2.0 OK for: chalk@4.1.2 want: ^7.1.0
760 silly fetch manifest color-convert@^2.0.1
761 silly packumentCache full:https://registry.npmjs.org/color-convert cache-miss
762 silly fetch manifest has-flag@^4.0.0
763 silly packumentCache full:https://registry.npmjs.org/has-flag cache-miss
764 http fetch GET 200 https://registry.npmjs.org/has-flag 155ms (cache miss)
765 silly packumentCache full:https://registry.npmjs.org/has-flag set size:undefined disposed:false
766 http fetch GET 200 https://registry.npmjs.org/color-convert 283ms (cache miss)
767 silly packumentCache full:https://registry.npmjs.org/color-convert set size:undefined disposed:false
768 silly placeDep ROOT color-convert@2.0.1 OK for: ansi-styles@4.3.0 want: ^2.0.1
769 silly fetch manifest color-name@~1.1.4
770 silly packumentCache full:https://registry.npmjs.org/color-name cache-miss
771 http fetch GET 200 https://registry.npmjs.org/color-name 238ms (cache miss)
772 silly packumentCache full:https://registry.npmjs.org/color-name set size:undefined disposed:false
773 silly placeDep ROOT color-name@1.1.4 OK for: color-convert@2.0.1 want: ~1.1.4
774 silly placeDep ROOT path-key@3.1.1 OK for: cross-spawn@7.0.6 want: ^3.1.0
775 silly placeDep ROOT shebang-command@2.0.0 OK for: cross-spawn@7.0.6 want: ^2.0.0
776 silly placeDep ROOT which@2.0.2 OK for: cross-spawn@7.0.6 want: ^2.0.1
777 silly fetch manifest shebang-regex@^3.0.0
778 silly packumentCache full:https://registry.npmjs.org/shebang-regex cache-miss
779 silly fetch manifest isexe@^2.0.0
780 silly packumentCache full:https://registry.npmjs.org/isexe cache-miss
781 http fetch GET 200 https://registry.npmjs.org/shebang-regex 220ms (cache miss)
782 silly packumentCache full:https://registry.npmjs.org/shebang-regex set size:undefined disposed:false
783 http fetch GET 200 https://registry.npmjs.org/isexe 226ms (cache miss)
784 silly packumentCache full:https://registry.npmjs.org/isexe set size:undefined disposed:false
785 silly placeDep ROOT ms@2.1.3 OK for: debug@4.4.3 want: ^2.1.3
786 silly fetch manifest eslint@>=9.0.0
787 silly packumentCache full:https://registry.npmjs.org/eslint cache-miss
788 http cache https://registry.npmjs.org/eslint 35ms (cache hit)
789 silly packumentCache full:https://registry.npmjs.org/eslint set size:2070000 disposed:false
790 silly fetch manifest typescript@>=3.3.1
791 silly packumentCache full:https://registry.npmjs.org/typescript cache-miss
792 http fetch GET 200 https://registry.npmjs.org/typescript 364ms (cache revalidated)
793 silly packumentCache full:https://registry.npmjs.org/typescript set size:15597675 disposed:false
794 silly fetch manifest typescript@>=4.8.4 <6.1.0
795 silly packumentCache full:https://registry.npmjs.org/typescript cache-miss
796 http cache https://registry.npmjs.org/typescript 152ms (cache hit)
797 silly packumentCache full:https://registry.npmjs.org/typescript set size:15597675 disposed:false
798 silly fetch manifest eslint@^3 || ^4 || ^5 || ^6 || ^7 || ^8 || ^9.7
799 silly packumentCache full:https://registry.npmjs.org/eslint cache-miss
800 http cache https://registry.npmjs.org/eslint 37ms (cache hit)
801 silly packumentCache full:https://registry.npmjs.org/eslint set size:2070000 disposed:false
802 silly fetch manifest eslint@^2 || ^3 || ^4 || ^5 || ^6 || ^7.2.0 || ^8 || ^9
803 silly packumentCache full:https://registry.npmjs.org/eslint cache-miss
804 http cache https://registry.npmjs.org/eslint 33ms (cache hit)
805 silly packumentCache full:https://registry.npmjs.org/eslint set size:2070000 disposed:false
806 silly fetch manifest eslint@^3 || ^4 || ^5 || ^6 || ^7 || ^8 || ^9
807 silly packumentCache full:https://registry.npmjs.org/eslint cache-miss
808 http cache https://registry.npmjs.org/eslint 46ms (cache hit)
809 silly packumentCache full:https://registry.npmjs.org/eslint set size:2070000 disposed:false
810 silly fetch manifest eslint-plugin-import-x@*
811 silly packumentCache full:https://registry.npmjs.org/eslint-plugin-import-x cache-miss
812 http fetch GET 200 https://registry.npmjs.org/eslint-plugin-import-x 3727ms (cache miss)
813 silly packumentCache full:https://registry.npmjs.org/eslint-plugin-import-x set size:undefined disposed:false
814 silly fetch manifest @typescript-eslint/utils@^8.56.0
815 silly packumentCache full:https://registry.npmjs.org/@typescript-eslint%2futils cache-miss
